###############################################################################
#                                                                             #
# IAR ELF Linker V6.30.6.53336/W32 for ARM              29/Jul/2013  15:05:07 #
# Copyright 2007-2012 IAR Systems AB.                                         #
#                                                                             #
#    Output file  =  router-node.mist-spirit1                                 #
#    Map file     =  contiki-mist-spirit1.map                                 #
#    Command line =  --config "C:/Programmi/IAR Systems/Embedded Workbench    #
#                    6.0/arm/config/linker/ST/stm32l152xB.icf" --entry        #
#                    __iar_program_start --redirect _Printf=_PrintfLarge      #
#                    --redirect _Scanf=_ScanfLarge --semihosting              #
#                    --no_exceptions --no_remove --cpu=Cortex-M3 --log        #
#                    libraries,initialization,modules,redirects,sections,     #
#                    veneers,unused_fragments --log_file                      #
#                    contiki-mist-spirit1.log --map contiki-mist-spirit1.map  #
#                    --vfe -o router-node.mist-spirit1 router-node.co         #
#                    obj_mist-spirit1/contiki-spirit1-main.o                  #
#                    obj_mist-spirit1/startup_stm32l1xx_md.o                  #
#                    contiki-mist-spirit1.a                                   #
#                                                                             #
#                                                                             #
###############################################################################

*******************************************************************************
*** MESSAGES
***

Error[Li005]: no definition for "slip_send" [referenced from
          ip64-slip-interface.o(contiki-mist-spirit1.a)]
Error[Li005]: no definition for "slip_set_input_callback" [referenced from
          ip64-slip-interface.o(contiki-mist-spirit1.a)]
Error[Li005]: no definition for "slip_process" [referenced from
          ip64-slip-interface.o(contiki-mist-spirit1.a)]


*******************************************************************************
*** RUNTIME MODEL ATTRIBUTES
***

CppFlavor       = *
__SystemLibrary = DLib


*******************************************************************************
*** PLACEMENT SUMMARY
***

"A1":  place at 0x08000000 { ro section .intvec };
"P1":  place in [from 0x08000000 to 0x0801ffff] { ro };
"P2":  place in [from 0x20000000 to 0x20003fff] { rw, block CSTACK, block HEAP };

  Section                Kind        Address     Size  Object
  -------                ----        -------     ----  ------
"A1":                                            0xf4
  .intvec                ro code  0x08000000     0xf4  startup_stm32l1xx_md.o [2]
                                - 0x080000f4     0xf4

"P1":                                         0x17c40
  .text                  ro code  0x080000f4   0x286c  SPIRIT_Radio.o [4]
  .text                  ro code  0x08002960    0x328  SPIRIT_General.o [4]
  .text                  ro code  0x08002c88    0x5e0  SDK_EVAL_Spirit_Spi_Driver.o [4]
  .text                  ro code  0x08003268     0x32  I32ToFlt.o [6]
  .text                  ro code  0x0800329a     0x22  zero_init3.o [7]
  .text                  ro code  0x080032bc     0xd8  FltMul.o [6]
  .text                  ro code  0x08003394     0x4e  FltToDbl.o [6]
  .text                  ro code  0x080033e2      0x6  ip64-null-driver.o [4]
  .text                  ro code  0x080033e8    0x246  DblDiv.o [6]
  .rodata                const    0x0800362e      0x2  simple-rpl.o [4]
  .text                  ro code  0x08003630     0x58  DblToI32.o [6]
  .text                  ro code  0x08003688     0xae  rtimer-arch.o [4]
  .rodata                const    0x08003736      0x2  SPIRIT_Radio.o [4]
  .text                  ro code  0x08003738     0xa4  spirit1-arch.o [4]
  .text                  ro code  0x080037dc     0xfc  FltDiv.o [6]
  .text                  ro code  0x080038d8     0x44  FltToS32.o [6]
  .text                  ro code  0x0800391c     0x40  lroundf.o [6]
  .text                  ro code  0x0800395c     0x84  FltAdd.o [6]
  .text                  ro code  0x080039e0     0x24  FltToU32.o [6]
  .text                  ro code  0x08003a04    0xc14  SPIRIT_Management.o [4]
  .text                  ro code  0x08004618     0x30  I32ToDbl.o [6]
  .text                  ro code  0x08004648    0x1a2  DblMul.o [6]
  .text                  ro code  0x080047ec     0xe8  DblAdd.o [6]
  .text                  ro code  0x080048d4     0x90  DblToFlt.o [6]
  .text                  ro code  0x08004968    0x860  pow.o [6]
  .text                  ro code  0x080051c8    0x346  SPIRIT_Calibration.o [4]
  .text                  ro code  0x08005510     0xe6  FltSub.o [6]
  .text                  ro code  0x080055f8     0x24  FltCmpGe.o [6]
  .text                  ro code  0x0800561c    0x180  DblSub.o [6]
  .text                  ro code  0x0800579c     0x2e  DblCmpGe.o [6]
  .text                  ro code  0x080057ca      0x8  log2.o [6]
  .text                  ro code  0x080057d4    0x3b0  stm32l1xx_rcc.o [4]
  .text                  ro code  0x08005b84    0x1ae  stm32l1xx_gpio.o [4]
  .text                  ro code  0x08005d34    0x1c0  stm32l1xx_spi.o [4]
  .text                  ro code  0x08005ef4    0x816  stm32l1xx_tim.o [4]
  .text                  ro code  0x0800670c     0xc4  misc.o [4]
  .text                  ro code  0x080067d0     0xdc  stm32l1xx_exti.o [4]
  .text                  ro code  0x080068ac    0x970  spirit1.o [4]
  .text                  ro code  0x0800721c     0x38  roundf.o [6]
  .text                  ro code  0x08007254     0x24  FltCmpLe.o [6]
  .text                  ro code  0x08007278      0xc  errno.o [5]
  .text                  ro code  0x08007284    0x31c  SPIRIT_Gpio.o [4]
  .text                  ro code  0x080075a0    0x194  SDK_EVAL_Spirit_Gpio.o [4]
  .text                  ro code  0x08007734    0x636  SDK_EVAL_PM.o [4]
  .text                  ro code  0x08007d6c     0x24  SPIRIT_Types.o [4]
  .text                  ro code  0x08007d90     0x1c  SPIRIT_Commands.o [4]
  .text                  ro code  0x08007dac     0x44  xdnorm.o [6]
  .text                  ro code  0x08007df0     0x80  xdint.o [6]
  .text                  ro code  0x08007e70     0x20  DblCmpEq.o [6]
  .text                  ro code  0x08007e90     0x2e  DblCmpLe.o [6]
  .text                  ro code  0x08007ec0    0x364  xlog.o [6]
  .text                  ro code  0x08008224    0x2f4  xexp.o [6]
  .text                  ro code  0x08008518     0x24  printf.o [5]
  .text                  ro code  0x0800853c    0x1dc  SPIRIT_Irq.o [4]
  .text                  ro code  0x08008718     0xbc  SDK_EVAL_Led.o [4]
  .text                  ro code  0x080087d4     0x76  ABImemcpy.o [7]
  .text                  ro code  0x0800884c    0x508  SPIRIT_PktBasic.o [4]
  .text                  ro code  0x08008d54    0x46c  SPIRIT_Qi.o [4]
  .text                  ro code  0x080091c0    0x5b8  SPIRIT_Timer.o [4]
  .text                  ro code  0x08009778    0x254  process.o [4]
  .text                  ro code  0x080099cc    0x2f0  frame802154.o [4]
  .text                  ro code  0x08009cbc      0xc  contiki-spirit1-main.o [2]
  .text                  ro code  0x08009cc8    0x23c  packetbuf.o [4]
  .text                  ro code  0x08009f04     0x3c  rimeaddr.o [4]
  .text                  ro code  0x08009f40    0x1f8  SPIRIT_LinearFifo.o [4]
  .text                  ro code  0x0800a138    0xbc0  SPIRIT_PktCommon.o [4]
  .text                  ro code  0x0800acf8     0x50  xfdint.o [6]
  .text                  ro code  0x0800ad48      0x2  xtls.o [5]
  .text                  ro code  0x0800ad4c    0x1ac  stm32l1xx_syscfg.o [4]
  .text                  ro code  0x0800aef8    0x386  stm32l1xx_i2c.o [4]
  .text                  ro code  0x0800b280    0x3ca  stm32l1xx_adc.o [4]
  .text                  ro code  0x0800b64c    0x11a  xdscale.o [6]
  .text                  ro code  0x0800b768    0xb72  xprintflarge.o [5]
  .text                  ro code  0x0800c2da     0x14  contiki-spirit1-main.o [2]
  .text                  ro code  0x0800c2f0     0x16  strchr.o [7]
  .text                  ro code  0x0800c308     0x36  strlen.o [7]
  .text                  ro code  0x0800c340     0x58  memchr.o [7]
  .text                  ro code  0x0800c398    0x132  I64DivMod.o [7]
  .text                  ro code  0x0800c4ca      0xe  div.o [5]
  .text                  ro code  0x0800c4d8     0x66  ABImemset.o [7]
  .text                  ro code  0x0800c540      0x2  I64DivZer.o [7]
  .text                  ro code  0x0800c544   0x1220  uip6.o [4]
  .text                  ro code  0x0800d764    0x878  uip-ds6.o [4]
  .text                  ro code  0x0800dfdc      0xc  uip-icmp6.o [4]
  .text                  ro code  0x0800dfe8    0x2c4  rpl-ext-header.o [4]
  .text                  ro code  0x0800e2ac    0x2e8  uip-icmp6.o [4]
  .text                  ro code  0x0800e594    0x500  tcpip.o [4]
  .text                  ro code  0x0800ea94    0x5a0  uip-nd6.o [4]
  .text                  ro code  0x0800f034    0x7f0  rpl-icmp6.o [4]
  .text                  ro code  0x0800f824     0x62  memcmp.o [7]
  .text                  ro code  0x0800f888    0x320  uip-ds6-route.o [4]
  .text                  ro code  0x0800fba8    0x200  etimer.o [4]
  .text                  ro code  0x0800fda8     0x5e  stimer.o [4]
  .text                  ro code  0x0800fe08    0x1fc  rpl.o [4]
  .text                  ro code  0x08010004     0x96  clock.o [4]
  .text                  ro code  0x0801009a      0xe  random.o [4]
  .text                  ro code  0x080100a8     0x78  ABImemmove.o [7]
  .text                  ro code  0x08010120    0xda8  rpl-dag.o [4]
  .text                  ro code  0x08010ec8    0x1d0  rpl-timers.o [4]
  .text                  ro code  0x08011098     0xe8  list.o [4]
  .text                  ro code  0x08011180     0x92  memb.o [4]
  .text                  ro code  0x08011212     0x4c  timer.o [4]
  .text                  ro code  0x08011260    0x128  neighbor-info.o [4]
  .text                  ro code  0x08011388      0xa  energest.o [4]
  .text                  ro code  0x08011394     0x78  stm32l1xx_systick.o [4]
  .text                  ro code  0x0801140c     0x20  srand.o [5]
  .text                  ro code  0x0801142c     0xc4  rand.o [5]
  .text                  ro code  0x080114f0    0x1b8  ctimer.o [4]
  .text                  ro code  0x080116a8    0x23c  neighbor-attr.o [4]
  .text                  ro code  0x080118e4    0xe2c  sicslowpan.o [4]
  .text                  ro code  0x08012710      0xa  watchdog.o [4]
  .text                  ro code  0x0801271c    0x1b6  queuebuf.o [4]
  .text                  ro code  0x080128d4    0xb20  aes.o [4]
  .text                  ro code  0x080133f4    0x892  usb_core.o [4]
  .text                  ro code  0x08013c88    0x6e2  usb_regs.o [4]
  .text                  ro code  0x0801436a     0x4a  usb_mem.o [4]
  .text                  ro code  0x080143b4    0x6c8  aes-ccm.o [4]
  .text                  ro code  0x08014a7c    0x620  ip64.o [4]
  .text                  ro code  0x0801509c     0x9c  ip64-addr.o [4]
  .text                  ro code  0x08015138     0x8c  uip-debug.o [4]
  .text                  ro code  0x080151c4     0x10  ip64-special-ports.o [4]
  .text                  ro code  0x080151d4    0x1d4  ip64-addrmap.o [4]
  .text                  ro code  0x080153a8    0x4d4  contiki-spirit1-main.o [2]
  .text                  ro code  0x0801587c     0x64  stm32l1xx_dbgmcu.o [4]
  .text                  ro code  0x080158e0    0x2e4  SDK_EVAL_VC_General.o [4]
  .text                  ro code  0x08015bc4     0x5c  rtimer.o [4]
  .text                  ro code  0x08015c20     0x78  leds.o [4]
  .text                  ro code  0x08015c98     0x32  node-id.o [4]
  .text                  ro code  0x08015ccc     0x34  netstack.o [4]
  .text                  ro code  0x08015d00    0x360  netstack-aes.o [4]
  .text                  ro code  0x08016060     0x32  autostart.o [4]
  .text                  ro code  0x08016092     0x28  putchar.o [5]
  .text                  ro code  0x080160bc     0x20  usb_init.o [4]
  .text                  ro code  0x080160dc     0x8e  leds-arch.o [4]
  .text                  ro code  0x0801616c    0x33c  csma.o [4]
  .text                  ro code  0x080164a8     0x12  mac.o [4]
  .text                  ro code  0x080164bc    0x2e8  simple-rpl.o [4]
  .text                  ro code  0x080167a4    0x222  nullrdc.o [4]
  .text                  ro code  0x080169c8    0x218  SDK_EVAL_VC_Prop.o [4]
  .text                  ro code  0x08016be0    0x100  SDK_EVAL_VC_Pwr.o [4]
  .text                  ro code  0x08016ce0     0x6a  usb_sil.o [4]
  .text                  ro code  0x08016d4c    0x214  usb_int.o [4]
  .text                  ro code  0x08016f60    0x1bc  system_stm32l1xx.o [4]
  .text                  ro code  0x0801711c    0x1b2  framer-802154.o [4]
  .text                  ro code  0x080172ce    0x11a  rpl-of-etx.o [4]
  .text                  ro code  0x080173e8    0x110  ip64-slip-interface.o [4]
  .rodata                const    0x080174f8     0xf4  SDK_EVAL_VC_Desc.o [4]
  .text                  ro code  0x080175ec     0xbc  SDK_EVAL_VC_Endp.o [4]
  .text                  ro code  0x080176a8     0xa0  packbits_init3.o [7]
  .text                  ro code  0x08017748     0x60  SDK_EVAL_VC_Istr.o [4]
  .rodata                const    0x080177a8     0x40  spirit1.o [4]
  .text                  ro code  0x080177e8     0x30  router-node.co [1]
  .text                  ro code  0x08017818     0x2c  data_init3.o [7]
  .rodata                const    0x08017844     0x28  nullrdc.o [4]
  .rodata                const    0x0801786c     0x24  csma.o [4]
  .iar.init_table        const    0x08017890     0x2c  - Linker created -
  .text                  ro code  0x080178bc     0x1a  stm32l1xx_it.o [4]
  .rodata                const    0x080178d8     0x18  sicslowpan.o [4]
  .text                  ro code  0x080178f0     0x16  cmain.o [7]
  .text                  ro code  0x08017906      0x4  low_level_init.o [5]
  .text                  ro code  0x0801790a      0x4  exit.o [5]
  .text                  ro code  0x08017910     0x16  cexit.o [7]
  .text                  ro code  0x08017928     0x14  exit.o [8]
  .text                  ro code  0x0801793c     0x16  xprout.o [5]
  .rodata                const    0x08017954     0x14  router-node.co [1]
  .rodata                const    0x08017968     0x14  errno.o [5]
  .rodata                const    0x0801797c     0x10  ctimer.o [4]
  .rodata                const    0x0801798c     0x10  tcpip.o [4]
  .text                  ro code  0x0801799c     0x10  startup_stm32l1xx_md.o [2]
  .rodata                const    0x080179ac      0xc  contiki-spirit1-main.o [2]
  .rodata                const    0x080179b8      0xc  etimer.o [4]
  .rodata                const    0x080179c4      0xc  uip-debug.o [4]
  .text                  ro code  0x080179d0      0xc  cstartup_M.o [7]
  .rodata                const    0x080179dc      0x8  ip64.o [4]
  .rodata                const    0x080179e4      0x8  rimeaddr.o [4]
  .rodata                const    0x080179ec      0x8  ip64-null-driver.o [4]
  .rodata                const    0x080179f4      0x8  ip64-slip-interface.o [4]
  .rodata                const    0x080179fc      0x8  framer-802154.o [4]
  .rodata                const    0x08017a04      0x4  SPIRIT_Irq.o [4]
  .text                  ro code  0x08017a08      0x4  startup_stm32l1xx_md.o [2]
  .text                  ro code  0x08017a0c      0x4  startup_stm32l1xx_md.o [2]
  .text                  ro code  0x08017a10      0x4  startup_stm32l1xx_md.o [2]
  .text                  ro code  0x08017a14      0x4  startup_stm32l1xx_md.o [2]
  .text                  ro code  0x08017a18      0x4  startup_stm32l1xx_md.o [2]
  .text                  ro code  0x08017a1c      0x4  startup_stm32l1xx_md.o [2]
  .text                  ro code  0x08017a20      0x4  startup_stm32l1xx_md.o [2]
  .text                  ro code  0x08017a24      0x4  startup_stm32l1xx_md.o [2]
  .text                  ro code  0x08017a28      0x4  startup_stm32l1xx_md.o [2]
  .text                  ro code  0x08017a2c      0x4  startup_stm32l1xx_md.o [2]
  .text                  ro code  0x08017a30      0x4  startup_stm32l1xx_md.o [2]
  .text                  ro code  0x08017a34      0x4  startup_stm32l1xx_md.o [2]
  .text                  ro code  0x08017a38      0x4  startup_stm32l1xx_md.o [2]
  .text                  ro code  0x08017a3c      0x4  startup_stm32l1xx_md.o [2]
  .text                  ro code  0x08017a40      0x4  startup_stm32l1xx_md.o [2]
  .text                  ro code  0x08017a44      0x4  startup_stm32l1xx_md.o [2]
  .text                  ro code  0x08017a48      0x4  startup_stm32l1xx_md.o [2]
  .text                  ro code  0x08017a4c      0x4  startup_stm32l1xx_md.o [2]
  .text                  ro code  0x08017a50      0x4  startup_stm32l1xx_md.o [2]
  .text                  ro code  0x08017a54      0x4  startup_stm32l1xx_md.o [2]
  .text                  ro code  0x08017a58      0x4  startup_stm32l1xx_md.o [2]
  .text                  ro code  0x08017a5c      0x4  startup_stm32l1xx_md.o [2]
  .text                  ro code  0x08017a60      0x4  startup_stm32l1xx_md.o [2]
  .text                  ro code  0x08017a64      0x4  startup_stm32l1xx_md.o [2]
  .text                  ro code  0x08017a68      0x4  startup_stm32l1xx_md.o [2]
  .text                  ro code  0x08017a6c      0x4  startup_stm32l1xx_md.o [2]
  .text                  ro code  0x08017a70      0x4  startup_stm32l1xx_md.o [2]
  .text                  ro code  0x08017a74      0x4  startup_stm32l1xx_md.o [2]
  .text                  ro code  0x08017a78      0x4  startup_stm32l1xx_md.o [2]
  .text                  ro code  0x08017a7c      0x4  startup_stm32l1xx_md.o [2]
  .text                  ro code  0x08017a80      0x4  startup_stm32l1xx_md.o [2]
  .text                  ro code  0x08017a84      0x4  startup_stm32l1xx_md.o [2]
  .text                  ro code  0x08017a88      0x4  startup_stm32l1xx_md.o [2]
  .text                  ro code  0x08017a8c      0x4  startup_stm32l1xx_md.o [2]
  .text                  ro code  0x08017a90      0x4  startup_stm32l1xx_md.o [2]
  .text                  ro code  0x08017a94      0x4  startup_stm32l1xx_md.o [2]
  .text                  ro code  0x08017a98      0x4  startup_stm32l1xx_md.o [2]
  .text                  ro code  0x08017a9c      0x4  startup_stm32l1xx_md.o [2]
  .text                  ro code  0x08017aa0      0x4  startup_stm32l1xx_md.o [2]
  .text                  ro code  0x08017aa4      0x4  startup_stm32l1xx_md.o [2]
  .text                  ro code  0x08017aa8      0x4  startup_stm32l1xx_md.o [2]
  .text                  ro code  0x08017aac      0x4  startup_stm32l1xx_md.o [2]
  SHT$$PREINIT_ARRAY     const    0x08017ab0      0x0  cmain.o [7]
  SHT$$INIT_ARRAY        const    0x08017ab0      0x0  cmain.o [7]
  __DLIB_PERTHREAD       const    0x08017ab0      0x0  router-node.co [1]
  __DLIB_PERTHREAD       const    0x08017ab0      0x0  contiki-spirit1-main.o [2]
  __DLIB_PERTHREAD       const    0x08017ab0      0x0  ip64.o [4]
  __DLIB_PERTHREAD       const    0x08017ab0      0x0  simple-rpl.o [4]
  __DLIB_PERTHREAD       const    0x08017ab0      0x0  stm32l1xx_dbgmcu.o [4]
  __DLIB_PERTHREAD       const    0x08017ab0      0x0  stm32l1xx_gpio.o [4]
  __DLIB_PERTHREAD       const    0x08017ab0      0x0  misc.o [4]
  __DLIB_PERTHREAD       const    0x08017ab0      0x0  stm32l1xx_rcc.o [4]
  __DLIB_PERTHREAD       const    0x08017ab0      0x0  SDK_EVAL_Led.o [4]
  __DLIB_PERTHREAD       const    0x08017ab0      0x0  SDK_EVAL_PM.o [4]
  __DLIB_PERTHREAD       const    0x08017ab0      0x0  SDK_EVAL_VC_General.o [4]
  __DLIB_PERTHREAD       const    0x08017ab0      0x0  autostart.o [4]
  __DLIB_PERTHREAD       const    0x08017ab0      0x0  SDK_EVAL_VC_Pwr.o [4]
  __DLIB_PERTHREAD       const    0x08017ab0      0x0  clock.o [4]
  __DLIB_PERTHREAD       const    0x08017ab0      0x0  ctimer.o [4]
  __DLIB_PERTHREAD       const    0x08017ab0      0x0  energest.o [4]
  __DLIB_PERTHREAD       const    0x08017ab0      0x0  etimer.o [4]
  __DLIB_PERTHREAD       const    0x08017ab0      0x0  leds.o [4]
  __DLIB_PERTHREAD       const    0x08017ab0      0x0  netstack-aes.o [4]
  __DLIB_PERTHREAD       const    0x08017ab0      0x0  netstack.o [4]
  __DLIB_PERTHREAD       const    0x08017ab0      0x0  node-id.o [4]
  __DLIB_PERTHREAD       const    0x08017ab0      0x0  nullrdc.o [4]
  __DLIB_PERTHREAD       const    0x08017ab0      0x0  process.o [4]
  __DLIB_PERTHREAD       const    0x08017ab0      0x0  queuebuf.o [4]
  __DLIB_PERTHREAD       const    0x08017ab0      0x0  random.o [4]
  __DLIB_PERTHREAD       const    0x08017ab0      0x0  rimeaddr.o [4]
  __DLIB_PERTHREAD       const    0x08017ab0      0x0  rtimer.o [4]
  __DLIB_PERTHREAD       const    0x08017ab0      0x0  spirit1.o [4]
  __DLIB_PERTHREAD       const    0x08017ab0      0x0  tcpip.o [4]
  __DLIB_PERTHREAD       const    0x08017ab0      0x0  uip-ds6.o [4]
  __DLIB_PERTHREAD       const    0x08017ab0      0x0  uip6.o [4]
  __DLIB_PERTHREAD       const    0x08017ab0      0x0  watchdog.o [4]
  __DLIB_PERTHREAD       const    0x08017ab0      0x0  system_stm32l1xx.o [4]
  __DLIB_PERTHREAD       const    0x08017ab0      0x0  stm32l1xx_it.o [4]
  __DLIB_PERTHREAD       const    0x08017ab0      0x0  ip64-addr.o [4]
  __DLIB_PERTHREAD       const    0x08017ab0      0x0  ip64-addrmap.o [4]
  __DLIB_PERTHREAD       const    0x08017ab0      0x0  ip64-null-driver.o [4]
  __DLIB_PERTHREAD       const    0x08017ab0      0x0  ip64-slip-interface.o [4]
  __DLIB_PERTHREAD       const    0x08017ab0      0x0  ip64-special-ports.o [4]
  __DLIB_PERTHREAD       const    0x08017ab0      0x0  uip-debug.o [4]
  __DLIB_PERTHREAD       const    0x08017ab0      0x0  rpl-dag.o [4]
  __DLIB_PERTHREAD       const    0x08017ab0      0x0  rpl.o [4]
  __DLIB_PERTHREAD       const    0x08017ab0      0x0  uip-ds6-route.o [4]
  __DLIB_PERTHREAD       const    0x08017ab0      0x0  stm32l1xx_adc.o [4]
  __DLIB_PERTHREAD       const    0x08017ab0      0x0  stm32l1xx_i2c.o [4]
  __DLIB_PERTHREAD       const    0x08017ab0      0x0  usb_init.o [4]
  __DLIB_PERTHREAD       const    0x08017ab0      0x0  stm32l1xx_syscfg.o [4]
  __DLIB_PERTHREAD       const    0x08017ab0      0x0  usb_regs.o [4]
  __DLIB_PERTHREAD       const    0x08017ab0      0x0  usb_mem.o [4]
  __DLIB_PERTHREAD       const    0x08017ab0      0x0  SDK_EVAL_VC_Desc.o [4]
  __DLIB_PERTHREAD       const    0x08017ab0      0x0  stm32l1xx_systick.o [4]
  __DLIB_PERTHREAD       const    0x08017ab0      0x0  timer.o [4]
  __DLIB_PERTHREAD       const    0x08017ab0      0x0  leds-arch.o [4]
  __DLIB_PERTHREAD       const    0x08017ab0      0x0  aes-ccm.o [4]
  __DLIB_PERTHREAD       const    0x08017ab0      0x0  packetbuf.o [4]
  __DLIB_PERTHREAD       const    0x08017ab0      0x0  csma.o [4]
  __DLIB_PERTHREAD       const    0x08017ab0      0x0  sicslowpan.o [4]
  __DLIB_PERTHREAD       const    0x08017ab0      0x0  framer-802154.o [4]
  __DLIB_PERTHREAD       const    0x08017ab0      0x0  mac.o [4]
  __DLIB_PERTHREAD       const    0x08017ab0      0x0  rtimer-arch.o [4]
  __DLIB_PERTHREAD       const    0x08017ab0      0x0  memb.o [4]
  __DLIB_PERTHREAD       const    0x08017ab0      0x0  SDK_EVAL_Spirit_Gpio.o [4]
  __DLIB_PERTHREAD       const    0x08017ab0      0x0  SPIRIT_Commands.o [4]
  __DLIB_PERTHREAD       const    0x08017ab0      0x0  SPIRIT_General.o [4]
  __DLIB_PERTHREAD       const    0x08017ab0      0x0  SPIRIT_Gpio.o [4]
  __DLIB_PERTHREAD       const    0x08017ab0      0x0  SPIRIT_Irq.o [4]
  __DLIB_PERTHREAD       const    0x08017ab0      0x0  SPIRIT_LinearFifo.o [4]
  __DLIB_PERTHREAD       const    0x08017ab0      0x0  SPIRIT_Management.o [4]
  __DLIB_PERTHREAD       const    0x08017ab0      0x0  SPIRIT_PktBasic.o [4]
  __DLIB_PERTHREAD       const    0x08017ab0      0x0  SPIRIT_PktCommon.o [4]
  __DLIB_PERTHREAD       const    0x08017ab0      0x0  SPIRIT_Qi.o [4]
  __DLIB_PERTHREAD       const    0x08017ab0      0x0  SPIRIT_Radio.o [4]
  __DLIB_PERTHREAD       const    0x08017ab0      0x0  SPIRIT_Types.o [4]
  __DLIB_PERTHREAD       const    0x08017ab0      0x0  SDK_EVAL_Spirit_Spi_Driver.o [4]
  __DLIB_PERTHREAD       const    0x08017ab0      0x0  SPIRIT_Timer.o [4]
  __DLIB_PERTHREAD       const    0x08017ab0      0x0  frame802154.o [4]
  __DLIB_PERTHREAD       const    0x08017ab0      0x0  spirit1-arch.o [4]
  __DLIB_PERTHREAD       const    0x08017ab0      0x0  rpl-ext-header.o [4]
  __DLIB_PERTHREAD       const    0x08017ab0      0x0  stimer.o [4]
  __DLIB_PERTHREAD       const    0x08017ab0      0x0  uip-nd6.o [4]
  __DLIB_PERTHREAD       const    0x08017ab0      0x0  uip-icmp6.o [4]
  __DLIB_PERTHREAD       const    0x08017ab0      0x0  rpl-icmp6.o [4]
  __DLIB_PERTHREAD       const    0x08017ab0      0x0  SDK_EVAL_VC_Istr.o [4]
  __DLIB_PERTHREAD       const    0x08017ab0      0x0  rpl-of-etx.o [4]
  __DLIB_PERTHREAD       const    0x08017ab0      0x0  rpl-timers.o [4]
  __DLIB_PERTHREAD       const    0x08017ab0      0x0  neighbor-info.o [4]
  __DLIB_PERTHREAD       const    0x08017ab0      0x0  SDK_EVAL_VC_Prop.o [4]
  __DLIB_PERTHREAD       const    0x08017ab0      0x0  stm32l1xx_tim.o [4]
  __DLIB_PERTHREAD       const    0x08017ab0      0x0  stm32l1xx_exti.o [4]
  __DLIB_PERTHREAD       const    0x08017ab0      0x0  SPIRIT_Calibration.o [4]
  __DLIB_PERTHREAD       const    0x08017ab0      0x0  stm32l1xx_spi.o [4]
  __DLIB_PERTHREAD       const    0x08017ab0      0x0  usb_int.o [4]
  __DLIB_PERTHREAD       const    0x08017ab0      0x0  SDK_EVAL_VC_Endp.o [4]
  __DLIB_PERTHREAD       const    0x08017ab0      0x0  usb_core.o [4]
  __DLIB_PERTHREAD       const    0x08017ab0      0x0  neighbor-attr.o [4]
  __DLIB_PERTHREAD       const    0x08017ab0      0x0  usb_sil.o [4]
  __DLIB_PERTHREAD       const    0x08017ab0      0x0  printf.o [5]
  __DLIB_PERTHREAD       const    0x08017ab0      0x0  putchar.o [5]
  __DLIB_PERTHREAD       const    0x08017ab0      0x0  srand.o [5]
  __DLIB_PERTHREAD       const    0x08017ab0      0x0  log2.o [6]
  __DLIB_PERTHREAD       const    0x08017ab0      0x0  lroundf.o [6]
  __DLIB_PERTHREAD       const    0x08017ab0      0x0  pow.o [6]
  __DLIB_PERTHREAD       const    0x08017ab0      0x0  xprintflarge.o [5]
  __DLIB_PERTHREAD       const    0x08017ab0      0x0  xprout.o [5]
  __DLIB_PERTHREAD       const    0x08017ab0      0x0  xtls.o [5]
  __DLIB_PERTHREAD       const    0x08017ab0      0x0  xlog.o [6]
  __DLIB_PERTHREAD       const    0x08017ab0      0x0  roundf.o [6]
  __DLIB_PERTHREAD       const    0x08017ab0      0x0  xdint.o [6]
  __DLIB_PERTHREAD       const    0x08017ab0      0x0  xdnorm.o [6]
  __DLIB_PERTHREAD       const    0x08017ab0      0x0  xexp.o [6]
  __DLIB_PERTHREAD       const    0x08017ab0      0x0  exit.o [5]
  __DLIB_PERTHREAD       const    0x08017ab0      0x0  div.o [5]
  __DLIB_PERTHREAD       const    0x08017ab0      0x0  xfdint.o [6]
  __DLIB_PERTHREAD       const    0x08017ab0      0x0  xdscale.o [6]
  __DLIB_PERTHREAD       const    0x08017ab0      0x0  exit.o [8]
  __DLIB_PERTHREAD_init  const    0x08017ab0      0x0  router-node.co [1]
  __DLIB_PERTHREAD_init  const    0x08017ab0      0x0  contiki-spirit1-main.o [2]
  __DLIB_PERTHREAD_init  const    0x08017ab0      0x0  ip64.o [4]
  __DLIB_PERTHREAD_init  const    0x08017ab0      0x0  simple-rpl.o [4]
  __DLIB_PERTHREAD_init  const    0x08017ab0      0x0  stm32l1xx_dbgmcu.o [4]
  __DLIB_PERTHREAD_init  const    0x08017ab0      0x0  stm32l1xx_gpio.o [4]
  __DLIB_PERTHREAD_init  const    0x08017ab0      0x0  misc.o [4]
  __DLIB_PERTHREAD_init  const    0x08017ab0      0x0  stm32l1xx_rcc.o [4]
  __DLIB_PERTHREAD_init  const    0x08017ab0      0x0  SDK_EVAL_Led.o [4]
  __DLIB_PERTHREAD_init  const    0x08017ab0      0x0  SDK_EVAL_PM.o [4]
  __DLIB_PERTHREAD_init  const    0x08017ab0      0x0  SDK_EVAL_VC_General.o [4]
  __DLIB_PERTHREAD_init  const    0x08017ab0      0x0  autostart.o [4]
  __DLIB_PERTHREAD_init  const    0x08017ab0      0x0  SDK_EVAL_VC_Pwr.o [4]
  __DLIB_PERTHREAD_init  const    0x08017ab0      0x0  clock.o [4]
  __DLIB_PERTHREAD_init  const    0x08017ab0      0x0  ctimer.o [4]
  __DLIB_PERTHREAD_init  const    0x08017ab0      0x0  energest.o [4]
  __DLIB_PERTHREAD_init  const    0x08017ab0      0x0  etimer.o [4]
  __DLIB_PERTHREAD_init  const    0x08017ab0      0x0  leds.o [4]
  __DLIB_PERTHREAD_init  const    0x08017ab0      0x0  netstack-aes.o [4]
  __DLIB_PERTHREAD_init  const    0x08017ab0      0x0  netstack.o [4]
  __DLIB_PERTHREAD_init  const    0x08017ab0      0x0  node-id.o [4]
  __DLIB_PERTHREAD_init  const    0x08017ab0      0x0  nullrdc.o [4]
  __DLIB_PERTHREAD_init  const    0x08017ab0      0x0  process.o [4]
  __DLIB_PERTHREAD_init  const    0x08017ab0      0x0  queuebuf.o [4]
  __DLIB_PERTHREAD_init  const    0x08017ab0      0x0  random.o [4]
  __DLIB_PERTHREAD_init  const    0x08017ab0      0x0  rimeaddr.o [4]
  __DLIB_PERTHREAD_init  const    0x08017ab0      0x0  rtimer.o [4]
  __DLIB_PERTHREAD_init  const    0x08017ab0      0x0  spirit1.o [4]
  __DLIB_PERTHREAD_init  const    0x08017ab0      0x0  tcpip.o [4]
  __DLIB_PERTHREAD_init  const    0x08017ab0      0x0  uip-ds6.o [4]
  __DLIB_PERTHREAD_init  const    0x08017ab0      0x0  uip6.o [4]
  __DLIB_PERTHREAD_init  const    0x08017ab0      0x0  watchdog.o [4]
  __DLIB_PERTHREAD_init  const    0x08017ab0      0x0  system_stm32l1xx.o [4]
  __DLIB_PERTHREAD_init  const    0x08017ab0      0x0  stm32l1xx_it.o [4]
  __DLIB_PERTHREAD_init  const    0x08017ab0      0x0  ip64-addr.o [4]
  __DLIB_PERTHREAD_init  const    0x08017ab0      0x0  ip64-addrmap.o [4]
  __DLIB_PERTHREAD_init  const    0x08017ab0      0x0  ip64-null-driver.o [4]
  __DLIB_PERTHREAD_init  const    0x08017ab0      0x0  ip64-slip-interface.o [4]
  __DLIB_PERTHREAD_init  const    0x08017ab0      0x0  ip64-special-ports.o [4]
  __DLIB_PERTHREAD_init  const    0x08017ab0      0x0  uip-debug.o [4]
  __DLIB_PERTHREAD_init  const    0x08017ab0      0x0  rpl-dag.o [4]
  __DLIB_PERTHREAD_init  const    0x08017ab0      0x0  rpl.o [4]
  __DLIB_PERTHREAD_init  const    0x08017ab0      0x0  uip-ds6-route.o [4]
  __DLIB_PERTHREAD_init  const    0x08017ab0      0x0  stm32l1xx_adc.o [4]
  __DLIB_PERTHREAD_init  const    0x08017ab0      0x0  stm32l1xx_i2c.o [4]
  __DLIB_PERTHREAD_init  const    0x08017ab0      0x0  usb_init.o [4]
  __DLIB_PERTHREAD_init  const    0x08017ab0      0x0  stm32l1xx_syscfg.o [4]
  __DLIB_PERTHREAD_init  const    0x08017ab0      0x0  usb_regs.o [4]
  __DLIB_PERTHREAD_init  const    0x08017ab0      0x0  usb_mem.o [4]
  __DLIB_PERTHREAD_init  const    0x08017ab0      0x0  SDK_EVAL_VC_Desc.o [4]
  __DLIB_PERTHREAD_init  const    0x08017ab0      0x0  stm32l1xx_systick.o [4]
  __DLIB_PERTHREAD_init  const    0x08017ab0      0x0  timer.o [4]
  __DLIB_PERTHREAD_init  const    0x08017ab0      0x0  leds-arch.o [4]
  __DLIB_PERTHREAD_init  const    0x08017ab0      0x0  aes-ccm.o [4]
  __DLIB_PERTHREAD_init  const    0x08017ab0      0x0  packetbuf.o [4]
  __DLIB_PERTHREAD_init  const    0x08017ab0      0x0  csma.o [4]
  __DLIB_PERTHREAD_init  const    0x08017ab0      0x0  sicslowpan.o [4]
  __DLIB_PERTHREAD_init  const    0x08017ab0      0x0  framer-802154.o [4]
  __DLIB_PERTHREAD_init  const    0x08017ab0      0x0  mac.o [4]
  __DLIB_PERTHREAD_init  const    0x08017ab0      0x0  rtimer-arch.o [4]
  __DLIB_PERTHREAD_init  const    0x08017ab0      0x0  memb.o [4]
  __DLIB_PERTHREAD_init  const    0x08017ab0      0x0  SDK_EVAL_Spirit_Gpio.o [4]
  __DLIB_PERTHREAD_init  const    0x08017ab0      0x0  SPIRIT_Commands.o [4]
  __DLIB_PERTHREAD_init  const    0x08017ab0      0x0  SPIRIT_General.o [4]
  __DLIB_PERTHREAD_init  const    0x08017ab0      0x0  SPIRIT_Gpio.o [4]
  __DLIB_PERTHREAD_init  const    0x08017ab0      0x0  SPIRIT_Irq.o [4]
  __DLIB_PERTHREAD_init  const    0x08017ab0      0x0  SPIRIT_LinearFifo.o [4]
  __DLIB_PERTHREAD_init  const    0x08017ab0      0x0  SPIRIT_Management.o [4]
  __DLIB_PERTHREAD_init  const    0x08017ab0      0x0  SPIRIT_PktBasic.o [4]
  __DLIB_PERTHREAD_init  const    0x08017ab0      0x0  SPIRIT_PktCommon.o [4]
  __DLIB_PERTHREAD_init  const    0x08017ab0      0x0  SPIRIT_Qi.o [4]
  __DLIB_PERTHREAD_init  const    0x08017ab0      0x0  SPIRIT_Radio.o [4]
  __DLIB_PERTHREAD_init  const    0x08017ab0      0x0  SPIRIT_Types.o [4]
  __DLIB_PERTHREAD_init  const    0x08017ab0      0x0  SDK_EVAL_Spirit_Spi_Driver.o [4]
  __DLIB_PERTHREAD_init  const    0x08017ab0      0x0  SPIRIT_Timer.o [4]
  __DLIB_PERTHREAD_init  const    0x08017ab0      0x0  frame802154.o [4]
  __DLIB_PERTHREAD_init  const    0x08017ab0      0x0  spirit1-arch.o [4]
  __DLIB_PERTHREAD_init  const    0x08017ab0      0x0  rpl-ext-header.o [4]
  __DLIB_PERTHREAD_init  const    0x08017ab0      0x0  stimer.o [4]
  __DLIB_PERTHREAD_init  const    0x08017ab0      0x0  uip-nd6.o [4]
  __DLIB_PERTHREAD_init  const    0x08017ab0      0x0  uip-icmp6.o [4]
  __DLIB_PERTHREAD_init  const    0x08017ab0      0x0  rpl-icmp6.o [4]
  __DLIB_PERTHREAD_init  const    0x08017ab0      0x0  SDK_EVAL_VC_Istr.o [4]
  __DLIB_PERTHREAD_init  const    0x08017ab0      0x0  rpl-of-etx.o [4]
  __DLIB_PERTHREAD_init  const    0x08017ab0      0x0  rpl-timers.o [4]
  __DLIB_PERTHREAD_init  const    0x08017ab0      0x0  neighbor-info.o [4]
  __DLIB_PERTHREAD_init  const    0x08017ab0      0x0  SDK_EVAL_VC_Prop.o [4]
  __DLIB_PERTHREAD_init  const    0x08017ab0      0x0  stm32l1xx_tim.o [4]
  __DLIB_PERTHREAD_init  const    0x08017ab0      0x0  stm32l1xx_exti.o [4]
  __DLIB_PERTHREAD_init  const    0x08017ab0      0x0  SPIRIT_Calibration.o [4]
  __DLIB_PERTHREAD_init  const    0x08017ab0      0x0  stm32l1xx_spi.o [4]
  __DLIB_PERTHREAD_init  const    0x08017ab0      0x0  usb_int.o [4]
  __DLIB_PERTHREAD_init  const    0x08017ab0      0x0  SDK_EVAL_VC_Endp.o [4]
  __DLIB_PERTHREAD_init  const    0x08017ab0      0x0  usb_core.o [4]
  __DLIB_PERTHREAD_init  const    0x08017ab0      0x0  neighbor-attr.o [4]
  __DLIB_PERTHREAD_init  const    0x08017ab0      0x0  usb_sil.o [4]
  __DLIB_PERTHREAD_init  const    0x08017ab0      0x0  printf.o [5]
  __DLIB_PERTHREAD_init  const    0x08017ab0      0x0  putchar.o [5]
  __DLIB_PERTHREAD_init  const    0x08017ab0      0x0  rand.o [5]
  __DLIB_PERTHREAD_init  const    0x08017ab0      0x0  srand.o [5]
  __DLIB_PERTHREAD_init  const    0x08017ab0      0x0  log2.o [6]
  __DLIB_PERTHREAD_init  const    0x08017ab0      0x0  lroundf.o [6]
  __DLIB_PERTHREAD_init  const    0x08017ab0      0x0  pow.o [6]
  __DLIB_PERTHREAD_init  const    0x08017ab0      0x0  xprintflarge.o [5]
  __DLIB_PERTHREAD_init  const    0x08017ab0      0x0  xprout.o [5]
  __DLIB_PERTHREAD_init  const    0x08017ab0      0x0  xtls.o [5]
  __DLIB_PERTHREAD_init  const    0x08017ab0      0x0  xlog.o [6]
  __DLIB_PERTHREAD_init  const    0x08017ab0      0x0  errno.o [5]
  __DLIB_PERTHREAD_init  const    0x08017ab0      0x0  roundf.o [6]
  __DLIB_PERTHREAD_init  const    0x08017ab0      0x0  xdint.o [6]
  __DLIB_PERTHREAD_init  const    0x08017ab0      0x0  xdnorm.o [6]
  __DLIB_PERTHREAD_init  const    0x08017ab0      0x0  xexp.o [6]
  __DLIB_PERTHREAD_init  const    0x08017ab0      0x0  exit.o [5]
  __DLIB_PERTHREAD_init  const    0x08017ab0      0x0  div.o [5]
  __DLIB_PERTHREAD_init  const    0x08017ab0      0x0  xfdint.o [6]
  __DLIB_PERTHREAD_init  const    0x08017ab0      0x0  xdscale.o [6]
  __DLIB_PERTHREAD_init  const    0x08017ab0      0x0  exit.o [8]
  .rodata                const    0x08017ab0      0x0  bwt_init3c.o [7]
  Initializer bytes      ro data  0x08017ab0    0x282  <for P2 s0>
                                - 0x08017d32  0x17c3e

"P2", part 1 of 4:                                0x0
  CSTACK                 const    0x20000000      0x0  startup_stm32l1xx_md.o [2]
  __DLIB_PERTHREAD       const    0x20000000      0x0  rand.o [5]
  __DLIB_PERTHREAD       const    0x20000000      0x0  errno.o [5]

"P2", part 2 of 4:                              0x800
  CSTACK                          0x20000000    0x800  <Block>
    CSTACK               uninit   0x20000000    0x800  <Block tail>
                                - 0x20000800    0x800

"P2", part 3 of 4:                              0x49c
  P2 s0                           0x20000800    0x49c  <Init block>
    .data                inited   0x20000800     0x98  netstack-aes.o [4]
    .data                inited   0x20000898     0x90  spirit1.o [4]
    __DLIB_PERTHREAD     inited   0x20000928     0x8c  rand.o [5]
    .data                inited   0x200009b4     0x38  neighbor-attr.o [4]
    .data                inited   0x200009ec     0x30  SDK_EVAL_VC_Prop.o [4]
    .data                inited   0x20000a1c     0x2c  csma.o [4]
    .data                inited   0x20000a48     0x24  queuebuf.o [4]
    .data                inited   0x20000a6c     0x24  uip-ds6-route.o [4]
    .data                inited   0x20000a90     0x24  neighbor-info.o [4]
    .data                inited   0x20000ab4     0x24  SDK_EVAL_VC_Prop.o [4]
    .data                inited   0x20000ad8     0x20  system_stm32l1xx.o [4]
    .data                inited   0x20000af8     0x20  SDK_EVAL_VC_Prop.o [4]
    .data                inited   0x20000b18     0x1c  stm32l1xx_rcc.o [4]
    .data                inited   0x20000b34     0x1c  SDK_EVAL_VC_Desc.o [4]
    .data                inited   0x20000b50     0x1c  SDK_EVAL_VC_Istr.o [4]
    .data                inited   0x20000b6c     0x1c  SDK_EVAL_VC_Istr.o [4]
    .data                inited   0x20000b88     0x1c  rpl-of-etx.o [4]
    .data                inited   0x20000ba4     0x18  ctimer.o [4]
    .data                inited   0x20000bbc     0x14  SDK_EVAL_Led.o [4]
    .data                inited   0x20000bd0     0x14  ip64-addrmap.o [4]
    .data                inited   0x20000be4     0x14  SDK_EVAL_Spirit_Gpio.o [4]
    .data                inited   0x20000bf8     0x14  SPIRIT_Management.o [4]
    .data                inited   0x20000c0c     0x10  router-node.co [1]
    .data                inited   0x20000c1c     0x10  etimer.o [4]
    .data                inited   0x20000c2c     0x10  tcpip.o [4]
    .data                inited   0x20000c3c     0x10  packetbuf.o [4]
    .data                inited   0x20000c4c      0xc  contiki-spirit1-main.o [2]
    .data                inited   0x20000c58      0xc  SDK_EVAL_PM.o [4]
    .data                inited   0x20000c64      0xc  rpl-dag.o [4]
    .data                inited   0x20000c70      0x8  SDK_EVAL_PM.o [4]
    .data                inited   0x20000c78      0x8  SDK_EVAL_VC_Prop.o [4]
    .data                inited   0x20000c80      0x8  SDK_EVAL_VC_Prop.o [4]
    .data                inited   0x20000c88      0x8  SDK_EVAL_VC_Prop.o [4]
    .data                inited   0x20000c90      0x4  ip64.o [4]
    .data                inited   0x20000c94      0x4  SDK_EVAL_VC_Prop.o [4]
    .data                inited   0x20000c98      0x2  ip64.o [4]
    .data                inited   0x20000c9a      0x1  SDK_EVAL_VC_Pwr.o [4]
    .data                inited   0x20000c9b      0x1  rpl-icmp6.o [4]
                                - 0x20000c9c    0x49c

"P2", part 4 of 4:                             0x30fc
  .bss                   zero     0x20000c9c    0x6b0  uip-ds6.o [4]
  .bss                   zero     0x2000134c    0x690  queuebuf.o [4]
  .bss                   zero     0x200019dc    0x500  ip64-addrmap.o [4]
  .bss                   zero     0x20001edc    0x460  uip-ds6-route.o [4]
  .bss                   zero     0x2000233c    0x400  SDK_EVAL_VC_General.o [4]
  .bss                   zero     0x2000273c    0x400  SDK_EVAL_VC_General.o [4]
  .bss                   zero     0x20002b3c    0x280  rpl-dag.o [4]
  .bss                   zero     0x20002dbc    0x1d8  uip6.o [4]
  .bss                   zero     0x20002f94    0x180  uip6.o [4]
  .bss                   zero     0x20003114    0x118  ip64.o [4]
  .bss                   zero     0x2000322c    0x118  sicslowpan.o [4]
  .bss                   zero     0x20003344    0x108  uip-ds6.o [4]
  .bss                   zero     0x2000344c     0xf4  rpl-dag.o [4]
  .bss                   zero     0x20003540     0xc0  neighbor-attr.o [4]
  .bss                   zero     0x20003600     0xb4  packetbuf.o [4]
  .bss                   zero     0x200036b4     0x7c  process.o [4]
  .bss                   zero     0x20003730     0x78  queuebuf.o [4]
  .bss                   zero     0x200037a8     0x70  csma.o [4]
  .bss                   zero     0x20003818     0x60  csma.o [4]
  .bss                   zero     0x20003878     0x60  csma.o [4]
  .bss                   zero     0x200038d8     0x5c  tcpip.o [4]
  .bss                   zero     0x20003934     0x50  packetbuf.o [4]
  .bss                   zero     0x20003984     0x48  nullrdc.o [4]
  .bss                   zero     0x200039cc     0x48  rimestats.o [4]
  .bss                   zero     0x20003a14     0x40  uip-ds6-route.o [4]
  .bss                   zero     0x20003a54     0x40  SDK_EVAL_VC_Endp.o [4]
  .bss                   zero     0x20003a94     0x3c  uip6.o [4]
  .bss                   zero     0x20003ad0     0x30  sicslowpan.o [4]
  .bss                   zero     0x20003b00     0x30  neighbor-info.o [4]
  .bss                   zero     0x20003b30     0x2c  simple-rpl.o [4]
  .bss                   zero     0x20003b5c     0x28  usb_init.o [4]
  .bss                   zero     0x20003b84     0x24  ip64.o [4]
  .bss                   zero     0x20003ba8     0x24  rpl-timers.o [4]
  .bss                   zero     0x20003bcc     0x20  queuebuf.o [4]
  .bss                   zero     0x20003bec     0x20  ip64-addrmap.o [4]
  .bss                   zero     0x20003c0c     0x16  node-id.o [4]
  .bss                   zero     0x20003c22      0x6  SDK_EVAL_VC_General.o [4]
  .bss                   zero     0x20003c28     0x14  uip-ds6-route.o [4]
  .bss                   zero     0x20003c3c     0x14  sicslowpan.o [4]
  .bss                   zero     0x20003c50     0x14  uip-nd6.o [4]
  .bss                   zero     0x20003c64     0x10  simple-rpl.o [4]
  .bss                   zero     0x20003c74     0x10  SDK_EVAL_VC_General.o [4]
  .bss                   zero     0x20003c84     0x10  ip64-slip-interface.o [4]
  .bss                   zero     0x20003c94     0x10  rpl-dag.o [4]
  .bss                   zero     0x20003ca4     0x10  aes-ccm.o [4]
  .bss                   zero     0x20003cb4     0x10  uip-icmp6.o [4]
  .bss                   zero     0x20003cc4      0xc  neighbor-info.o [4]
  .bss                   zero     0x20003cd0      0xc  neighbor-attr.o [4]
  .bss                   zero     0x20003cdc      0x8  clock.o [4]
  .bss                   zero     0x20003ce4      0x8  etimer.o [4]
  .bss                   zero     0x20003cec      0x8  queuebuf.o [4]
  .bss                   zero     0x20003cf4      0x8  queuebuf.o [4]
  .bss                   zero     0x20003cfc      0x8  rimeaddr.o [4]
  .bss                   zero     0x20003d04      0x8  uip-ds6.o [4]
  .bss                   zero     0x20003d0c      0x8  uip6.o [4]
  .bss                   zero     0x20003d14      0x8  csma.o [4]
  .bss                   zero     0x20003d1c      0x8  csma.o [4]
  .bss                   zero     0x20003d24      0x4  ip64.o [4]
  .bss                   zero     0x20003d28      0x4  SDK_EVAL_VC_Pwr.o [4]
  .bss                   zero     0x20003d2c      0x4  SDK_EVAL_VC_Pwr.o [4]
  .bss                   zero     0x20003d30      0x4  ctimer.o [4]
  .bss                   zero     0x20003d34      0x4  rtimer.o [4]
  .bss                   zero     0x20003d38      0x4  tcpip.o [4]
  .bss                   zero     0x20003d3c      0x4  uip-ds6.o [4]
  .bss                   zero     0x20003d40      0x4  ip64-addrmap.o [4]
  .bss                   zero     0x20003d44      0x4  rpl-dag.o [4]
  .bss                   zero     0x20003d48      0x4  uip-ds6-route.o [4]
  .bss                   zero     0x20003d4c      0x4  uip-ds6-route.o [4]
  .bss                   zero     0x20003d50      0x4  uip-ds6-route.o [4]
  .bss                   zero     0x20003d54      0x4  csma.o [4]
  .bss                   zero     0x20003d58      0x4  rtimer-arch.o [4]
  .bss                   zero     0x20003d5c      0x4  SPIRIT_Radio.o [4]
  .bss                   zero     0x20003d60      0x4  SPIRIT_Types.o [4]
  .bss                   zero     0x20003d64      0x4  SDK_EVAL_VC_Istr.o [4]
  .bss                   zero     0x20003d68      0x4  usb_int.o [4]
  .bss                   zero     0x20003d6c      0x4  SDK_EVAL_VC_Endp.o [4]
  .bss                   zero     0x20003d70      0x4  usb_core.o [4]
  .bss                   zero     0x20003d74      0x4  neighbor-attr.o [4]
  .bss                   zero     0x20003d78      0x4  neighbor-attr.o [4]
  __DLIB_PERTHREAD       zero     0x20003d7c      0x4  errno.o [5]
  .bss                   zero     0x20003d80      0x2  leds.o [4]
  .bss                   zero     0x20003d82      0x2  queuebuf.o [4]
  .bss                   zero     0x20003d84      0x2  uip-ds6-route.o [4]
  .bss                   zero     0x20003d86      0x2  usb_init.o [4]
  .bss                   zero     0x20003d88      0x2  usb_init.o [4]
  .bss                   zero     0x20003d8a      0x2  csma.o [4]
  .bss                   zero     0x20003d8c      0x2  framer-802154.o [4]
  .bss                   zero     0x20003d8e      0x1  contiki-spirit1-main.o [2]
  .bss                   zero     0x20003d8f      0x1  usb_init.o [4]
  .bss                   zero     0x20003d90      0x1  SPIRIT_General.o [4]
  .bss                   zero     0x20003d91      0x1  spirit1-arch.o [4]
  .bss                   zero     0x20003d92      0x1  rpl-timers.o [4]
  .bss                   zero     0x20003d93      0x1  SDK_EVAL_VC_Prop.o [4]
  .bss                   zero     0x20003d94      0x1  usb_core.o [4]
                                - 0x20003d95   0x30f9


*******************************************************************************
*** INIT TABLE
***

          Address     Size
          -------     ----
Zero (__iar_zero_init3)
    1 destination range, total size 0x30f9:
          0x20000c9c  0x30f9

Copy/packbits (__iar_packbits_init3)
    1 source range, total size 0x282 (54% of destination):
          0x08017ab0   0x282
    1 destination range, total size 0x49c:
          0x20000800   0x49c



*******************************************************************************
*** MODULE SUMMARY
***

    Module                        ro code  ro data  rw data
    ------                        -------  -------  -------
C:\cygwin\home\Administrator\thingsquare-mist-1.0.1\examples\router-node: [1]
    router-node.co                     48       29       16
    -------------------------------------------------------
    Total:                             48       29       16

C:\cygwin\home\Administrator\thingsquare-mist-1.0.1\examples\router-node\obj_mist-spirit1: [2]
    contiki-spirit1-main.o          1 268       19       13
    startup_stm32l1xx_md.o            428
    -------------------------------------------------------
    Total:                          1 696       19       13

command line: [3]
    -------------------------------------------------------
    Total:

contiki-mist-spirit1.a: [4]
    SDK_EVAL_Led.o                    188       11       20
    SDK_EVAL_PM.o                   1 590       10       20
    SDK_EVAL_Spirit_Gpio.o            404       11       20
    SDK_EVAL_Spirit_Spi_Driver.o    1 504
    SDK_EVAL_VC_Desc.o                         259       28
    SDK_EVAL_VC_Endp.o                188                68
    SDK_EVAL_VC_General.o             740             2 070
    SDK_EVAL_VC_Istr.o                 96       30       60
    SDK_EVAL_VC_Prop.o                536       78      145
    SDK_EVAL_VC_Pwr.o                 256        1        9
    SPIRIT_Calibration.o              838
    SPIRIT_Commands.o                  28
    SPIRIT_General.o                  808                 1
    SPIRIT_Gpio.o                     796
    SPIRIT_Irq.o                      476        4
    SPIRIT_LinearFifo.o               504
    SPIRIT_Management.o             3 092       11       20
    SPIRIT_PktBasic.o               1 288
    SPIRIT_PktCommon.o              3 008
    SPIRIT_Qi.o                     1 132
    SPIRIT_Radio.o                 10 348        2        4
    SPIRIT_Timer.o                  1 464
    SPIRIT_Types.o                     36                 4
    aes-ccm.o                       1 736                16
    aes.o                           2 848
    autostart.o                        50
    clock.o                           150                 8
    csma.o                            828       60      370
    ctimer.o                          440       29       28
    energest.o                         10
    etimer.o                          512       21       24
    frame802154.o                     752
    framer-802154.o                   434        8        2
    ip64-addr.o                       156
    ip64-addrmap.o                    468       10    1 336
    ip64-null-driver.o                  6        8
    ip64-slip-interface.o             272        8       16
    ip64-special-ports.o               16
    ip64.o                          1 568       11      326
    leds-arch.o                       142
    leds.o                            120                 2
    list.o                            232
    mac.o                              18
    memb.o                            146
    misc.o                            196
    neighbor-attr.o                   572       30      268
    neighbor-info.o                   296       20       96
    netstack-aes.o                    864       82      152
    netstack.o                         52
    node-id.o                          50                22
    nullrdc.o                         546       40       72
    packetbuf.o                       572        9      276
    process.o                         596               124
    queuebuf.o                        438       20    1 886
    random.o                           14
    rimeaddr.o                         60        8        8
    rimestats.o                                          72
    rpl-dag.o                       3 496        7      916
    rpl-ext-header.o                  708
    rpl-icmp6.o                     2 032        1        1
    rpl-of-etx.o                      282       16       28
    rpl-timers.o                      464                37
    rpl.o                             508
    rtimer-arch.o                     174                 4
    rtimer.o                           92                 4
    sicslowpan.o                    3 628       24      348
    simple-rpl.o                      744        2       60
    spirit1-arch.o                    164                 1
    spirit1.o                       2 416      143      144
    stimer.o                           94
    stm32l1xx_adc.o                   970
    stm32l1xx_dbgmcu.o                100
    stm32l1xx_exti.o                  220
    stm32l1xx_gpio.o                  430
    stm32l1xx_i2c.o                   902
    stm32l1xx_it.o                     26
    stm32l1xx_rcc.o                   944       16       28
    stm32l1xx_spi.o                   448
    stm32l1xx_syscfg.o                428
    stm32l1xx_systick.o               120
    stm32l1xx_tim.o                 2 070
    system_stm32l1xx.o                444       17       32
    tcpip.o                         1 280       24      112
    timer.o                            76
    uip-debug.o                       140       12
    uip-ds6-route.o                   800       19    1 254
    uip-ds6.o                       2 168             1 988
    uip-icmp6.o                       756                16
    uip-nd6.o                       1 440                20
    uip6.o                          4 640               924
    usb_core.o                      2 194                 5
    usb_init.o                         32                45
    usb_int.o                         532                 4
    usb_mem.o                          74
    usb_regs.o                      1 762
    usb_sil.o                         106
    watchdog.o                         10
    -------------------------------------------------------
    Total:                         82 394    1 062   13 544

dl7M_tln.a: [5]
    div.o                              14
    errno.o                            12       20        4
    exit.o                              4
    low_level_init.o                    4
    printf.o                           36
    putchar.o                          40
    rand.o                            196       76      140
    srand.o                            32
    xprintflarge.o                  2 930
    xprout.o                           22
    xtls.o                              2
    -------------------------------------------------------
    Total:                          3 292       96      144

m7M_tl.a: [6]
    DblAdd.o                          232
    DblCmpEq.o                         32
    DblCmpGe.o                         46
    DblCmpLe.o                         46
    DblDiv.o                          582
    DblMul.o                          418
    DblSub.o                          384
    DblToFlt.o                        144
    DblToI32.o                         88
    FltAdd.o                          132
    FltCmpGe.o                         36
    FltCmpLe.o                         36
    FltDiv.o                          252
    FltMul.o                          216
    FltSub.o                          230
    FltToDbl.o                         78
    FltToS32.o                         68
    FltToU32.o                         36
    I32ToDbl.o                         48
    I32ToFlt.o                         50
    log2.o                              8
    lroundf.o                          64
    pow.o                           2 144
    roundf.o                           56
    xdint.o                           128
    xdnorm.o                           68
    xdscale.o                         282
    xexp.o                            756
    xfdint.o                           80
    xlog.o                            868
    -------------------------------------------------------
    Total:                          7 608

rt7M_tl.a: [7]
    ABImemcpy.o                       118
    ABImemmove.o                      120
    ABImemset.o                       102
    I64DivMod.o                       306
    I64DivZer.o                         2
    bwt_init3c.o
    cexit.o                            22
    cmain.o                            22
    cstartup_M.o                       12
    data_init3.o                       44
    memchr.o                           88
    memcmp.o                           98
    packbits_init3.o                  160
    strchr.o                           22
    strlen.o                           54
    zero_init3.o                       34
    -------------------------------------------------------
    Total:                          1 204

shb_l.a: [8]
    exit.o                             20
    -------------------------------------------------------
    Total:                             20

    Gaps                               70        4
    Linker created                              44    2 048
-----------------------------------------------------------
    Grand Total:                   96 332    1 254   15 765


*******************************************************************************
*** ENTRY LIST
***

Entry                      Address   Size  Type      Object
-----                      -------   ----  ----      ------
?main                   0x080178f1         Code  Gb  cmain.o [7]
ADC1_IRQHandler         0x08017a51         Code  Wk  startup_stm32l1xx_md.o [2]
ADC_AnalogWatchdogCmd   0x0800b341    0xc  Code  Gb  stm32l1xx_adc.o [4]
ADC_AnalogWatchdogSingleChannelConfig
                        0x0800b353    0xc  Code  Gb  stm32l1xx_adc.o [4]
ADC_AnalogWatchdogThresholdsConfig
                        0x0800b34d    0x6  Code  Gb  stm32l1xx_adc.o [4]
ADC_AutoInjectedConvCmd
                        0x0800b5ab   0x16  Code  Gb  stm32l1xx_adc.o [4]
ADC_ClearFlag           0x0800b61b    0x6  Code  Gb  stm32l1xx_adc.o [4]
ADC_ClearITPendingBit   0x0800b643    0x8  Code  Gb  stm32l1xx_adc.o [4]
ADC_Cmd                 0x0800b30b   0x16  Code  Gb  stm32l1xx_adc.o [4]
ADC_CommonInit          0x0800b2f5   0x10  Code  Gb  stm32l1xx_adc.o [4]
ADC_CommonStructInit    0x0800b305    0x6  Code  Gb  stm32l1xx_adc.o [4]
ADC_ContinuousModeCmd   0x0800b479   0x16  Code  Gb  stm32l1xx_adc.o [4]
ADC_DMACmd              0x0800b4bb   0x18  Code  Gb  stm32l1xx_adc.o [4]
ADC_DMARequestAfterLastTransferCmd
                        0x0800b4d3   0x18  Code  Gb  stm32l1xx_adc.o [4]
ADC_DeInit              0x0800b281   0x1a  Code  Gb  stm32l1xx_adc.o [4]
ADC_DelaySelectionConfig
                        0x0800b335    0xc  Code  Gb  stm32l1xx_adc.o [4]
ADC_DiscModeChannelCountConfig
                        0x0800b48f   0x10  Code  Gb  stm32l1xx_adc.o [4]
ADC_DiscModeCmd         0x0800b49f   0x16  Code  Gb  stm32l1xx_adc.o [4]
ADC_EOCOnEachRegularChannelCmd
                        0x0800b463   0x16  Code  Gb  stm32l1xx_adc.o [4]
ADC_ExternalTrigInjectedConvConfig
                        0x0800b57f    0xc  Code  Gb  stm32l1xx_adc.o [4]
ADC_ExternalTrigInjectedConvEdgeConfig
                        0x0800b58b    0xc  Code  Gb  stm32l1xx_adc.o [4]
ADC_GetConversionValue  0x0800b4b5    0x6  Code  Gb  stm32l1xx_adc.o [4]
ADC_GetFlagStatus       0x0800b60b   0x10  Code  Gb  stm32l1xx_adc.o [4]
ADC_GetITStatus         0x0800b621   0x22  Code  Gb  stm32l1xx_adc.o [4]
ADC_GetInjectedConversionValue
                        0x0800b5d7   0x1a  Code  Gb  stm32l1xx_adc.o [4]
ADC_GetSoftwareStartConvStatus
                        0x0800b459    0xa  Code  Gb  stm32l1xx_adc.o [4]
ADC_GetSoftwareStartInjectedConvCmdStatus
                        0x0800b5a1    0xa  Code  Gb  stm32l1xx_adc.o [4]
ADC_ITConfig            0x0800b5f1   0x1a  Code  Gb  stm32l1xx_adc.o [4]
ADC_Init                0x0800b29b   0x40  Code  Gb  stm32l1xx_adc.o [4]
ADC_InjectedChannelConfig
                        0x0800b4eb   0x6e  Code  Gb  stm32l1xx_adc.o [4]
ADC_InjectedDiscModeCmd
                        0x0800b5c1   0x16  Code  Gb  stm32l1xx_adc.o [4]
ADC_InjectedSequencerLengthConfig
                        0x0800b559   0x10  Code  Gb  stm32l1xx_adc.o [4]
ADC_PowerDownCmd        0x0800b321   0x14  Code  Gb  stm32l1xx_adc.o [4]
ADC_RegularChannelConfig
                        0x0800b389   0xc6  Code  Gb  stm32l1xx_adc.o [4]
ADC_SetInjectedOffset   0x0800b569   0x16  Code  Gb  stm32l1xx_adc.o [4]
ADC_SoftwareStartConv   0x0800b44f    0xa  Code  Gb  stm32l1xx_adc.o [4]
ADC_SoftwareStartInjectedConv
                        0x0800b597    0xa  Code  Gb  stm32l1xx_adc.o [4]
ADC_StructInit          0x0800b2db   0x1a  Code  Gb  stm32l1xx_adc.o [4]
ADC_TempSensorVrefintCmd
                        0x0800b35f   0x18  Code  Gb  stm32l1xx_adc.o [4]
AHBPrescTable           0x20000ae4   0x10  Data  Gb  system_stm32l1xx.o [4]
APBAHBPrescTable        0x20000b24   0x10  Data  Lc  stm32l1xx_rcc.o [4]
BusFault_Handler        0x08015685   0x10  Code  Gb  contiki-spirit1-main.o [2]
ByteSwap                0x0801435f    0xc  Code  Gb  usb_regs.o [4]
COMP_IRQHandler         0x08017a61         Code  Wk  startup_stm32l1xx_md.o [2]
CSTACK$$Base            0x20000000          --   Gb  - Linker created -
CSTACK$$Limit           0x20000800          --   Gb  - Linker created -
CTR_HP                  0x08016ed7   0x6e  Code  Gb  usb_int.o [4]
CTR_LP                  0x08016d4d  0x18a  Code  Gb  usb_int.o [4]
ClearDTOG_RX            0x08013f45   0x24  Code  Gb  usb_regs.o [4]
ClearDTOG_TX            0x08013f69   0x24  Code  Gb  usb_regs.o [4]
ClearEPDoubleBuff       0x08013e95   0x1c  Code  Gb  usb_regs.o [4]
ClearEP_CTR_RX          0x08013ee3   0x14  Code  Gb  usb_regs.o [4]
ClearEP_CTR_TX          0x08013ef7   0x16  Code  Gb  usb_regs.o [4]
ClearEP_KIND            0x08013e25   0x1c  Code  Gb  usb_regs.o [4]
Clear_Status_Out        0x08013e41   0x1c  Code  Gb  usb_regs.o [4]
Config_Descriptor       0x20000c88    0x8  Data  Gb  SDK_EVAL_VC_Prop.o [4]
DAC_IRQHandler          0x08017a5d         Code  Wk  startup_stm32l1xx_md.o [2]
DBGMCU_APB1PeriphConfig
                        0x080158a5   0x16  Code  Gb  stm32l1xx_dbgmcu.o [4]
DBGMCU_APB2PeriphConfig
                        0x080158bb   0x16  Code  Gb  stm32l1xx_dbgmcu.o [4]
DBGMCU_Config           0x0801588f   0x16  Code  Gb  stm32l1xx_dbgmcu.o [4]
DBGMCU_GetDEVID         0x08015885    0xa  Code  Gb  stm32l1xx_dbgmcu.o [4]
DBGMCU_GetREVID         0x0801587d    0x8  Code  Gb  stm32l1xx_dbgmcu.o [4]
DMA1_Channel1_IRQHandler
                        0x08017a35         Code  Wk  startup_stm32l1xx_md.o [2]
DMA1_Channel2_IRQHandler
                        0x08017a39         Code  Wk  startup_stm32l1xx_md.o [2]
DMA1_Channel3_IRQHandler
                        0x08017a3d         Code  Wk  startup_stm32l1xx_md.o [2]
DMA1_Channel4_IRQHandler
                        0x08017a41         Code  Wk  startup_stm32l1xx_md.o [2]
DMA1_Channel5_IRQHandler
                        0x08017a45         Code  Wk  startup_stm32l1xx_md.o [2]
DMA1_Channel6_IRQHandler
                        0x08017a49         Code  Wk  startup_stm32l1xx_md.o [2]
DMA1_Channel7_IRQHandler
                        0x08017a4d         Code  Wk  startup_stm32l1xx_md.o [2]
DataStageIn             0x0801379b   0xa6  Code  Lc  usb_core.o [4]
DataStageOut            0x080136f9   0xa2  Code  Lc  usb_core.o [4]
Data_Mul_MaxPacketSize  0x20003d94    0x1  Data  Gb  usb_core.o [4]
Data_Setup0             0x0801391b  0x1b4  Code  Lc  usb_core.o [4]
DebugMon_Handler        0x080156a5   0x10  Code  Gb  contiki-spirit1-main.o [2]
Default_Handler         0x080156e5   0x3e  Code  Gb  contiki-spirit1-main.o [2]
Device_Descriptor       0x20000c80    0x8  Data  Gb  SDK_EVAL_VC_Prop.o [4]
Device_Info             0x20003b5c   0x1c  Data  Gb  usb_init.o [4]
Device_Property         0x200009ec   0x30  Data  Gb  SDK_EVAL_VC_Prop.o [4]
Device_Table            0x20000c94    0x4  Data  Gb  SDK_EVAL_VC_Prop.o [4]
EP1_IN_Callback         0x080175ed   0x62  Code  Gb  SDK_EVAL_VC_Endp.o [4]
EP3_OUT_Callback        0x0801764f   0x20  Code  Gb  SDK_EVAL_VC_Endp.o [4]
EPindex                 0x20003d8f    0x1  Data  Gb  usb_init.o [4]
EXTI0_IRQHandler        0x08017a21         Code  Wk  startup_stm32l1xx_md.o [2]
EXTI15_10_IRQHandler    0x08003739   0x20  Code  Gb  spirit1-arch.o [4]
EXTI1_IRQHandler        0x08017a25         Code  Wk  startup_stm32l1xx_md.o [2]
EXTI2_IRQHandler        0x08017a29         Code  Wk  startup_stm32l1xx_md.o [2]
EXTI3_IRQHandler        0x08017a2d         Code  Wk  startup_stm32l1xx_md.o [2]
EXTI4_IRQHandler        0x08017a31         Code  Wk  startup_stm32l1xx_md.o [2]
EXTI9_5_IRQHandler      0x08017a65         Code  Wk  startup_stm32l1xx_md.o [2]
EXTI_ClearFlag          0x08006877    0x6  Code  Gb  stm32l1xx_exti.o [4]
EXTI_ClearITPendingBit  0x08006895    0x6  Code  Gb  stm32l1xx_exti.o [4]
EXTI_DeInit             0x080067d1   0x12  Code  Gb  stm32l1xx_exti.o [4]
EXTI_GenerateSWInterrupt
                        0x0800685d    0xa  Code  Gb  stm32l1xx_exti.o [4]
EXTI_GetFlagStatus      0x08006867   0x10  Code  Gb  stm32l1xx_exti.o [4]
EXTI_GetITStatus        0x0800687d   0x18  Code  Gb  stm32l1xx_exti.o [4]
EXTI_Init               0x080067e3   0x6a  Code  Gb  stm32l1xx_exti.o [4]
EXTI_StructInit         0x0800684d   0x10  Code  Gb  stm32l1xx_exti.o [4]
FLASH_IRQHandler        0x08017a19         Code  Wk  startup_stm32l1xx_md.o [2]
FreeUserBuffer          0x080142f3   0x3c  Code  Gb  usb_regs.o [4]
GPIO_DeInit             0x08005b85   0xa0  Code  Gb  stm32l1xx_gpio.o [4]
GPIO_Init               0x08005c3d   0x72  Code  Gb  stm32l1xx_gpio.o [4]
GPIO_PinAFConfig        0x08005d0d   0x26  Code  Gb  stm32l1xx_gpio.o [4]
GPIO_PinLockConfig      0x08005cc1   0x10  Code  Gb  stm32l1xx_gpio.o [4]
GPIO_ReadInputData      0x08005cdf    0x4  Code  Gb  stm32l1xx_gpio.o [4]
GPIO_ReadInputDataBit   0x08005cd1    0xe  Code  Gb  stm32l1xx_gpio.o [4]
GPIO_ReadOutputData     0x08005cf1    0x4  Code  Gb  stm32l1xx_gpio.o [4]
GPIO_ReadOutputDataBit  0x08005ce3    0xe  Code  Gb  stm32l1xx_gpio.o [4]
GPIO_ResetBits          0x08005cf9    0x4  Code  Gb  stm32l1xx_gpio.o [4]
GPIO_SetBits            0x08005cf5    0x4  Code  Gb  stm32l1xx_gpio.o [4]
GPIO_StructInit         0x08005caf   0x12  Code  Gb  stm32l1xx_gpio.o [4]
GPIO_Write              0x08005d09    0x4  Code  Gb  stm32l1xx_gpio.o [4]
GPIO_WriteBit           0x08005cfd    0xc  Code  Gb  stm32l1xx_gpio.o [4]
GetBTABLE               0x08013cd7    0xa  Code  Gb  usb_regs.o [4]
GetCNTR                 0x08013c91    0xa  Code  Gb  usb_regs.o [4]
GetDADDR                0x08013cbf    0xa  Code  Gb  usb_regs.o [4]
GetENDPOINT             0x08013ceb    0xc  Code  Gb  usb_regs.o [4]
GetEPAddress            0x08013faf    0xe  Code  Gb  usb_regs.o [4]
GetEPDblBuf0Addr        0x08014117   0x14  Code  Gb  usb_regs.o [4]
GetEPDblBuf0Count       0x08014291   0x16  Code  Gb  usb_regs.o [4]
GetEPDblBuf1Addr        0x0801412b   0x14  Code  Gb  usb_regs.o [4]
GetEPDblBuf1Count       0x080142a7   0x16  Code  Gb  usb_regs.o [4]
GetEPDblBufDir          0x080142bd   0x36  Code  Gb  usb_regs.o [4]
GetEPRxAddr             0x08014009   0x14  Code  Gb  usb_regs.o [4]
GetEPRxCount            0x080140a9   0x16  Code  Gb  usb_regs.o [4]
GetEPRxStatus           0x08013dbb    0xe  Code  Gb  usb_regs.o [4]
GetEPTxAddr             0x08013ff1   0x18  Code  Gb  usb_regs.o [4]
GetEPTxCount            0x08014093   0x16  Code  Gb  usb_regs.o [4]
GetEPTxStatus           0x08013dad    0xe  Code  Gb  usb_regs.o [4]
GetEPType               0x08013d11    0xe  Code  Gb  usb_regs.o [4]
GetFNR                  0x08013cad    0xa  Code  Gb  usb_regs.o [4]
GetISTR                 0x08013ca3    0xa  Code  Gb  usb_regs.o [4]
GetRxStallStatus        0x08013ec9   0x1a  Code  Gb  usb_regs.o [4]
GetTxStallStatus        0x08013eb1   0x18  Code  Gb  usb_regs.o [4]
HardFault_Handler       0x080156b5   0x10  Code  Gb  contiki-spirit1-main.o [2]
I2C1_ER_IRQHandler      0x08017a81         Code  Wk  startup_stm32l1xx_md.o [2]
I2C1_EV_IRQHandler      0x08017a7d         Code  Wk  startup_stm32l1xx_md.o [2]
I2C2_ER_IRQHandler      0x08017a89         Code  Wk  startup_stm32l1xx_md.o [2]
I2C2_EV_IRQHandler      0x08017a85         Code  Wk  startup_stm32l1xx_md.o [2]
I2C_ARPCmd              0x0800b0e5   0x18  Code  Gb  stm32l1xx_i2c.o [4]
I2C_AcknowledgeConfig   0x0800b05b   0x18  Code  Gb  stm32l1xx_i2c.o [4]
I2C_CalculatePEC        0x0800b17d   0x18  Code  Gb  stm32l1xx_i2c.o [4]
I2C_CheckEvent          0x0800b1f5   0x1a  Code  Gb  stm32l1xx_i2c.o [4]
I2C_ClearFlag           0x0800b257    0x6  Code  Gb  stm32l1xx_i2c.o [4]
I2C_ClearITPendingBit   0x0800b279    0x6  Code  Gb  stm32l1xx_i2c.o [4]
I2C_Cmd                 0x0800b00f   0x18  Code  Gb  stm32l1xx_i2c.o [4]
I2C_DMACmd              0x0800b19b   0x18  Code  Gb  stm32l1xx_i2c.o [4]
I2C_DMALastTransferCmd  0x0800b1b3   0x18  Code  Gb  stm32l1xx_i2c.o [4]
I2C_DeInit              0x0800aef9   0x38  Code  Gb  stm32l1xx_i2c.o [4]
I2C_DualAddressCmd      0x0800b085   0x18  Code  Gb  stm32l1xx_i2c.o [4]
I2C_FastModeDutyCycleConfig
                        0x0800b115   0x1a  Code  Gb  stm32l1xx_i2c.o [4]
I2C_GeneralCallCmd      0x0800b09d   0x18  Code  Gb  stm32l1xx_i2c.o [4]
I2C_GenerateSTART       0x0800b027   0x1a  Code  Gb  stm32l1xx_i2c.o [4]
I2C_GenerateSTOP        0x0800b041   0x1a  Code  Gb  stm32l1xx_i2c.o [4]
I2C_GetFlagStatus       0x0800b21d   0x3a  Code  Gb  stm32l1xx_i2c.o [4]
I2C_GetITStatus         0x0800b25d   0x1c  Code  Gb  stm32l1xx_i2c.o [4]
I2C_GetLastEvent        0x0800b20f    0xe  Code  Gb  stm32l1xx_i2c.o [4]
I2C_GetPEC              0x0800b195    0x6  Code  Gb  stm32l1xx_i2c.o [4]
I2C_ITConfig            0x0800b1e1   0x14  Code  Gb  stm32l1xx_i2c.o [4]
I2C_Init                0x0800af31   0xb2  Code  Gb  stm32l1xx_i2c.o [4]
I2C_OwnAddress2Config   0x0800b073   0x12  Code  Gb  stm32l1xx_i2c.o [4]
I2C_PECPositionConfig   0x0800b163   0x1a  Code  Gb  stm32l1xx_i2c.o [4]
I2C_ReadRegister        0x0800b1cb   0x16  Code  Gb  stm32l1xx_i2c.o [4]
I2C_ReceiveData         0x0800b145    0x6  Code  Gb  stm32l1xx_i2c.o [4]
I2C_SMBusAlertConfig    0x0800b0cb   0x1a  Code  Gb  stm32l1xx_i2c.o [4]
I2C_Send7bitAddress     0x0800b12f   0x12  Code  Gb  stm32l1xx_i2c.o [4]
I2C_SendData            0x0800b141    0x4  Code  Gb  stm32l1xx_i2c.o [4]
I2C_SoftwareResetCmd    0x0800b0b5   0x16  Code  Gb  stm32l1xx_i2c.o [4]
I2C_StretchClockCmd     0x0800b0fd   0x18  Code  Gb  stm32l1xx_i2c.o [4]
I2C_StructInit          0x0800aff1   0x1e  Code  Gb  stm32l1xx_i2c.o [4]
I2C_TransmitPEC         0x0800b14b   0x18  Code  Gb  stm32l1xx_i2c.o [4]
In0_Process             0x08013b3f   0x52  Code  Gb  usb_core.o [4]
IntToUnicode            0x08015b1f   0x30  Code  Lc  SDK_EVAL_VC_General.o [4]
LCD_IRQHandler          0x08017a69         Code  Wk  startup_stm32l1xx_md.o [2]
MemManage_Handler       0x080156c5   0x10  Code  Gb  contiki-spirit1-main.o [2]
NMI_Handler             0x080178bd    0x6  Code  Gb  stm32l1xx_it.o [4]
NOP_Process             0x08013c85    0x2  Code  Gb  usb_core.o [4]
NVIC_Init               0x08006717   0x5c  Code  Gb  misc.o [4]
NVIC_PriorityGroupConfig
                        0x0800670d    0xa  Code  Gb  misc.o [4]
NVIC_SetVectorTable     0x08006773    0xc  Code  Gb  misc.o [4]
NVIC_SystemLPConfig     0x0800677f   0x16  Code  Gb  misc.o [4]
NoData_Setup0           0x08013841   0xda  Code  Lc  usb_core.o [4]
Out0_Process            0x08013b91   0x40  Code  Gb  usb_core.o [4]
PLLMulTable             0x20000b18    0xc  Data  Lc  stm32l1xx_rcc.o [4]
PLLMulTable             0x20000ad8    0xc  Data  Gb  system_stm32l1xx.o [4]
PMAToUserBufferCopy     0x08014397   0x1e  Code  Gb  usb_mem.o [4]
PVD_IRQHandler          0x08017a0d         Code  Wk  startup_stm32l1xx_md.o [2]
PendSV_Handler          0x080178c9    0x6  Code  Gb  stm32l1xx_it.o [4]
Post0_Process           0x08013bd1   0x34  Code  Gb  usb_core.o [4]
RCC_AHBPeriphClockCmd   0x080059db   0x16  Code  Gb  stm32l1xx_rcc.o [4]
RCC_AHBPeriphClockLPModeCmd
                        0x08005a5f   0x16  Code  Gb  stm32l1xx_rcc.o [4]
RCC_AHBPeriphResetCmd   0x08005a1d   0x16  Code  Gb  stm32l1xx_rcc.o [4]
RCC_APB1PeriphClockCmd  0x08005a07   0x16  Code  Gb  stm32l1xx_rcc.o [4]
RCC_APB1PeriphClockLPModeCmd
                        0x08005a8b   0x16  Code  Gb  stm32l1xx_rcc.o [4]
RCC_APB1PeriphResetCmd  0x08005a49   0x16  Code  Gb  stm32l1xx_rcc.o [4]
RCC_APB2PeriphClockCmd  0x080059f1   0x16  Code  Gb  stm32l1xx_rcc.o [4]
RCC_APB2PeriphClockLPModeCmd
                        0x08005a75   0x16  Code  Gb  stm32l1xx_rcc.o [4]
RCC_APB2PeriphResetCmd  0x08005a33   0x16  Code  Gb  stm32l1xx_rcc.o [4]
RCC_AdjustHSICalibrationValue
                        0x0800585d   0x10  Code  Gb  stm32l1xx_rcc.o [4]
RCC_AdjustMSICalibrationValue
                        0x08005843    0x6  Code  Gb  stm32l1xx_rcc.o [4]
RCC_ClearFlag           0x08005adb    0xc  Code  Gb  stm32l1xx_rcc.o [4]
RCC_ClearITPendingBit   0x08005af9    0x6  Code  Gb  stm32l1xx_rcc.o [4]
RCC_ClockSecuritySystemCmd
                        0x08005893    0x6  Code  Gb  stm32l1xx_rcc.o [4]
RCC_DeInit              0x080057d5   0x32  Code  Gb  stm32l1xx_rcc.o [4]
RCC_GetClocksFreq       0x080058e5   0xbc  Code  Gb  stm32l1xx_rcc.o [4]
RCC_GetFlagStatus       0x08005ab7   0x24  Code  Gb  stm32l1xx_rcc.o [4]
RCC_GetITStatus         0x08005ae7   0x12  Code  Gb  stm32l1xx_rcc.o [4]
RCC_GetSYSCLKSource     0x080058af    0xa  Code  Gb  stm32l1xx_rcc.o [4]
RCC_HCLKConfig          0x080058b9    0xe  Code  Gb  stm32l1xx_rcc.o [4]
RCC_HSEConfig           0x08005807    0xa  Code  Gb  stm32l1xx_rcc.o [4]
RCC_HSICmd              0x0800586d    0x6  Code  Gb  stm32l1xx_rcc.o [4]
RCC_IRQHandler          0x08017a1d         Code  Wk  startup_stm32l1xx_md.o [2]
RCC_ITConfig            0x08005aa1   0x16  Code  Gb  stm32l1xx_rcc.o [4]
RCC_LSEConfig           0x08005873    0xa  Code  Gb  stm32l1xx_rcc.o [4]
RCC_LSICmd              0x0800587d    0x6  Code  Gb  stm32l1xx_rcc.o [4]
RCC_MCOConfig           0x08005899    0x8  Code  Gb  stm32l1xx_rcc.o [4]
RCC_MSICmd              0x08005857    0x6  Code  Gb  stm32l1xx_rcc.o [4]
RCC_MSIRangeConfig      0x08005849    0xe  Code  Gb  stm32l1xx_rcc.o [4]
RCC_PCLK1Config         0x080058c7    0xe  Code  Gb  stm32l1xx_rcc.o [4]
RCC_PCLK2Config         0x080058d5   0x10  Code  Gb  stm32l1xx_rcc.o [4]
RCC_PLLCmd              0x0800588d    0x6  Code  Gb  stm32l1xx_rcc.o [4]
RCC_PLLConfig           0x08005883    0xa  Code  Gb  stm32l1xx_rcc.o [4]
RCC_RTCCLKCmd           0x080059cf    0x6  Code  Gb  stm32l1xx_rcc.o [4]
RCC_RTCCLKConfig        0x080059a1   0x2e  Code  Gb  stm32l1xx_rcc.o [4]
RCC_RTCResetCmd         0x080059d5    0x6  Code  Gb  stm32l1xx_rcc.o [4]
RCC_SYSCLKConfig        0x080058a1    0xe  Code  Gb  stm32l1xx_rcc.o [4]
RCC_WaitForHSEStartUp   0x08005811   0x32  Code  Gb  stm32l1xx_rcc.o [4]
RTC_Alarm_IRQHandler    0x08017aa1         Code  Wk  startup_stm32l1xx_md.o [2]
RTC_WKUP_IRQHandler     0x08017a15         Code  Wk  startup_stm32l1xx_md.o [2]
Rcon                    0x080133e8    0xc  Data  Lc  aes.o [4]
Region$$Table$$Base     0x08017890          --   Gb  - Linker created -
Region$$Table$$Limit    0x080178bc          --   Gb  - Linker created -
Request                 0x20003d93    0x1  Data  Gb  SDK_EVAL_VC_Prop.o [4]
Reset_Handler           0x0801799d         Code  Wk  startup_stm32l1xx_md.o [2]
ResumeS                 0x20003d2c    0x4  Data  Gb  SDK_EVAL_VC_Pwr.o [4]
SOF_Callback            0x0801766f   0x1e  Code  Gb  SDK_EVAL_VC_Endp.o [4]
SPI1_IRQHandler         0x08017a8d         Code  Wk  startup_stm32l1xx_md.o [2]
SPI2_IRQHandler         0x08017a91         Code  Wk  startup_stm32l1xx_md.o [2]
SPI_BiDirectionalLineConfig
                        0x08005ded   0x1a  Code  Gb  stm32l1xx_spi.o [4]
SPI_CalculateCRC        0x08005e41   0x18  Code  Gb  stm32l1xx_spi.o [4]
SPI_Cmd                 0x08005dc3   0x18  Code  Gb  stm32l1xx_spi.o [4]
SPI_DataSizeConfig      0x08005ddb   0x12  Code  Gb  stm32l1xx_spi.o [4]
SPI_GetCRC              0x08005e63    0xc  Code  Gb  stm32l1xx_spi.o [4]
SPI_GetCRCPolynomial    0x08005e6f    0x4  Code  Gb  stm32l1xx_spi.o [4]
SPI_I2S_ClearFlag       0x08005eb3    0x6  Code  Gb  stm32l1xx_spi.o [4]
SPI_I2S_ClearITPendingBit
                        0x08005ee3   0x12  Code  Gb  stm32l1xx_spi.o [4]
SPI_I2S_DMACmd          0x08005e73   0x14  Code  Gb  stm32l1xx_spi.o [4]
SPI_I2S_DeInit          0x08005d35   0x40  Code  Gb  stm32l1xx_spi.o [4]
SPI_I2S_GetFlagStatus   0x08005ea5    0xe  Code  Gb  stm32l1xx_spi.o [4]
SPI_I2S_GetITStatus     0x08005eb9   0x2a  Code  Gb  stm32l1xx_spi.o [4]
SPI_I2S_ITConfig        0x08005e87   0x1e  Code  Gb  stm32l1xx_spi.o [4]
SPI_I2S_ReceiveData     0x08005e39    0x4  Code  Gb  stm32l1xx_spi.o [4]
SPI_I2S_SendData        0x08005e3d    0x4  Code  Gb  stm32l1xx_spi.o [4]
SPI_Init                0x08005d7d   0x2e  Code  Gb  stm32l1xx_spi.o [4]
SPI_NSSInternalSoftwareConfig
                        0x08005e07   0x1a  Code  Gb  stm32l1xx_spi.o [4]
SPI_SSOutputCmd         0x08005e21   0x18  Code  Gb  stm32l1xx_spi.o [4]
SPI_StructInit          0x08005dab   0x18  Code  Gb  stm32l1xx_spi.o [4]
SPI_TransmitCRC         0x08005e59    0xa  Code  Gb  stm32l1xx_spi.o [4]
SVC_Handler             0x080178c3    0x6  Code  Gb  stm32l1xx_it.o [4]
SYSCFG_DeInit           0x0800ad4d   0x16  Code  Gb  stm32l1xx_syscfg.o [4]
SYSCFG_EXTILineConfig   0x0800ad93   0x24  Code  Gb  stm32l1xx_syscfg.o [4]
SYSCFG_MemoryRemapConfig
                        0x0800ad75    0x6  Code  Gb  stm32l1xx_syscfg.o [4]
SYSCFG_RIDeInit         0x0800ad63   0x12  Code  Gb  stm32l1xx_syscfg.o [4]
SYSCFG_RIHysteresisConfig
                        0x0800ae65   0x78  Code  Gb  stm32l1xx_syscfg.o [4]
SYSCFG_RIIOSwitchConfig
                        0x0800ae17   0x36  Code  Gb  stm32l1xx_syscfg.o [4]
SYSCFG_RIResistorConfig
                        0x0800ae01   0x16  Code  Gb  stm32l1xx_syscfg.o [4]
SYSCFG_RISwitchControlModeCmd
                        0x0800ae4d   0x18  Code  Gb  stm32l1xx_syscfg.o [4]
SYSCFG_RITIMInputCaptureConfig
                        0x0800adc5   0x3c  Code  Gb  stm32l1xx_syscfg.o [4]
SYSCFG_RITIMSelect      0x0800adb7    0xe  Code  Gb  stm32l1xx_syscfg.o [4]
SYSCFG_USBPuCmd         0x0800ad7b   0x18  Code  Gb  stm32l1xx_syscfg.o [4]
SaveRState              0x20003d68    0x2  Data  Gb  usb_int.o [4]
SaveState               0x20003d86    0x2  Data  Gb  usb_init.o [4]
SaveTState              0x20003d6a    0x2  Data  Gb  usb_int.o [4]
SdkEvalLedGetState      0x08008795   0x1c  Code  Gb  SDK_EVAL_Led.o [4]
SdkEvalLedInit          0x08008719   0x42  Code  Gb  SDK_EVAL_Led.o [4]
SdkEvalLedOff           0x0800876d   0x12  Code  Gb  SDK_EVAL_Led.o [4]
SdkEvalLedOn            0x0800875b   0x12  Code  Gb  SDK_EVAL_Led.o [4]
SdkEvalLedToggle        0x0800877f   0x16  Code  Gb  SDK_EVAL_Led.o [4]
SdkEvalM2SGpioInit      0x080075a1   0xa6  Code  Gb  SDK_EVAL_Spirit_Gpio.o [4]
SdkEvalM2SGpioInterruptCmd
                        0x08007647   0x22  Code  Gb  SDK_EVAL_Spirit_Gpio.o [4]
SdkEvalPmADCInit        0x080079e1   0x5c  Code  Gb  SDK_EVAL_PM.o [4]
SdkEvalPmDigipotRead    0x080078fd   0xe4  Code  Gb  SDK_EVAL_PM.o [4]
SdkEvalPmDigipotWrite   0x080077d1  0x12c  Code  Gb  SDK_EVAL_PM.o [4]
SdkEvalPmGetSettledV    0x08007a93   0x32  Code  Gb  SDK_EVAL_PM.o [4]
SdkEvalPmGetV           0x08007a3d   0x56  Code  Gb  SDK_EVAL_PM.o [4]
SdkEvalPmI2CInit        0x08007735   0x9c  Code  Gb  SDK_EVAL_PM.o [4]
SdkEvalPmRegulateVoltage
                        0x08007ac5  0x10a  Code  Gb  SDK_EVAL_PM.o [4]
SdkEvalPmRegulateVoltageI
                        0x08007bcf  0x102  Code  Gb  SDK_EVAL_PM.o [4]
SdkEvalPmRfSwitchInit   0x08007cd1   0x2c  Code  Gb  SDK_EVAL_PM.o [4]
SdkEvalPmRfSwitchToRcal
                        0x08007d05    0x8  Code  Gb  SDK_EVAL_PM.o [4]
SdkEvalPmRfSwitchToVRf  0x08007cfd    0x8  Code  Gb  SDK_EVAL_PM.o [4]
SdkEvalSpiritCheckShutdown
                        0x080076d5    0x4  Code  Gb  SDK_EVAL_Spirit_Gpio.o [4]
SdkEvalSpiritEnterShutdown
                        0x080076a1    0xa  Code  Gb  SDK_EVAL_Spirit_Gpio.o [4]
SdkEvalSpiritExitShutdown
                        0x080076ab   0x22  Code  Gb  SDK_EVAL_Spirit_Gpio.o [4]
SdkEvalSpiritGpioGetLevel
                        0x08007669   0x24  Code  Gb  SDK_EVAL_Spirit_Gpio.o [4]
SdkEvalSpiritGpioSetLevel
                        0x0800768d   0x14  Code  Gb  SDK_EVAL_Spirit_Gpio.o [4]
SdkEvalVCCableConfig    0x0801593f   0x10  Code  Gb  SDK_EVAL_VC_General.o [4]
SdkEvalVCEnterLowPowerMode
                        0x08015921    0x8  Code  Gb  SDK_EVAL_VC_General.o [4]
SdkEvalVCGetSerialNum   0x08015af7   0x28  Code  Gb  SDK_EVAL_VC_General.o [4]
[...]
rpl_free_dag            0x080105a3   0x38  Code  Gb  rpl-dag.o [4]
rpl_free_instance       0x08010553   0x50  Code  Gb  rpl-dag.o [4]
rpl_get_any_dag         0x08010943   0x2a  Code  Gb  rpl-dag.o [4]
rpl_get_instance        0x0801096d   0x2a  Code  Gb  rpl-dag.o [4]
rpl_init                0x0800ffbd   0x3c  Code  Gb  rpl.o [4]
rpl_invert_header       0x0800e255   0x48  Code  Gb  rpl-ext-header.o [4]
rpl_ipv6_neighbor_callback
                        0x0800ff7f   0x3e  Code  Gb  rpl.o [4]
rpl_join_instance       0x080109b1  0x132  Code  Gb  rpl-dag.o [4]
rpl_link_neighbor_callback
                        0x0800fefd   0x82  Code  Lc  rpl.o [4]
rpl_local_repair        0x08010c39   0x36  Code  Gb  rpl-dag.o [4]
rpl_move_parent         0x080108e7   0x5c  Code  Gb  rpl-dag.o [4]
rpl_nullify_parent      0x080108a7   0x40  Code  Gb  rpl-dag.o [4]
rpl_of_etx              0x20000b88   0x1c  Data  Gb  rpl-of-etx.o [4]
rpl_process_dio         0x08010d29  0x1a0  Code  Gb  rpl-dag.o [4]
rpl_process_parent_event
                        0x08010ce1   0x48  Code  Gb  rpl-dag.o [4]
rpl_purge_routes        0x0800fe09   0x3a  Code  Gb  rpl.o [4]
rpl_recalculate_ranks   0x08010c6f   0x5c  Code  Gb  rpl-dag.o [4]
rpl_remove_header       0x0800e205   0x50  Code  Gb  rpl-ext-header.o [4]
rpl_remove_parent       0x08010887   0x20  Code  Gb  rpl-dag.o [4]
rpl_remove_routes       0x0800fe43   0x24  Code  Gb  rpl.o [4]
rpl_remove_routes_by_nexthop
                        0x0800fe67   0x40  Code  Gb  rpl.o [4]
rpl_repair_root         0x0801034b   0x32  Code  Gb  rpl-dag.o [4]
rpl_reset_dio_timer     0x08010fed   0x1c  Code  Gb  rpl-timers.o [4]
rpl_reset_periodic_timer
                        0x08010fc3   0x2a  Code  Gb  rpl-timers.o [4]
rpl_schedule_dao        0x0801104d   0x38  Code  Gb  rpl-timers.o [4]
rpl_select_dag          0x080106eb  0x15c  Code  Gb  rpl-dag.o [4]
rpl_select_parent       0x08010847   0x40  Code  Gb  rpl-dag.o [4]
rpl_set_default_instance
                        0x0801054b    0x8  Code  Gb  rpl-dag.o [4]
rpl_set_default_route   0x0801045b   0x48  Code  Gb  rpl-dag.o [4]
rpl_set_prefix          0x08010419   0x42  Code  Gb  rpl-dag.o [4]
rpl_set_root            0x08010281   0xca  Code  Gb  rpl-dag.o [4]
rpl_update_header_empty
                        0x0800e0e3   0x9e  Code  Gb  rpl-ext-header.o [4]
rpl_update_header_final
                        0x0800e181   0x84  Code  Gb  rpl-ext-header.o [4]
rpl_verify_header       0x0800dfe9   0x82  Code  Gb  rpl-ext-header.o [4]
rsbox                   0x080132e8  0x100  Data  Lc  aes.o [4]
rtimer_arch_init        0x0800369f   0x88  Code  Gb  rtimer-arch.o [4]
rtimer_arch_now         0x08003727    0x8  Code  Gb  rtimer-arch.o [4]
rtimer_arch_schedule    0x08003735    0x2  Code  Gb  rtimer-arch.o [4]
rtimer_clock            0x20003d58    0x4  Data  Gb  rtimer-arch.o [4]
rtimer_init             0x08015bc5    0x4  Code  Gb  rtimer.o [4]
rtimer_run_next         0x08015bf5   0x28  Code  Gb  rtimer.o [4]
rtimer_set              0x08015bc9   0x2c  Code  Gb  rtimer.o [4]
rxHead                  0x20003c22    0x2  Data  Gb  SDK_EVAL_VC_General.o [4]
rxQ                     0x2000273c  0x400  Data  Gb  SDK_EVAL_VC_General.o [4]
rxTail                  0x20003c24    0x2  Data  Gb  SDK_EVAL_VC_General.o [4]
rxUsed                  0x20003c26    0x2  Data  Gb  SDK_EVAL_VC_General.o [4]
s                       0x200038e0   0x44  Data  Lc  tcpip.o [4]
s_cCommunicationState   0x20000c05    0x1  Data  Lc  SPIRIT_Management.o [4]
s_lVCTxBufferInIndex    0x20003c78    0x4  Data  Gb  SDK_EVAL_VC_General.o [4]
s_lVCTxBufferOutIndex   0x20003c7c    0x4  Data  Gb  SDK_EVAL_VC_General.o [4]
s_lVCTxDataLength       0x20003c80    0x4  Data  Gb  SDK_EVAL_VC_General.o [4]
s_lXtalFrequency        0x20003d5c    0x4  Data  Lc  SPIRIT_Radio.o [4]
s_nDesiredFrequency     0x20000c08    0x4  Data  Lc  SPIRIT_Management.o [4]
s_vectcBHalfFactor      0x08004604    0x4  Data  Lc  SPIRIT_Management.o [4]
s_vectcBHalfFactor      0x08000f3c    0x4  Data  Lc  SPIRIT_Radio.o [4]
s_vectcBandRegValue     0x08004608    0x4  Data  Lc  SPIRIT_Management.o [4]
s_vectcBandRegValue     0x08000ec8    0x4  Data  Lc  SPIRIT_Radio.o [4]
s_vectcM2SGpioExtiIrqn  0x08007730    0x4  Data  Lc  SDK_EVAL_Spirit_Gpio.o [4]
s_vectcM2SGpioExtiPinSource
                        0x08007724    0x4  Data  Lc  SDK_EVAL_Spirit_Gpio.o [4]
s_vectcM2SGpioExtiPortSource
                        0x08007720    0x4  Data  Lc  SDK_EVAL_Spirit_Gpio.o [4]
s_vectcVCTxBuffer       0x2000233c  0x400  Data  Gb  SDK_EVAL_VC_General.o [4]
s_vectlGpioClk          0x080087c0   0x14  Data  Lc  SDK_EVAL_Led.o [4]
s_vectlM2SExtiLine      0x08007710   0x10  Data  Lc  SDK_EVAL_Spirit_Gpio.o [4]
s_vectlM2SGpioClk       0x080076e4   0x14  Data  Lc  SDK_EVAL_Spirit_Gpio.o [4]
s_vectnBandwidth26M     0x08001718   0xb4  Data  Lc  SPIRIT_Radio.o [4]
s_vectnGpioPin          0x080087b4    0xc  Data  Lc  SDK_EVAL_Led.o [4]
s_vectnM2SGpioPin       0x080076d8    0xc  Data  Lc  SDK_EVAL_Spirit_Gpio.o [4]
s_vectnVCOFreq          0x08000970   0x20  Data  Lc  SPIRIT_Radio.o [4]
s_vectxDigipotAddress   0x08007d68    0x2  Data  Lc  SDK_EVAL_PM.o [4]
s_vectxM2SGpioExtiTrigger
                        0x0800772c    0x4  Data  Lc  SDK_EVAL_Spirit_Gpio.o [4]
s_vectxM2SGpioOType     0x08007708    0x8  Data  Lc  SDK_EVAL_Spirit_Gpio.o [4]
s_vectxM2SGpioPuPd      0x08007700    0x8  Data  Lc  SDK_EVAL_Spirit_Gpio.o [4]
s_vectxM2SGpioSpeed     0x080076f8    0x8  Data  Lc  SDK_EVAL_Spirit_Gpio.o [4]
s_vectxM2sGpioExtiMode  0x08007728    0x4  Data  Lc  SDK_EVAL_Spirit_Gpio.o [4]
s_xRfBoardIdentification
                        0x20000bf8    0xc  Data  Lc  SPIRIT_Management.o [4]
s_xSpiritVersion        0x20003d90    0x1  Data  Lc  SPIRIT_General.o [4]
s_xTIM3Ch4CompareModeRaised
                        0x20000c04    0x1  Data  Lc  SPIRIT_Management.o [4]
sbox                    0x080131e8  0x100  Data  Lc  aes.o [4]
seconds                 0x20003cdc    0x4  Data  Lc  clock.o [4]
send_list               0x080168c5   0x20  Code  Lc  nullrdc.o [4]
send_packet             0x080167a5  0x120  Code  Lc  nullrdc.o [4]
send_packet             0x0801631f  0x138  Code  Lc  csma.o [4]
send_packet             0x08012225   0x20  Code  Lc  sicslowpan.o [4]
set16                   0x0800f0b9    0xa  Code  Lc  rpl-icmp6.o [4]
set32                   0x0800f097   0x16  Code  Lc  rpl-icmp6.o [4]
set_attr                0x080116eb   0x1c  Code  Lc  neighbor-attr.o [4]
set_global_address      0x080164eb   0x60  Code  Lc  simple-rpl.o [4]
set_ip_from_prefix      0x0801037d   0x30  Code  Lc  rpl-dag.o [4]
set_packet_attrs        0x080118f7   0x4e  Code  Lc  sicslowpan.o [4]
set_rime_addr           0x0801560b   0x40  Code  Lc  contiki-spirit1-main.o [2]
set_rpl_opt             0x0800e06b   0x78  Code  Lc  rpl-ext-header.o [4]
should_send_dao         0x080101e5   0x30  Code  Lc  rpl-dag.o [4]
show_leds               0x08015c21    0xc  Code  Lc  leds.o [4]
sicslowpan_aligned_buf  0x2000322c  0x118  Data  Lc  sicslowpan.o [4]
sicslowpan_driver       0x080178e4    0xc  Data  Gb  sicslowpan.o [4]
sicslowpan_init         0x08012681   0x2e  Code  Gb  sicslowpan.o [4]
sicslowpan_len          0x20003ad4    0x2  Data  Lc  sicslowpan.o [4]
simple_rpl_global_repair
                        0x08016635   0x24  Code  Gb  simple-rpl.o [4]
simple_rpl_init         0x0801654b   0x18  Code  Gb  simple-rpl.o [4]
simple_rpl_init_dag     0x080165ff   0x1a  Code  Gb  simple-rpl.o [4]
simple_rpl_init_dag_immediately
                        0x08016563   0x9c  Code  Gb  simple-rpl.o [4]
simple_rpl_local_repair
                        0x08016659   0x10  Code  Gb  simple-rpl.o [4]
spirit1_arch_refresh_status
                        0x08003759   0x7c  Code  Gb  spirit1-arch.o [4]
spirit1_interrupt_callback
                        0x0800705b   0xd2  Code  Gb  spirit1.o [4]
spirit1_printstatus     0x080068ad   0x56  Code  Gb  spirit1.o [4]
spirit1_strobe          0x08006903    0x4  Code  Lc  spirit1.o [4]
spirit_on               0x20000900    0x4  Data  Lc  spirit1.o [4]
spirit_radio_channel_clear
                        0x08006cef   0xd2  Code  Lc  spirit1.o [4]
spirit_radio_driver     0x080177bc   0x2c  Data  Gb  spirit1.o [4]
spirit_radio_init       0x080069bb  0x140  Code  Lc  spirit1.o [4]
spirit_radio_off        0x08006dd5   0x90  Code  Lc  spirit1.o [4]
spirit_radio_on         0x08006e65   0xa2  Code  Lc  spirit1.o [4]
spirit_radio_pending_packet
                        0x08006dc7    0xe  Code  Lc  spirit1.o [4]
spirit_radio_prepare    0x08006afb   0x96  Code  Lc  spirit1.o [4]
spirit_radio_process    0x20000918   0x10  Data  Gb  spirit1.o [4]
spirit_radio_read       0x08006cc1   0x2e  Code  Lc  spirit1.o [4]
spirit_radio_receiving_packet
                        0x08006dc1    0x6  Code  Lc  spirit1.o [4]
spirit_radio_send       0x08006ca9   0x18  Code  Lc  spirit1.o [4]
spirit_radio_transmit   0x08006b91  0x118  Code  Lc  spirit1.o [4]
spirit_rxbuf            0x2000089c   0x64  Data  Lc  spirit1.o [4]
spirit_txbuf            0x20000899    0x1  Data  Lc  spirit1.o [4]
spiritdk_timer_expired  0x20003d91    0x1  Data  Gb  spirit1-arch.o [4]
srand                   0x0801140d   0x20  Code  Gb  srand.o [5]
start_periodic_tcp_timer
                        0x0800e5ad   0x20  Code  Lc  tcpip.o [4]
stimer_elapsed          0x0800fdf9    0xe  Code  Gb  stimer.o [4]
stimer_expired          0x0800fdcd   0x1c  Code  Gb  stimer.o [4]
stimer_remaining        0x0800fde9   0x10  Code  Gb  stimer.o [4]
stimer_reset            0x0800fdb7    0xa  Code  Gb  stimer.o [4]
stimer_restart          0x0800fdc1    0xc  Code  Gb  stimer.o [4]
stimer_set              0x0800fda9    0xe  Code  Gb  stimer.o [4]
strchr                  0x0800c2f1         Code  Gb  strchr.o [7]
strlen                  0x0800c309         Code  Gb  strlen.o [7]
subscriber_callback     0x20000a90    0x4  Data  Lc  neighbor-info.o [4]
tcp_attach              0x0800e69d   0x10  Code  Gb  tcpip.o [4]
tcp_connect             0x0800e607   0x24  Code  Gb  tcpip.o [4]
tcp_listen              0x0800e667   0x36  Code  Gb  tcpip.o [4]
tcp_unlisten            0x0800e62b   0x3c  Code  Gb  tcpip.o [4]
tcpip_event             0x200038d8    0x1  Data  Gb  tcpip.o [4]
tcpip_input             0x0800e835   0x18  Code  Gb  tcpip.o [4]
tcpip_ipv6_output       0x0800e84d  0x120  Code  Gb  tcpip.o [4]
tcpip_output            0x0800e595   0x10  Code  Gb  tcpip.o [4]
tcpip_poll_tcp          0x0800e977    0xa  Code  Gb  tcpip.o [4]
tcpip_poll_udp          0x0800e96d    0xa  Code  Gb  tcpip.o [4]
tcpip_process           0x20000c2c   0x10  Data  Gb  tcpip.o [4]
tcpip_set_outputfunc    0x0800e5a5    0x8  Code  Gb  tcpip.o [4]
tcpip_uipcall           0x0800e981   0x66  Code  Gb  tcpip.o [4]
ticks                   0x20003ce0    0x4  Data  Lc  clock.o [4]
timeout                 0x200009c0    0x2  Data  Lc  neighbor-attr.o [4]
timeout_check           0x0801184f   0x56  Code  Lc  neighbor-attr.o [4]
timer_expired           0x08011237   0x18  Code  Gb  timer.o [4]
timer_remaining         0x0801124f   0x10  Code  Gb  timer.o [4]
timer_reset             0x08011221    0xa  Code  Gb  timer.o [4]
timer_restart           0x0801122b    0xc  Code  Gb  timer.o [4]
timer_set               0x08011213    0xe  Code  Gb  timer.o [4]
timerlist               0x20003ce4    0x4  Data  Lc  etimer.o [4]
tmp16                   0x20003aa8    0x2  Data  Lc  uip6.o [4]
tmp_ipaddr              0x20003cb4   0x10  Data  Lc  uip-icmp6.o [4]
to_become_root          0x20003b30    0x1  Data  Lc  simple-rpl.o [4]
transmit_packet_list    0x080161ab   0x24  Code  Lc  csma.o [4]
ttl_values              0x0801270c    0x4  Data  Lc  sicslowpan.o [4]
udp_attach              0x0800e6ad    0xe  Code  Gb  tcpip.o [4]
udp_broadcast_new       0x0800e6db   0x36  Code  Gb  tcpip.o [4]
udp_new                 0x0800e6bb   0x20  Code  Gb  tcpip.o [4]
uip_acc32               0x20003a98    0x4  Data  Gb  uip6.o [4]
uip_add32               0x0800c545   0x5a  Code  Gb  uip6.o [4]
uip_add_rcv_nxt         0x0800c8ef   0x28  Code  Lc  uip6.o [4]
uip_aligned_buf         0x20002dbc  0x118  Data  Gb  uip6.o [4]
uip_appdata             0x20003ac0    0x4  Data  Gb  uip6.o [4]
uip_chksum              0x0800c5d9   0x14  Code  Gb  uip6.o [4]
uip_conn                0x20003ac8    0x4  Data  Gb  uip6.o [4]
uip_connect             0x0800c6a5  0x118  Code  Gb  uip6.o [4]
uip_conns               0x20002ed4   0xc0  Data  Gb  uip6.o [4]
uip_debug_ipaddr_print  0x08015139   0x52  Code  Gb  uip-debug.o [4]
uip_debug_lladdr_print  0x0801518b   0x24  Code  Gb  uip-debug.o [4]
uip_ds6_aaddr_add       0x0800de39   0x38  Code  Gb  uip-ds6.o [4]
uip_ds6_aaddr_lookup    0x0800de7b   0x22  Code  Gb  uip-ds6.o [4]
uip_ds6_aaddr_rm        0x0800de71    0xa  Code  Gb  uip-ds6.o [4]
uip_ds6_addr_add        0x0800dc4f   0x8a  Code  Gb  uip-ds6.o [4]
uip_ds6_addr_lookup     0x0800dd17   0x26  Code  Gb  uip-ds6.o [4]
uip_ds6_addr_rm         0x0800dcd9   0x3e  Code  Gb  uip-ds6.o [4]
uip_ds6_addr_size       0x20000cac    0x1  Data  Gb  uip-ds6.o [4]
uip_ds6_compute_reachable_time
                        0x0800df95   0x22  Code  Gb  uip-ds6.o [4]
uip_ds6_defrt_add       0x0800fa6b   0x58  Code  Gb  uip-ds6-route.o [4]
uip_ds6_defrt_choose    0x0800fb2d   0x38  Code  Gb  uip-ds6-route.o [4]
uip_ds6_defrt_lookup    0x0800fafd   0x30  Code  Gb  uip-ds6-route.o [4]
uip_ds6_defrt_periodic  0x0800fb65   0x3e  Code  Gb  uip-ds6-route.o [4]
uip_ds6_defrt_rm        0x0800fac3   0x3a  Code  Gb  uip-ds6-route.o [4]
uip_ds6_get_global      0x0800dd85   0x48  Code  Gb  uip-ds6.o [4]
uip_ds6_get_link_local  0x0800dd3d   0x48  Code  Gb  uip-ds6.o [4]
uip_ds6_if              0x20003344  0x108  Data  Gb  uip-ds6.o [4]
uip_ds6_init            0x0800d765   0xd2  Code  Gb  uip-ds6.o [4]
uip_ds6_is_addr_onlink  0x0800dc11   0x3e  Code  Gb  uip-ds6.o [4]
uip_ds6_list_loop       0x0800d9a1   0x5e  Code  Gb  uip-ds6.o [4]
uip_ds6_maddr_add       0x0800ddcd   0x3c  Code  Gb  uip-ds6.o [4]
uip_ds6_maddr_lookup    0x0800de13   0x26  Code  Gb  uip-ds6.o [4]
uip_ds6_maddr_rm        0x0800de09    0xa  Code  Gb  uip-ds6.o [4]
uip_ds6_nbr_add         0x0800d9ff   0xea  Code  Gb  uip-ds6.o [4]
uip_ds6_nbr_cache       0x20000cd4  0x618  Data  Gb  uip-ds6.o [4]
uip_ds6_nbr_ll_lookup   0x0800db29   0x40  Code  Gb  uip-ds6.o [4]
uip_ds6_nbr_lookup      0x0800daf7   0x32  Code  Gb  uip-ds6.o [4]
uip_ds6_nbr_rm          0x0800dae9    0xe  Code  Gb  uip-ds6.o [4]
uip_ds6_netif_addr_list_offset
                        0x20000cad    0x1  Data  Gb  uip-ds6.o [4]
uip_ds6_notification_add
                        0x0800f8d5   0x16  Code  Gb  uip-ds6-route.o [4]
uip_ds6_notification_rm
                        0x0800f8eb    0xa  Code  Gb  uip-ds6-route.o [4]
uip_ds6_periodic        0x0800d839  0x168  Code  Gb  uip-ds6.o [4]
uip_ds6_prefix_add      0x0800db69   0x76  Code  Gb  uip-ds6.o [4]
uip_ds6_prefix_list     0x200012ec   0x60  Data  Gb  uip-ds6.o [4]
uip_ds6_prefix_lookup   0x0800dbe9   0x28  Code  Gb  uip-ds6.o [4]
uip_ds6_prefix_rm       0x0800dbdf    0xa  Code  Gb  uip-ds6.o [4]
uip_ds6_route_add       0x0800f96d   0x76  Code  Gb  uip-ds6-route.o [4]
uip_ds6_route_init      0x0800f8f5   0x2a  Code  Gb  uip-ds6-route.o [4]
uip_ds6_route_list_head
                        0x0800f91f    0x8  Code  Gb  uip-ds6-route.o [4]
uip_ds6_route_lookup    0x0800f92f   0x3e  Code  Gb  uip-ds6-route.o [4]
uip_ds6_route_num_routes
                        0x0800f927    0x8  Code  Gb  uip-ds6-route.o [4]
uip_ds6_route_rm        0x0800f9e3   0x3c  Code  Gb  uip-ds6-route.o [4]
uip_ds6_route_rm_by_nexthop
                        0x0800fa1f   0x4c  Code  Gb  uip-ds6-route.o [4]
uip_ds6_select_src      0x0800de9d   0xa6  Code  Gb  uip-ds6.o [4]
uip_ds6_set_addr_iid    0x0800df43   0x18  Code  Gb  uip-ds6.o [4]
uip_ds6_timer_periodic  0x20000cc4   0x10  Data  Gb  uip-ds6.o [4]
uip_ds6_timer_ra        0x20003d04    0x8  Data  Gb  uip-ds6.o [4]
uip_ext_bitmap          0x20003a9c    0x1  Data  Gb  uip6.o [4]
uip_ext_len             0x20003a9d    0x1  Data  Gb  uip6.o [4]
uip_ext_opt_offset      0x20003a9e    0x1  Data  Gb  uip6.o [4]
uip_flags               0x20003a9f    0x1  Data  Gb  uip6.o [4]
uip_htonl               0x0800d705   0x1c  Code  Gb  uip6.o [4]
uip_htons               0x0800d6fb    0xa  Code  Gb  uip6.o [4]
uip_icmp6_echo_request_input
                        0x0800e2ad   0xfc  Code  Gb  uip-icmp6.o [4]
uip_icmp6_error_output  0x0800e3a9  0x160  Code  Gb  uip-icmp6.o [4]
uip_icmp6_send          0x0800e509   0x78  Code  Gb  uip-icmp6.o [4]
uip_icmp6chksum         0x0800c637    0x4  Code  Gb  uip6.o [4]
uip_init                0x0800c643   0x62  Code  Gb  uip6.o [4]
uip_len                 0x20003aa2    0x2  Data  Gb  uip6.o [4]
uip_listen              0x0800c8cb   0x24  Code  Gb  uip6.o [4]
uip_listenports         0x20003aac   0x10  Data  Gb  uip6.o [4]
uip_lladdr              0x20003d0c    0x8  Data  Gb  uip6.o [4]
uip_nd6_na_input        0x0800ee49  0x1d4  Code  Gb  uip-nd6.o [4]
uip_nd6_ns_input        0x0800eabb  0x232  Code  Gb  uip-nd6.o [4]
uip_nd6_ns_output       0x0800eced  0x15c  Code  Gb  uip-nd6.o [4]
uip_next_hdr            0x20003abc    0x4  Data  Gb  uip6.o [4]
uip_process             0x0800c9d9  0xd22  Code  Gb  uip6.o [4]
uip_rpl_input           0x0800f7cd   0x3c  Code  Gb  rpl-icmp6.o [4]
uip_sappdata            0x20003ac4    0x4  Data  Gb  uip6.o [4]
uip_send                0x0800d721   0x2e  Code  Gb  uip6.o [4]
uip_slen                0x20003aa4    0x2  Data  Gb  uip6.o [4]
uip_tcpchksum           0x0800c63b    0x4  Code  Gb  uip6.o [4]
uip_udp_conn            0x20003acc    0x4  Data  Gb  uip6.o [4]
uip_udp_conns           0x20002f94  0x180  Data  Gb  uip6.o [4]
uip_udp_new             0x0800c809   0x9c  Code  Gb  uip6.o [4]
uip_udpchksum           0x0800c63f    0x4  Code  Gb  uip6.o [4]
uip_unlisten            0x0800c8a5   0x26  Code  Gb  uip6.o [4]
unc_ctxconf             0x08012700    0x4  Data  Gb  sicslowpan.o [4]
unc_llconf              0x080126fc    0x4  Data  Gb  sicslowpan.o [4]
unc_mxconf              0x08012704    0x4  Data  Gb  sicslowpan.o [4]
uncomp_hdr_len          0x20003ad2    0x1  Data  Lc  sicslowpan.o [4]
uncompress_addr         0x08011a51   0x84  Code  Lc  sicslowpan.o [4]
uncompress_hdr_hc06     0x08011ed7  0x32e  Code  Lc  sicslowpan.o [4]
update_metric           0x08011261   0x86  Code  Lc  neighbor-info.o [4]
update_metric_container
                        0x080173b3   0x36  Code  Lc  rpl-of-etx.o [4]
update_time             0x0800fba9   0x3c  Code  Lc  etimer.o [4]
upper_layer_chksum      0x0800c5ed   0x4a  Code  Lc  uip6.o [4]
vectpxGpioPort          0x20000bbc   0x14  Data  Gb  SDK_EVAL_Led.o [4]
vectpxM2SGpioPort       0x20000be4   0x14  Data  Gb  SDK_EVAL_Spirit_Gpio.o [4]
wInterrupt_Mask         0x20003d88    0x2  Data  Gb  usb_init.o [4]
wIstr                   0x20003d66    0x2  Data  Gb  SDK_EVAL_VC_Istr.o [4]
wants_an_ack            0x20000904    0x4  Data  Lc  spirit1.o [4]
watchdog_init           0x08012711    0x2  Code  Gb  watchdog.o [4]
watchdog_periodic       0x08012715    0x2  Code  Gb  watchdog.o [4]
watchdog_reboot         0x08012719    0x2  Code  Gb  watchdog.o [4]
watchdog_start          0x08012713    0x2  Code  Gb  watchdog.o [4]
watchdog_stop           0x08012717    0x2  Code  Gb  watchdog.o [4]
xLinecoding             0x20000c78    0x8  Data  Gb  SDK_EVAL_VC_Prop.o [4]
xSpiritVersionMap       0x0800460c    0xc  Data  Gb  SPIRIT_Management.o [4]


[1] = C:\cygwin\home\Administrator\thingsquare-mist-1.0.1\examples\router-node
[2] = C:\cygwin\home\Administrator\thingsquare-mist-1.0.1\examples\router-node\obj_mist-spirit1
[3] = command line
[4] = contiki-mist-spirit1.a
[5] = dl7M_tln.a
[6] = m7M_tl.a
[7] = rt7M_tl.a
[8] = shb_l.a

  96 332 bytes of readonly  code memory
   1 254 bytes of readonly  data memory
  15 765 bytes of readwrite data memory

Errors: 3
Warnings: none
