###############################################################################
#                                                                             #
# IAR ELF Linker V6.30.6.53336/W32 for ARM              16/Jul/2013  08:51:37 #
# Copyright 2007-2012 IAR Systems AB.                                         #
#                                                                             #
#    Output file  =  blink.mist-spirit1-F4                                    #
#    Map file     =  contiki-mist-spirit1-F4.map                              #
#    Command line =  --config "C:/Programmi/IAR Systems/Embedded Workbench    #
#                    6.0/arm/config/linker/ST/stm32f4xx_flash.icf" --entry    #
#                    __iar_program_start --redirect _Printf=_PrintfLarge      #
#                    --redirect _Scanf=_ScanfLarge --semihosting              #
#                    --no_exceptions --no_remove --cpu=Cortex-M4 --log        #
#                    libraries,initialization,modules,redirects,sections,     #
#                    veneers,unused_fragments --log_file                      #
#                    contiki-mist-spirit1-F4.log --map                        #
#                    contiki-mist-spirit1-F4.map --vfe -o                     #
#                    blink.mist-spirit1-F4 blink.co                           #
#                    obj_mist-spirit1-F4/contiki-spirit1-main.o               #
#                    obj_mist-spirit1-F4/startup_stm32f4xx.o                  #
#                    contiki-mist-spirit1-F4.a                                #
#                                                                             #
#                                                                             #
###############################################################################

*******************************************************************************
*** RUNTIME MODEL ATTRIBUTES
***

CppFlavor       = *
__SystemLibrary = DLib


*******************************************************************************
*** PLACEMENT SUMMARY
***

"A1":  place at 0x08000000 { ro section .intvec };
"P1":  place in [from 0x08000000 to 0x080fffff] { ro };
"P2":  place in [from 0x20000000 to 0x20020000] { rw, block CSTACK, block HEAP };

  Section                Kind        Address     Size  Object
  -------                ----        -------     ----  ------
"A1":                                           0x188
  .intvec                ro code  0x08000000    0x188  startup_stm32f4xx.o [2]
                                - 0x08000188    0x188

"P1":                                         0x15868
  .text                  ro code  0x08000188   0x2870  SPIRIT_Radio.o [4]
  .text                  ro code  0x080029f8    0x328  SPIRIT_General.o [4]
  .text                  ro code  0x08002d20    0x5e8  SDK_EVAL_Spirit_Spi_Driver.o [4]
  .text                  ro code  0x08003308     0x32  I32ToFlt.o [6]
  .text                  ro code  0x0800333a     0x22  zero_init3.o [7]
  .text                  ro code  0x0800335c     0xd8  FltMul.o [6]
  .text                  ro code  0x08003434     0x4e  FltToDbl.o [6]
  .rodata                const    0x08003482      0x2  SPIRIT_Radio.o [4]
  .text                  ro code  0x08003484    0x246  DblDiv.o [6]
  .text                  ro code  0x080036cc     0x58  DblToI32.o [6]
  .text                  ro code  0x08003724     0xaa  rtimer-arch.o [4]
  .text                  ro code  0x080037d0     0xa8  spirit1-arch.o [4]
  .text                  ro code  0x08003878     0xfc  FltDiv.o [6]
  .text                  ro code  0x08003974     0x44  FltToS32.o [6]
  .text                  ro code  0x080039b8     0x40  lroundf.o [6]
  .text                  ro code  0x080039f8     0x84  FltAdd.o [6]
  .text                  ro code  0x08003a7c     0x24  FltToU32.o [6]
  .text                  ro code  0x08003aa0    0xc1c  SPIRIT_Management.o [4]
  .text                  ro code  0x080046bc     0x30  I32ToDbl.o [6]
  .text                  ro code  0x080046ec    0x1a2  DblMul.o [6]
  .text                  ro code  0x08004890     0xe8  DblAdd.o [6]
  .text                  ro code  0x08004978     0x90  DblToFlt.o [6]
  .text                  ro code  0x08004a08    0x860  pow.o [6]
  .text                  ro code  0x08005268    0x346  SPIRIT_Calibration.o [4]
  .text                  ro code  0x080055b0     0xe6  FltSub.o [6]
  .text                  ro code  0x08005698     0x24  FltCmpGe.o [6]
  .text                  ro code  0x080056bc    0x180  DblSub.o [6]
  .text                  ro code  0x0800583c     0x2e  DblCmpGe.o [6]
  .text                  ro code  0x0800586a      0x8  log2.o [6]
  .text                  ro code  0x08005874    0x470  stm32f4xx_rcc.o [4]
  .text                  ro code  0x08005ce4    0x234  stm32f4xx_gpio.o [4]
  .text                  ro code  0x08005f18    0x33c  stm32f4xx_spi.o [4]
  .text                  ro code  0x08006254    0xa8e  stm32f4xx_tim.o [4]
  .text                  ro code  0x08006ce4     0xc4  misc.o [4]
  .text                  ro code  0x08006da8     0xdc  stm32f4xx_exti.o [4]
  .text                  ro code  0x08006e84    0x97c  spirit1.o [4]
  .text                  ro code  0x08007800     0x38  roundf.o [6]
  .text                  ro code  0x08007838     0x24  FltCmpLe.o [6]
  .text                  ro code  0x0800785c      0xc  errno.o [5]
  .text                  ro code  0x08007868    0x31c  SPIRIT_Gpio.o [4]
  .text                  ro code  0x08007b84    0x198  SDK_EVAL_Spirit_Gpio.o [4]
  .text                  ro code  0x08007d1c    0x62a  SDK_EVAL_PM.o [4]
  .text                  ro code  0x08008348    0x191  netstack.o [4]
  .text                  ro code  0x080084dc     0x24  SPIRIT_Types.o [4]
  .text                  ro code  0x08008500     0x1c  SPIRIT_Commands.o [4]
  .text                  ro code  0x0800851c     0x44  xdnorm.o [6]
  .text                  ro code  0x08008560     0x80  xdint.o [6]
  .text                  ro code  0x080085e0     0x20  DblCmpEq.o [6]
  .text                  ro code  0x08008600     0x2e  DblCmpLe.o [6]
  .text                  ro code  0x08008630    0x364  xlog.o [6]
  .text                  ro code  0x08008994    0x2f4  xexp.o [6]
  .text                  ro code  0x08008c88     0x24  printf.o [5]
  .text                  ro code  0x08008cac    0x1dc  SPIRIT_Irq.o [4]
  .text                  ro code  0x08008e88     0xbc  SDK_EVAL_Led.o [4]
  .text                  ro code  0x08008f44     0x76  ABImemcpy.o [7]
  .text                  ro code  0x08008fbc    0x514  SPIRIT_PktBasic.o [4]
  .text                  ro code  0x080094d0    0x46c  SPIRIT_Qi.o [4]
  .text                  ro code  0x0800993c    0x5c4  SPIRIT_Timer.o [4]
  .text                  ro code  0x08009f00    0x254  process.o [4]
  .text                  ro code  0x0800a154    0x304  frame802154.o [4]
  .text                  ro code  0x0800a458      0xc  contiki-spirit1-main.o [2]
  .text                  ro code  0x0800a464    0x240  packetbuf.o [4]
  .text                  ro code  0x0800a6a4     0x3c  rimeaddr.o [4]
  .text                  ro code  0x0800a6e0    0x1f8  SPIRIT_LinearFifo.o [4]
  .text                  ro code  0x0800a8d8    0xbc0  SPIRIT_PktCommon.o [4]
  .text                  ro code  0x0800b498     0x50  xfdint.o [6]
  .text                  ro code  0x0800b4e8      0x2  xtls.o [5]
  .text                  ro code  0x0800b4ec     0x74  stm32f4xx_syscfg.o [4]
  .text                  ro code  0x0800b560    0x3ce  stm32f4xx_i2c.o [4]
  .text                  ro code  0x0800b930    0x392  stm32f4xx_adc.o [4]
  .text                  ro code  0x0800bcc4    0x360  netstack-aes.o [4]
  .text                  ro code  0x0800c024    0x11a  xdscale.o [6]
  .text                  ro code  0x0800c140    0xb72  xprintflarge.o [5]
  .text                  ro code  0x0800ccb2     0x14  contiki-spirit1-main.o [2]
  .text                  ro code  0x0800ccc8    0x6c8  aes-ccm.o [4]
  .text                  ro code  0x0800d390     0x16  strchr.o [7]
  .text                  ro code  0x0800d3a8     0x36  strlen.o [7]
  .text                  ro code  0x0800d3e0     0x58  memchr.o [7]
  .text                  ro code  0x0800d438    0x132  I64DivMod.o [7]
  .text                  ro code  0x0800d56a      0xe  div.o [5]
  .text                  ro code  0x0800d578     0x66  ABImemset.o [7]
  .text                  ro code  0x0800d5e0    0xb20  aes.o [4]
  .text                  ro code  0x0800e100      0x2  I64DivZer.o [7]
  .text                  ro code  0x0800e104   0x1228  uip6.o [4]
  .text                  ro code  0x0800f32c    0x878  uip-ds6.o [4]
  .text                  ro code  0x0800fba4      0xc  uip-icmp6.o [4]
  .text                  ro code  0x0800fbb0    0x2c8  rpl-ext-header.o [4]
  .text                  ro code  0x0800fe78    0x2e8  uip-icmp6.o [4]
  .text                  ro code  0x08010160    0x500  tcpip.o [4]
  .text                  ro code  0x08010660    0x5a4  uip-nd6.o [4]
  .text                  ro code  0x08010c04    0x7f0  rpl-icmp6.o [4]
  .text                  ro code  0x080113f4     0x62  memcmp.o [7]
  .text                  ro code  0x08011458    0x320  uip-ds6-route.o [4]
  .text                  ro code  0x08011778    0x200  etimer.o [4]
  .text                  ro code  0x08011978     0x5e  stimer.o [4]
  .text                  ro code  0x080119d8    0x1fc  rpl.o [4]
  .text                  ro code  0x08011bd4     0x96  clock.o [4]
  .text                  ro code  0x08011c6a      0xe  random.o [4]
  .text                  ro code  0x08011c78     0x78  ABImemmove.o [7]
  .text                  ro code  0x08011cf0    0xda8  rpl-dag.o [4]
  .text                  ro code  0x08012a98    0x1d0  rpl-timers.o [4]
  .text                  ro code  0x08012c68     0xe8  list.o [4]
  .text                  ro code  0x08012d50     0x92  memb.o [4]
  .text                  ro code  0x08012de2     0x4c  timer.o [4]
  .text                  ro code  0x08012e30    0x128  neighbor-info.o [4]
  .text                  ro code  0x08012f58      0xa  energest.o [4]
  .text                  ro code  0x08012f64     0x78  stm32f4xx_systick.o [4]
  .text                  ro code  0x08012fdc     0x20  srand.o [5]
  .text                  ro code  0x08012ffc     0xc4  rand.o [5]
  .text                  ro code  0x080130c0    0x1b8  ctimer.o [4]
  .text                  ro code  0x08013278    0x23c  neighbor-attr.o [4]
  .text                  ro code  0x080134b4    0xe30  sicslowpan.o [4]
  .text                  ro code  0x080142e4      0xa  watchdog.o [4]
  .text                  ro code  0x080142f0    0x1b6  queuebuf.o [4]
  .text                  ro code  0x080144a8    0x33c  csma.o [4]
  .text                  ro code  0x080147e4     0x12  mac.o [4]
  .text                  ro code  0x080147f8    0x288  contiki-spirit1-main.o [2]
  .text                  ro code  0x08014a80     0x64  stm32f4xx_dbgmcu.o [4]
  .text                  ro code  0x08014ae4     0x5c  rtimer.o [4]
  .text                  ro code  0x08014b40     0x78  leds.o [4]
  .text                  ro code  0x08014bb8     0x26  node-id.o [4]
  .text                  ro code  0x08014bde     0x32  autostart.o [4]
  .text                  ro code  0x08014c10     0x28  putchar.o [5]
  .text                  ro code  0x08014c38     0x8e  leds-arch.o [4]
  .text                  ro code  0x08014cc6     0x10  write.o [8]
  .text                  ro code  0x08014cd6     0x1e  dwrite.o [8]
  .text                  ro code  0x08014cf4     0x20  iarwstd.o [8]
  .text                  ro code  0x08014d14     0x22  iarwrite.o [8]
  .text                  ro code  0x08014d38     0x6c  iarttio.o [8]
  .text                  ro code  0x08014da4      0x8  XShttio.o [5]
  .text                  ro code  0x08014dac    0x222  nullrdc.o [4]
  .text                  ro code  0x08014fd0    0x1b2  framer-802154.o [4]
  .text                  ro code  0x08015184    0x174  system_stm32f4xx.o [4]
  .text                  ro code  0x080152f8    0x11a  rpl-of-etx.o [4]
  .text                  ro code  0x08015412     0xa0  packbits_init3.o [7]
  .text                  ro code  0x080154b4     0x80  blink.co [1]
  .rodata                const    0x08015534     0x40  spirit1.o [4]
  .text                  ro code  0x08015574     0x2c  data_init3.o [7]
  .rodata                const    0x080155a0     0x28  nullrdc.o [4]
  .rodata                const    0x080155c8     0x24  csma.o [4]
  .iar.init_table        const    0x080155ec     0x2c  - Linker created -
  .rodata                const    0x08015618     0x18  sicslowpan.o [4]
  .text                  ro code  0x08015630     0x16  cmain.o [7]
  .text                  ro code  0x08015646      0x4  low_level_init.o [5]
  .text                  ro code  0x0801564a      0x4  exit.o [5]
  .text                  ro code  0x08015650     0x16  cexit.o [7]
  .text                  ro code  0x08015668     0x14  exit.o [8]
  .text                  ro code  0x0801567c     0x16  xprout.o [5]
  .rodata                const    0x08015694     0x14  errno.o [5]
  .rodata                const    0x080156a8     0x10  blink.co [1]
  .rodata                const    0x080156b8     0x10  ctimer.o [4]
  .rodata                const    0x080156c8     0x10  tcpip.o [4]
  .text                  ro code  0x080156d8     0x10  startup_stm32f4xx.o [2]
  .rodata                const    0x080156e8      0xc  etimer.o [4]
  .text                  ro code  0x080156f4      0xc  cstartup_M.o [7]
  .rodata                const    0x08015700      0x8  rimeaddr.o [4]
  .rodata                const    0x08015708      0x8  framer-802154.o [4]
  .rodata                const    0x08015710      0x4  SPIRIT_Irq.o [4]
  .text                  ro code  0x08015714      0x4  startup_stm32f4xx.o [2]
  .text                  ro code  0x08015718      0x4  startup_stm32f4xx.o [2]
  .text                  ro code  0x0801571c      0x4  startup_stm32f4xx.o [2]
  .text                  ro code  0x08015720      0x4  startup_stm32f4xx.o [2]
  .text                  ro code  0x08015724      0x4  startup_stm32f4xx.o [2]
  .text                  ro code  0x08015728      0x4  startup_stm32f4xx.o [2]
  .text                  ro code  0x0801572c      0x4  startup_stm32f4xx.o [2]
  .text                  ro code  0x08015730      0x4  startup_stm32f4xx.o [2]
  .text                  ro code  0x08015734      0x4  startup_stm32f4xx.o [2]
  .text                  ro code  0x08015738      0x4  startup_stm32f4xx.o [2]
  .text                  ro code  0x0801573c      0x4  startup_stm32f4xx.o [2]
  .text                  ro code  0x08015740      0x4  startup_stm32f4xx.o [2]
  .text                  ro code  0x08015744      0x4  startup_stm32f4xx.o [2]
  .text                  ro code  0x08015748      0x4  startup_stm32f4xx.o [2]
  .text                  ro code  0x0801574c      0x4  startup_stm32f4xx.o [2]
  .text                  ro code  0x08015750      0x4  startup_stm32f4xx.o [2]
  .text                  ro code  0x08015754      0x4  startup_stm32f4xx.o [2]
  .text                  ro code  0x08015758      0x4  startup_stm32f4xx.o [2]
  .text                  ro code  0x0801575c      0x4  startup_stm32f4xx.o [2]
  .text                  ro code  0x08015760      0x4  startup_stm32f4xx.o [2]
  .text                  ro code  0x08015764      0x4  startup_stm32f4xx.o [2]
  .text                  ro code  0x08015768      0x4  startup_stm32f4xx.o [2]
  .text                  ro code  0x0801576c      0x4  startup_stm32f4xx.o [2]
  .text                  ro code  0x08015770      0x4  startup_stm32f4xx.o [2]
  .text                  ro code  0x08015774      0x4  startup_stm32f4xx.o [2]
  .text                  ro code  0x08015778      0x4  startup_stm32f4xx.o [2]
  .text                  ro code  0x0801577c      0x4  startup_stm32f4xx.o [2]
  .text                  ro code  0x08015780      0x4  startup_stm32f4xx.o [2]
  .text                  ro code  0x08015784      0x4  startup_stm32f4xx.o [2]
  .text                  ro code  0x08015788      0x4  startup_stm32f4xx.o [2]
  .text                  ro code  0x0801578c      0x4  startup_stm32f4xx.o [2]
  .text                  ro code  0x08015790      0x4  startup_stm32f4xx.o [2]
  .text                  ro code  0x08015794      0x4  startup_stm32f4xx.o [2]
  .text                  ro code  0x08015798      0x4  startup_stm32f4xx.o [2]
  .text                  ro code  0x0801579c      0x4  startup_stm32f4xx.o [2]
  .text                  ro code  0x080157a0      0x4  startup_stm32f4xx.o [2]
  .text                  ro code  0x080157a4      0x4  startup_stm32f4xx.o [2]
  .text                  ro code  0x080157a8      0x4  startup_stm32f4xx.o [2]
  .text                  ro code  0x080157ac      0x4  startup_stm32f4xx.o [2]
  .text                  ro code  0x080157b0      0x4  startup_stm32f4xx.o [2]
  .text                  ro code  0x080157b4      0x4  startup_stm32f4xx.o [2]
  .text                  ro code  0x080157b8      0x4  startup_stm32f4xx.o [2]
  .text                  ro code  0x080157bc      0x4  startup_stm32f4xx.o [2]
  .text                  ro code  0x080157c0      0x4  startup_stm32f4xx.o [2]
  .text                  ro code  0x080157c4      0x4  startup_stm32f4xx.o [2]
  .text                  ro code  0x080157c8      0x4  startup_stm32f4xx.o [2]
  .text                  ro code  0x080157cc      0x4  startup_stm32f4xx.o [2]
  .text                  ro code  0x080157d0      0x4  startup_stm32f4xx.o [2]
  .text                  ro code  0x080157d4      0x4  startup_stm32f4xx.o [2]
  .text                  ro code  0x080157d8      0x4  startup_stm32f4xx.o [2]
  .text                  ro code  0x080157dc      0x4  startup_stm32f4xx.o [2]
  .text                  ro code  0x080157e0      0x4  startup_stm32f4xx.o [2]
  .text                  ro code  0x080157e4      0x4  startup_stm32f4xx.o [2]
  .text                  ro code  0x080157e8      0x4  startup_stm32f4xx.o [2]
  .text                  ro code  0x080157ec      0x4  startup_stm32f4xx.o [2]
  .text                  ro code  0x080157f0      0x4  startup_stm32f4xx.o [2]
  .text                  ro code  0x080157f4      0x4  startup_stm32f4xx.o [2]
  .text                  ro code  0x080157f8      0x4  startup_stm32f4xx.o [2]
  .text                  ro code  0x080157fc      0x4  startup_stm32f4xx.o [2]
  .text                  ro code  0x08015800      0x4  startup_stm32f4xx.o [2]
  .text                  ro code  0x08015804      0x4  startup_stm32f4xx.o [2]
  .text                  ro code  0x08015808      0x4  startup_stm32f4xx.o [2]
  .text                  ro code  0x0801580c      0x4  startup_stm32f4xx.o [2]
  .text                  ro code  0x08015810      0x4  startup_stm32f4xx.o [2]
  .text                  ro code  0x08015814      0x4  startup_stm32f4xx.o [2]
  .text                  ro code  0x08015818      0x4  startup_stm32f4xx.o [2]
  .text                  ro code  0x0801581c      0x4  startup_stm32f4xx.o [2]
  .text                  ro code  0x08015820      0x4  startup_stm32f4xx.o [2]
  .text                  ro code  0x08015824      0x4  startup_stm32f4xx.o [2]
  .text                  ro code  0x08015828      0x4  startup_stm32f4xx.o [2]
  .text                  ro code  0x0801582c      0x4  startup_stm32f4xx.o [2]
  .text                  ro code  0x08015830      0x4  startup_stm32f4xx.o [2]
  .text                  ro code  0x08015834      0x4  startup_stm32f4xx.o [2]
  .text                  ro code  0x08015838      0x4  startup_stm32f4xx.o [2]
  .text                  ro code  0x0801583c      0x4  startup_stm32f4xx.o [2]
  .text                  ro code  0x08015840      0x4  startup_stm32f4xx.o [2]
  .text                  ro code  0x08015844      0x4  startup_stm32f4xx.o [2]
  .text                  ro code  0x08015848      0x4  startup_stm32f4xx.o [2]
  .text                  ro code  0x0801584c      0x4  startup_stm32f4xx.o [2]
  .text                  ro code  0x08015850      0x4  startup_stm32f4xx.o [2]
  .text                  ro code  0x08015854      0x4  startup_stm32f4xx.o [2]
  .text                  ro code  0x08015858      0x4  startup_stm32f4xx.o [2]
  SHT$$PREINIT_ARRAY     const    0x0801585c      0x0  cmain.o [7]
  SHT$$INIT_ARRAY        const    0x0801585c      0x0  cmain.o [7]
  __DLIB_PERTHREAD       const    0x0801585c      0x0  blink.co [1]
  __DLIB_PERTHREAD       const    0x0801585c      0x0  contiki-spirit1-main.o [2]
  __DLIB_PERTHREAD       const    0x0801585c      0x0  etimer.o [4]
  __DLIB_PERTHREAD       const    0x0801585c      0x0  leds.o [4]
  __DLIB_PERTHREAD       const    0x0801585c      0x0  stm32f4xx_dbgmcu.o [4]
  __DLIB_PERTHREAD       const    0x0801585c      0x0  stm32f4xx_gpio.o [4]
  __DLIB_PERTHREAD       const    0x0801585c      0x0  misc.o [4]
  __DLIB_PERTHREAD       const    0x0801585c      0x0  stm32f4xx_rcc.o [4]
  __DLIB_PERTHREAD       const    0x0801585c      0x0  netstack.o [4]
  __DLIB_PERTHREAD       const    0x0801585c      0x0  SDK_EVAL_Led.o [4]
  __DLIB_PERTHREAD       const    0x0801585c      0x0  SDK_EVAL_PM.o [4]
  __DLIB_PERTHREAD       const    0x0801585c      0x0  autostart.o [4]
  __DLIB_PERTHREAD       const    0x0801585c      0x0  clock.o [4]
  __DLIB_PERTHREAD       const    0x0801585c      0x0  ctimer.o [4]
  __DLIB_PERTHREAD       const    0x0801585c      0x0  energest.o [4]
  __DLIB_PERTHREAD       const    0x0801585c      0x0  netstack-aes.o [4]
  __DLIB_PERTHREAD       const    0x0801585c      0x0  node-id.o [4]
  __DLIB_PERTHREAD       const    0x0801585c      0x0  process.o [4]
  __DLIB_PERTHREAD       const    0x0801585c      0x0  queuebuf.o [4]
  __DLIB_PERTHREAD       const    0x0801585c      0x0  random.o [4]
  __DLIB_PERTHREAD       const    0x0801585c      0x0  rimeaddr.o [4]
  __DLIB_PERTHREAD       const    0x0801585c      0x0  rtimer.o [4]
  __DLIB_PERTHREAD       const    0x0801585c      0x0  spirit1.o [4]
  __DLIB_PERTHREAD       const    0x0801585c      0x0  tcpip.o [4]
  __DLIB_PERTHREAD       const    0x0801585c      0x0  uip-ds6.o [4]
  __DLIB_PERTHREAD       const    0x0801585c      0x0  uip6.o [4]
  __DLIB_PERTHREAD       const    0x0801585c      0x0  watchdog.o [4]
  __DLIB_PERTHREAD       const    0x0801585c      0x0  system_stm32f4xx.o [4]
  __DLIB_PERTHREAD       const    0x0801585c      0x0  timer.o [4]
  __DLIB_PERTHREAD       const    0x0801585c      0x0  leds-arch.o [4]
  __DLIB_PERTHREAD       const    0x0801585c      0x0  stm32f4xx_exti.o [4]
  __DLIB_PERTHREAD       const    0x0801585c      0x0  stm32f4xx_syscfg.o [4]
  __DLIB_PERTHREAD       const    0x0801585c      0x0  csma.o [4]
  __DLIB_PERTHREAD       const    0x0801585c      0x0  nullrdc.o [4]
  __DLIB_PERTHREAD       const    0x0801585c      0x0  sicslowpan.o [4]
  __DLIB_PERTHREAD       const    0x0801585c      0x0  stm32f4xx_adc.o [4]
  __DLIB_PERTHREAD       const    0x0801585c      0x0  stm32f4xx_i2c.o [4]
  __DLIB_PERTHREAD       const    0x0801585c      0x0  stm32f4xx_systick.o [4]
  __DLIB_PERTHREAD       const    0x0801585c      0x0  aes-ccm.o [4]
  __DLIB_PERTHREAD       const    0x0801585c      0x0  packetbuf.o [4]
  __DLIB_PERTHREAD       const    0x0801585c      0x0  memb.o [4]
  __DLIB_PERTHREAD       const    0x0801585c      0x0  rtimer-arch.o [4]
  __DLIB_PERTHREAD       const    0x0801585c      0x0  SDK_EVAL_Spirit_Gpio.o [4]
  __DLIB_PERTHREAD       const    0x0801585c      0x0  SPIRIT_Commands.o [4]
  __DLIB_PERTHREAD       const    0x0801585c      0x0  SPIRIT_General.o [4]
  __DLIB_PERTHREAD       const    0x0801585c      0x0  SPIRIT_Gpio.o [4]
  __DLIB_PERTHREAD       const    0x0801585c      0x0  SPIRIT_Irq.o [4]
  __DLIB_PERTHREAD       const    0x0801585c      0x0  SPIRIT_LinearFifo.o [4]
  __DLIB_PERTHREAD       const    0x0801585c      0x0  SPIRIT_Management.o [4]
  __DLIB_PERTHREAD       const    0x0801585c      0x0  SPIRIT_PktBasic.o [4]
  __DLIB_PERTHREAD       const    0x0801585c      0x0  SPIRIT_PktCommon.o [4]
  __DLIB_PERTHREAD       const    0x0801585c      0x0  SPIRIT_Qi.o [4]
  __DLIB_PERTHREAD       const    0x0801585c      0x0  SPIRIT_Radio.o [4]
  __DLIB_PERTHREAD       const    0x0801585c      0x0  SPIRIT_Types.o [4]
  __DLIB_PERTHREAD       const    0x0801585c      0x0  SDK_EVAL_Spirit_Spi_Driver.o [4]
  __DLIB_PERTHREAD       const    0x0801585c      0x0  SPIRIT_Timer.o [4]
  __DLIB_PERTHREAD       const    0x0801585c      0x0  frame802154.o [4]
  __DLIB_PERTHREAD       const    0x0801585c      0x0  spirit1-arch.o [4]
  __DLIB_PERTHREAD       const    0x0801585c      0x0  rpl.o [4]
  __DLIB_PERTHREAD       const    0x0801585c      0x0  rpl-ext-header.o [4]
  __DLIB_PERTHREAD       const    0x0801585c      0x0  stimer.o [4]
  __DLIB_PERTHREAD       const    0x0801585c      0x0  uip-ds6-route.o [4]
  __DLIB_PERTHREAD       const    0x0801585c      0x0  uip-nd6.o [4]
  __DLIB_PERTHREAD       const    0x0801585c      0x0  uip-icmp6.o [4]
  __DLIB_PERTHREAD       const    0x0801585c      0x0  rpl-icmp6.o [4]
  __DLIB_PERTHREAD       const    0x0801585c      0x0  mac.o [4]
  __DLIB_PERTHREAD       const    0x0801585c      0x0  framer-802154.o [4]
  __DLIB_PERTHREAD       const    0x0801585c      0x0  neighbor-info.o [4]
  __DLIB_PERTHREAD       const    0x0801585c      0x0  stm32f4xx_tim.o [4]
  __DLIB_PERTHREAD       const    0x0801585c      0x0  SPIRIT_Calibration.o [4]
  __DLIB_PERTHREAD       const    0x0801585c      0x0  stm32f4xx_spi.o [4]
  __DLIB_PERTHREAD       const    0x0801585c      0x0  rpl-dag.o [4]
  __DLIB_PERTHREAD       const    0x0801585c      0x0  rpl-timers.o [4]
  __DLIB_PERTHREAD       const    0x0801585c      0x0  rpl-of-etx.o [4]
  __DLIB_PERTHREAD       const    0x0801585c      0x0  neighbor-attr.o [4]
  __DLIB_PERTHREAD       const    0x0801585c      0x0  putchar.o [5]
  __DLIB_PERTHREAD       const    0x0801585c      0x0  printf.o [5]
  __DLIB_PERTHREAD       const    0x0801585c      0x0  srand.o [5]
  __DLIB_PERTHREAD       const    0x0801585c      0x0  log2.o [6]
  __DLIB_PERTHREAD       const    0x0801585c      0x0  lroundf.o [6]
  __DLIB_PERTHREAD       const    0x0801585c      0x0  pow.o [6]
  __DLIB_PERTHREAD       const    0x0801585c      0x0  write.o [8]
  __DLIB_PERTHREAD       const    0x0801585c      0x0  xprintflarge.o [5]
  __DLIB_PERTHREAD       const    0x0801585c      0x0  xprout.o [5]
  __DLIB_PERTHREAD       const    0x0801585c      0x0  xtls.o [5]
  __DLIB_PERTHREAD       const    0x0801585c      0x0  xlog.o [6]
  __DLIB_PERTHREAD       const    0x0801585c      0x0  roundf.o [6]
  __DLIB_PERTHREAD       const    0x0801585c      0x0  xdint.o [6]
  __DLIB_PERTHREAD       const    0x0801585c      0x0  xdnorm.o [6]
  __DLIB_PERTHREAD       const    0x0801585c      0x0  xexp.o [6]
  __DLIB_PERTHREAD       const    0x0801585c      0x0  exit.o [5]
  __DLIB_PERTHREAD       const    0x0801585c      0x0  dwrite.o [8]
  __DLIB_PERTHREAD       const    0x0801585c      0x0  div.o [5]
  __DLIB_PERTHREAD       const    0x0801585c      0x0  xfdint.o [6]
  __DLIB_PERTHREAD       const    0x0801585c      0x0  xdscale.o [6]
  __DLIB_PERTHREAD       const    0x0801585c      0x0  iarwstd.o [8]
  __DLIB_PERTHREAD       const    0x0801585c      0x0  iarwrite.o [8]
  __DLIB_PERTHREAD       const    0x0801585c      0x0  exit.o [8]
  __DLIB_PERTHREAD       const    0x0801585c      0x0  iarttio.o [8]
  __DLIB_PERTHREAD       const    0x0801585c      0x0  XShttio.o [5]
  __DLIB_PERTHREAD_init  const    0x0801585c      0x0  blink.co [1]
  __DLIB_PERTHREAD_init  const    0x0801585c      0x0  contiki-spirit1-main.o [2]
  __DLIB_PERTHREAD_init  const    0x0801585c      0x0  etimer.o [4]
  __DLIB_PERTHREAD_init  const    0x0801585c      0x0  leds.o [4]
  __DLIB_PERTHREAD_init  const    0x0801585c      0x0  stm32f4xx_dbgmcu.o [4]
  __DLIB_PERTHREAD_init  const    0x0801585c      0x0  stm32f4xx_gpio.o [4]
  __DLIB_PERTHREAD_init  const    0x0801585c      0x0  misc.o [4]
  __DLIB_PERTHREAD_init  const    0x0801585c      0x0  stm32f4xx_rcc.o [4]
  __DLIB_PERTHREAD_init  const    0x0801585c      0x0  netstack.o [4]
  __DLIB_PERTHREAD_init  const    0x0801585c      0x0  SDK_EVAL_Led.o [4]
  __DLIB_PERTHREAD_init  const    0x0801585c      0x0  SDK_EVAL_PM.o [4]
  __DLIB_PERTHREAD_init  const    0x0801585c      0x0  autostart.o [4]
  __DLIB_PERTHREAD_init  const    0x0801585c      0x0  clock.o [4]
  __DLIB_PERTHREAD_init  const    0x0801585c      0x0  ctimer.o [4]
  __DLIB_PERTHREAD_init  const    0x0801585c      0x0  energest.o [4]
  __DLIB_PERTHREAD_init  const    0x0801585c      0x0  netstack-aes.o [4]
  __DLIB_PERTHREAD_init  const    0x0801585c      0x0  node-id.o [4]
  __DLIB_PERTHREAD_init  const    0x0801585c      0x0  process.o [4]
  __DLIB_PERTHREAD_init  const    0x0801585c      0x0  queuebuf.o [4]
  __DLIB_PERTHREAD_init  const    0x0801585c      0x0  random.o [4]
  __DLIB_PERTHREAD_init  const    0x0801585c      0x0  rimeaddr.o [4]
  __DLIB_PERTHREAD_init  const    0x0801585c      0x0  rtimer.o [4]
  __DLIB_PERTHREAD_init  const    0x0801585c      0x0  spirit1.o [4]
  __DLIB_PERTHREAD_init  const    0x0801585c      0x0  tcpip.o [4]
  __DLIB_PERTHREAD_init  const    0x0801585c      0x0  uip-ds6.o [4]
  __DLIB_PERTHREAD_init  const    0x0801585c      0x0  uip6.o [4]
  __DLIB_PERTHREAD_init  const    0x0801585c      0x0  watchdog.o [4]
  __DLIB_PERTHREAD_init  const    0x0801585c      0x0  system_stm32f4xx.o [4]
  __DLIB_PERTHREAD_init  const    0x0801585c      0x0  timer.o [4]
  __DLIB_PERTHREAD_init  const    0x0801585c      0x0  leds-arch.o [4]
  __DLIB_PERTHREAD_init  const    0x0801585c      0x0  stm32f4xx_exti.o [4]
  __DLIB_PERTHREAD_init  const    0x0801585c      0x0  stm32f4xx_syscfg.o [4]
  __DLIB_PERTHREAD_init  const    0x0801585c      0x0  csma.o [4]
  __DLIB_PERTHREAD_init  const    0x0801585c      0x0  nullrdc.o [4]
  __DLIB_PERTHREAD_init  const    0x0801585c      0x0  sicslowpan.o [4]
  __DLIB_PERTHREAD_init  const    0x0801585c      0x0  stm32f4xx_adc.o [4]
  __DLIB_PERTHREAD_init  const    0x0801585c      0x0  stm32f4xx_i2c.o [4]
  __DLIB_PERTHREAD_init  const    0x0801585c      0x0  stm32f4xx_systick.o [4]
  __DLIB_PERTHREAD_init  const    0x0801585c      0x0  aes-ccm.o [4]
  __DLIB_PERTHREAD_init  const    0x0801585c      0x0  packetbuf.o [4]
  __DLIB_PERTHREAD_init  const    0x0801585c      0x0  memb.o [4]
  __DLIB_PERTHREAD_init  const    0x0801585c      0x0  rtimer-arch.o [4]
  __DLIB_PERTHREAD_init  const    0x0801585c      0x0  SDK_EVAL_Spirit_Gpio.o [4]
  __DLIB_PERTHREAD_init  const    0x0801585c      0x0  SPIRIT_Commands.o [4]
  __DLIB_PERTHREAD_init  const    0x0801585c      0x0  SPIRIT_General.o [4]
  __DLIB_PERTHREAD_init  const    0x0801585c      0x0  SPIRIT_Gpio.o [4]
  __DLIB_PERTHREAD_init  const    0x0801585c      0x0  SPIRIT_Irq.o [4]
  __DLIB_PERTHREAD_init  const    0x0801585c      0x0  SPIRIT_LinearFifo.o [4]
  __DLIB_PERTHREAD_init  const    0x0801585c      0x0  SPIRIT_Management.o [4]
  __DLIB_PERTHREAD_init  const    0x0801585c      0x0  SPIRIT_PktBasic.o [4]
  __DLIB_PERTHREAD_init  const    0x0801585c      0x0  SPIRIT_PktCommon.o [4]
  __DLIB_PERTHREAD_init  const    0x0801585c      0x0  SPIRIT_Qi.o [4]
  __DLIB_PERTHREAD_init  const    0x0801585c      0x0  SPIRIT_Radio.o [4]
  __DLIB_PERTHREAD_init  const    0x0801585c      0x0  SPIRIT_Types.o [4]
  __DLIB_PERTHREAD_init  const    0x0801585c      0x0  SDK_EVAL_Spirit_Spi_Driver.o [4]
  __DLIB_PERTHREAD_init  const    0x0801585c      0x0  SPIRIT_Timer.o [4]
  __DLIB_PERTHREAD_init  const    0x0801585c      0x0  frame802154.o [4]
  __DLIB_PERTHREAD_init  const    0x0801585c      0x0  spirit1-arch.o [4]
  __DLIB_PERTHREAD_init  const    0x0801585c      0x0  rpl.o [4]
  __DLIB_PERTHREAD_init  const    0x0801585c      0x0  rpl-ext-header.o [4]
  __DLIB_PERTHREAD_init  const    0x0801585c      0x0  stimer.o [4]
  __DLIB_PERTHREAD_init  const    0x0801585c      0x0  uip-ds6-route.o [4]
  __DLIB_PERTHREAD_init  const    0x0801585c      0x0  uip-nd6.o [4]
  __DLIB_PERTHREAD_init  const    0x0801585c      0x0  uip-icmp6.o [4]
  __DLIB_PERTHREAD_init  const    0x0801585c      0x0  rpl-icmp6.o [4]
  __DLIB_PERTHREAD_init  const    0x0801585c      0x0  mac.o [4]
  __DLIB_PERTHREAD_init  const    0x0801585c      0x0  framer-802154.o [4]
  __DLIB_PERTHREAD_init  const    0x0801585c      0x0  neighbor-info.o [4]
  __DLIB_PERTHREAD_init  const    0x0801585c      0x0  stm32f4xx_tim.o [4]
  __DLIB_PERTHREAD_init  const    0x0801585c      0x0  SPIRIT_Calibration.o [4]
  __DLIB_PERTHREAD_init  const    0x0801585c      0x0  stm32f4xx_spi.o [4]
  __DLIB_PERTHREAD_init  const    0x0801585c      0x0  rpl-dag.o [4]
  __DLIB_PERTHREAD_init  const    0x0801585c      0x0  rpl-timers.o [4]
  __DLIB_PERTHREAD_init  const    0x0801585c      0x0  rpl-of-etx.o [4]
  __DLIB_PERTHREAD_init  const    0x0801585c      0x0  neighbor-attr.o [4]
  __DLIB_PERTHREAD_init  const    0x0801585c      0x0  putchar.o [5]
  __DLIB_PERTHREAD_init  const    0x0801585c      0x0  printf.o [5]
  __DLIB_PERTHREAD_init  const    0x0801585c      0x0  rand.o [5]
  __DLIB_PERTHREAD_init  const    0x0801585c      0x0  srand.o [5]
  __DLIB_PERTHREAD_init  const    0x0801585c      0x0  log2.o [6]
  __DLIB_PERTHREAD_init  const    0x0801585c      0x0  lroundf.o [6]
  __DLIB_PERTHREAD_init  const    0x0801585c      0x0  pow.o [6]
  __DLIB_PERTHREAD_init  const    0x0801585c      0x0  write.o [8]
  __DLIB_PERTHREAD_init  const    0x0801585c      0x0  xprintflarge.o [5]
  __DLIB_PERTHREAD_init  const    0x0801585c      0x0  xprout.o [5]
  __DLIB_PERTHREAD_init  const    0x0801585c      0x0  xtls.o [5]
  __DLIB_PERTHREAD_init  const    0x0801585c      0x0  xlog.o [6]
  __DLIB_PERTHREAD_init  const    0x0801585c      0x0  errno.o [5]
  __DLIB_PERTHREAD_init  const    0x0801585c      0x0  roundf.o [6]
  __DLIB_PERTHREAD_init  const    0x0801585c      0x0  xdint.o [6]
  __DLIB_PERTHREAD_init  const    0x0801585c      0x0  xdnorm.o [6]
  __DLIB_PERTHREAD_init  const    0x0801585c      0x0  xexp.o [6]
  __DLIB_PERTHREAD_init  const    0x0801585c      0x0  exit.o [5]
  __DLIB_PERTHREAD_init  const    0x0801585c      0x0  dwrite.o [8]
  __DLIB_PERTHREAD_init  const    0x0801585c      0x0  div.o [5]
  __DLIB_PERTHREAD_init  const    0x0801585c      0x0  xfdint.o [6]
  __DLIB_PERTHREAD_init  const    0x0801585c      0x0  xdscale.o [6]
  __DLIB_PERTHREAD_init  const    0x0801585c      0x0  iarwstd.o [8]
  __DLIB_PERTHREAD_init  const    0x0801585c      0x0  iarwrite.o [8]
  __DLIB_PERTHREAD_init  const    0x0801585c      0x0  exit.o [8]
  __DLIB_PERTHREAD_init  const    0x0801585c      0x0  iarttio.o [8]
  __DLIB_PERTHREAD_init  const    0x0801585c      0x0  XShttio.o [5]
  .rodata                const    0x0801585c      0x0  bwt_init3c.o [7]
  Initializer bytes      ro data  0x0801585c    0x192  <for P2 s0>
                                - 0x080159ee  0x15866

"P2", part 1 of 4:                                0x0
  CSTACK                 const    0x20000000      0x0  startup_stm32f4xx.o [2]
  __DLIB_PERTHREAD       const    0x20000000      0x0  rand.o [5]
  __DLIB_PERTHREAD       const    0x20000000      0x0  errno.o [5]

"P2", part 2 of 4:                              0x400
  CSTACK                          0x20000000    0x400  <Block>
    CSTACK               uninit   0x20000000    0x400  <Block tail>
                                - 0x20000400    0x400

"P2", part 3 of 4:                              0x3a4
  P2 s0                           0x20000400    0x3a1  <Init block>
    .data                inited   0x20000400     0x98  netstack-aes.o [4]
    .data                inited   0x20000498     0x90  spirit1.o [4]
    __DLIB_PERTHREAD     inited   0x20000528     0x8c  rand.o [5]
    .data                inited   0x200005b4     0x38  neighbor-attr.o [4]
    .data                inited   0x200005ec     0x2c  csma.o [4]
    .data                inited   0x20000618     0x24  queuebuf.o [4]
    .data                inited   0x2000063c     0x24  uip-ds6-route.o [4]
    .data                inited   0x20000660     0x24  neighbor-info.o [4]
    .data                inited   0x20000684     0x1c  rpl-of-etx.o [4]
    .data                inited   0x200006a0     0x18  ctimer.o [4]
    .data                inited   0x200006b8     0x14  SDK_EVAL_Led.o [4]
    .data                inited   0x200006cc     0x14  system_stm32f4xx.o [4]
    .data                inited   0x200006e0     0x14  SDK_EVAL_Spirit_Gpio.o [4]
    .data                inited   0x200006f4     0x14  SPIRIT_Management.o [4]
    .data                inited   0x20000708     0x10  blink.co [1]
    .data                inited   0x20000718     0x10  etimer.o [4]
    .data                inited   0x20000728     0x10  stm32f4xx_rcc.o [4]
    .data                inited   0x20000738     0x10  netstack.o [4]
    .data                inited   0x20000748     0x10  tcpip.o [4]
    .data                inited   0x20000758     0x10  packetbuf.o [4]
    .data                inited   0x20000768      0xc  contiki-spirit1-main.o [2]
    .data                inited   0x20000774      0xc  SDK_EVAL_PM.o [4]
    .data                inited   0x20000780      0xc  rpl-dag.o [4]
    .data                inited   0x2000078c      0x8  SDK_EVAL_PM.o [4]
    .data                inited   0x20000794      0x8  XShttio.o [5]
    .data                inited   0x2000079c      0x4  netstack.o [4]
    .data                inited   0x200007a0      0x1  rpl-icmp6.o [4]
                                - 0x200007a1    0x3a1

"P2", part 4 of 4:                             0x21c0
  .bss                   zero     0x200007a4    0x6b0  uip-ds6.o [4]
  .bss                   zero     0x20000e54    0x690  queuebuf.o [4]
  .bss                   zero     0x200014e4    0x460  uip-ds6-route.o [4]
  .bss                   zero     0x20001944    0x280  rpl-dag.o [4]
  .bss                   zero     0x20001bc4    0x1d8  uip6.o [4]
  .bss                   zero     0x20001d9c    0x180  uip6.o [4]
  .bss                   zero     0x20001f1c    0x118  sicslowpan.o [4]
  .bss                   zero     0x20002034    0x108  uip-ds6.o [4]
  .bss                   zero     0x2000213c     0xf4  rpl-dag.o [4]
  .bss                   zero     0x20002230     0xc0  neighbor-attr.o [4]
  .bss                   zero     0x200022f0     0xb4  packetbuf.o [4]
  .bss                   zero     0x200023a4     0x7c  process.o [4]
  .bss                   zero     0x20002420     0x78  queuebuf.o [4]
  .bss                   zero     0x20002498     0x70  csma.o [4]
  .bss                   zero     0x20002508     0x60  csma.o [4]
  .bss                   zero     0x20002568     0x60  csma.o [4]
  .bss                   zero     0x200025c8     0x5c  tcpip.o [4]
  .bss                   zero     0x20002624     0x50  packetbuf.o [4]
  .bss                   zero     0x20002674     0x48  nullrdc.o [4]
  .bss                   zero     0x200026bc     0x48  rimestats.o [4]
  .bss                   zero     0x20002704     0x40  uip-ds6-route.o [4]
  .bss                   zero     0x20002744     0x3c  uip6.o [4]
  .bss                   zero     0x20002780     0x30  sicslowpan.o [4]
  .bss                   zero     0x200027b0     0x30  neighbor-info.o [4]
  .bss                   zero     0x200027e0     0x24  rpl-timers.o [4]
  .bss                   zero     0x20002804     0x20  queuebuf.o [4]
  .bss                   zero     0x20002824     0x14  sicslowpan.o [4]
  .bss                   zero     0x20002838     0x14  uip-ds6-route.o [4]
  .bss                   zero     0x2000284c     0x14  uip-nd6.o [4]
  .bss                   zero     0x20002860     0x10  blink.co [1]
  .bss                   zero     0x20002870     0x10  aes-ccm.o [4]
  .bss                   zero     0x20002880     0x10  uip-icmp6.o [4]
  .bss                   zero     0x20002890     0x10  rpl-dag.o [4]
  .bss                   zero     0x200028a0      0xc  node-id.o [4]
  .bss                   zero     0x200028ac      0xc  neighbor-info.o [4]
  .bss                   zero     0x200028b8      0xc  neighbor-attr.o [4]
  .bss                   zero     0x200028c4      0x8  etimer.o [4]
  .bss                   zero     0x200028cc      0x8  clock.o [4]
  .bss                   zero     0x200028d4      0x8  node-id.o [4]
  .bss                   zero     0x200028dc      0x8  queuebuf.o [4]
  .bss                   zero     0x200028e4      0x8  queuebuf.o [4]
  .bss                   zero     0x200028ec      0x8  rimeaddr.o [4]
  .bss                   zero     0x200028f4      0x8  uip-ds6.o [4]
  .bss                   zero     0x200028fc      0x8  uip6.o [4]
  .bss                   zero     0x20002904      0x8  csma.o [4]
  .bss                   zero     0x2000290c      0x8  csma.o [4]
  .bss                   zero     0x20002914      0x4  netstack.o [4]
  .bss                   zero     0x20002918      0x4  ctimer.o [4]
  .bss                   zero     0x2000291c      0x4  rtimer.o [4]
  .bss                   zero     0x20002920      0x4  tcpip.o [4]
  .bss                   zero     0x20002924      0x4  uip-ds6.o [4]
  .bss                   zero     0x20002928      0x4  csma.o [4]
  .bss                   zero     0x2000292c      0x4  rtimer-arch.o [4]
  .bss                   zero     0x20002930      0x4  SPIRIT_Radio.o [4]
  .bss                   zero     0x20002934      0x4  SPIRIT_Types.o [4]
  .bss                   zero     0x20002938      0x4  uip-ds6-route.o [4]
  .bss                   zero     0x2000293c      0x4  uip-ds6-route.o [4]
  .bss                   zero     0x20002940      0x4  uip-ds6-route.o [4]
  .bss                   zero     0x20002944      0x4  rpl-dag.o [4]
  .bss                   zero     0x20002948      0x4  neighbor-attr.o [4]
  .bss                   zero     0x2000294c      0x4  neighbor-attr.o [4]
  __DLIB_PERTHREAD       zero     0x20002950      0x4  errno.o [5]
  .bss                   zero     0x20002954      0x2  leds.o [4]
  .bss                   zero     0x20002956      0x2  node-id.o [4]
  .bss                   zero     0x20002958      0x2  queuebuf.o [4]
  .bss                   zero     0x2000295a      0x2  csma.o [4]
  .bss                   zero     0x2000295c      0x2  uip-ds6-route.o [4]
  .bss                   zero     0x2000295e      0x2  framer-802154.o [4]
  .bss                   zero     0x20002960      0x1  contiki-spirit1-main.o [2]
  .bss                   zero     0x20002961      0x1  SPIRIT_General.o [4]
  .bss                   zero     0x20002962      0x1  spirit1-arch.o [4]
  .bss                   zero     0x20002963      0x1  rpl-timers.o [4]
                                - 0x20002964   0x21c0


*******************************************************************************
*** INIT TABLE
***

          Address     Size
          -------     ----
Zero (__iar_zero_init3)
    1 destination range, total size 0x21c0:
          0x200007a4  0x21c0

Copy/packbits (__iar_packbits_init3)
    1 source range, total size 0x192 (43% of destination):
          0x0801585c   0x192
    1 destination range, total size 0x3a1:
          0x20000400   0x3a1



*******************************************************************************
*** MODULE SUMMARY
***

    Module                        ro code  ro data  rw data
    ------                        -------  -------  -------
C:\cygwin\home\Administrator\thingsquare-mist-1.0.1\examples\blink: [1]
    blink.co                          128       23       32
    -------------------------------------------------------
    Total:                            128       23       32

C:\cygwin\home\Administrator\thingsquare-mist-1.0.1\examples\blink\obj_mist-spirit1-F4: [2]
    contiki-spirit1-main.o            680        5       13
    startup_stm32f4xx.o               736
    -------------------------------------------------------
    Total:                          1 416        5       13

command line: [3]
    -------------------------------------------------------
    Total:

contiki-mist-spirit1-F4.a: [4]
    SDK_EVAL_Led.o                    188        8       20
    SDK_EVAL_PM.o                   1 578        9       20
    SDK_EVAL_Spirit_Gpio.o            408        9       20
    SDK_EVAL_Spirit_Spi_Driver.o    1 512
    SPIRIT_Calibration.o              838
    SPIRIT_Commands.o                  28
    SPIRIT_General.o                  808                 1
    SPIRIT_Gpio.o                     796
    SPIRIT_Irq.o                      476        4
    SPIRIT_LinearFifo.o               504
    SPIRIT_Management.o             3 100        8       20
    SPIRIT_PktBasic.o               1 300
    SPIRIT_PktCommon.o              3 008
    SPIRIT_Qi.o                     1 132
    SPIRIT_Radio.o                 10 352        2        4
    SPIRIT_Timer.o                  1 476
    SPIRIT_Types.o                     36                 4
    aes-ccm.o                       1 736                16
    aes.o                           2 848
    autostart.o                        50
    clock.o                           150                 8
    csma.o                            828       55      370
    ctimer.o                          440       27       28
    energest.o                         10
    etimer.o                          512       19       24
    frame802154.o                     772
    framer-802154.o                   434        8        2
    leds-arch.o                       142
    leds.o                            120                 2
    list.o                            232
    mac.o                              18
    memb.o                            146
    misc.o                            196
    neighbor-attr.o                   572       24      268
    neighbor-info.o                   296       15       96
    netstack-aes.o                    864       65      152
    netstack.o                        401        9       24
    node-id.o                          38                22
    nullrdc.o                         546       40       72
    packetbuf.o                       576        7      276
    process.o                         596               124
    queuebuf.o                        438       16    1 886
    random.o                           14
    rimeaddr.o                         60        8        8
    rimestats.o                                          72
    rpl-dag.o                       3 496        5      916
    rpl-ext-header.o                  712
    rpl-icmp6.o                     2 032        1        1
    rpl-of-etx.o                      282       12       28
    rpl-timers.o                      464                37
    rpl.o                             508
    rtimer-arch.o                     170                 4
    rtimer.o                           92                 4
    sicslowpan.o                    3 632       24      348
    spirit1-arch.o                    168                 1
    spirit1.o                       2 428      127      144
    stimer.o                           94
    stm32f4xx_adc.o                   914
    stm32f4xx_dbgmcu.o                100
    stm32f4xx_exti.o                  220
    stm32f4xx_gpio.o                  564
    stm32f4xx_i2c.o                   974
    stm32f4xx_rcc.o                 1 136        7       16
    stm32f4xx_spi.o                   828
    stm32f4xx_syscfg.o                116
    stm32f4xx_systick.o               120
    stm32f4xx_tim.o                 2 702
    system_stm32f4xx.o                372        9       20
    tcpip.o                         1 280       23      112
    timer.o                            76
    uip-ds6-route.o                   800       16    1 254
    uip-ds6.o                       2 168             1 988
    uip-icmp6.o                       756                16
    uip-nd6.o                       1 444                20
    uip6.o                          4 648               924
    watchdog.o                         10
    -------------------------------------------------------
    Total:                         73 881      557    9 372

dl7M_tln.a: [5]
    XShttio.o                           8        3        8
    div.o                              14
    errno.o                            12       20        4
    exit.o                              4
    low_level_init.o                    4
    printf.o                           36
    putchar.o                          40
    rand.o                            196       60      140
    srand.o                            32
    xprintflarge.o                  2 930
    xprout.o                           22
    xtls.o                              2
    -------------------------------------------------------
    Total:                          3 300       83      152

m7M_tl.a: [6]
    DblAdd.o                          232
    DblCmpEq.o                         32
    DblCmpGe.o                         46
    DblCmpLe.o                         46
    DblDiv.o                          582
    DblMul.o                          418
    DblSub.o                          384
    DblToFlt.o                        144
    DblToI32.o                         88
    FltAdd.o                          132
    FltCmpGe.o                         36
    FltCmpLe.o                         36
    FltDiv.o                          252
    FltMul.o                          216
    FltSub.o                          230
    FltToDbl.o                         78
    FltToS32.o                         68
    FltToU32.o                         36
    I32ToDbl.o                         48
    I32ToFlt.o                         50
    log2.o                              8
    lroundf.o                          64
    pow.o                           2 144
    roundf.o                           56
    xdint.o                           128
    xdnorm.o                           68
    xdscale.o                         282
    xexp.o                            756
    xfdint.o                           80
    xlog.o                            868
    -------------------------------------------------------
    Total:                          7 608

rt7M_tl.a: [7]
    ABImemcpy.o                       118
    ABImemmove.o                      120
    ABImemset.o                       102
    I64DivMod.o                       306
    I64DivZer.o                         2
    bwt_init3c.o
    cexit.o                            22
    cmain.o                            22
    cstartup_M.o                       12
    data_init3.o                       44
    memchr.o                           88
    memcmp.o                           98
    packbits_init3.o                  160
    strchr.o                           22
    strlen.o                           54
    zero_init3.o                       34
    -------------------------------------------------------
    Total:                          1 204

shb_l.a: [8]
    dwrite.o                           30
    exit.o                             20
    iarttio.o                         108
    iarwrite.o                         34
    iarwstd.o                          32
    write.o                            16
    -------------------------------------------------------
    Total:                            240

    Gaps                               67        2
    Linker created                              44    1 024
-----------------------------------------------------------
    Grand Total:                   87 844      714   10 593


*******************************************************************************
*** ENTRY LIST
***

Entry                      Address   Size  Type      Object
-----                      -------   ----  ----      ------
?main                   0x08015631         Code  Gb  cmain.o [7]
ADC_AnalogWatchdogCmd   0x0800b9dd    0xc  Code  Gb  stm32f4xx_adc.o [4]
ADC_AnalogWatchdogSingleChannelConfig
                        0x0800b9ef    0xc  Code  Gb  stm32f4xx_adc.o [4]
ADC_AnalogWatchdogThresholdsConfig
                        0x0800b9e9    0x6  Code  Gb  stm32f4xx_adc.o [4]
ADC_AutoInjectedConvCmd
                        0x0800bc23   0x16  Code  Gb  stm32f4xx_adc.o [4]
ADC_ClearFlag           0x0800bc93    0x6  Code  Gb  stm32f4xx_adc.o [4]
ADC_ClearITPendingBit   0x0800bcbb    0x8  Code  Gb  stm32f4xx_adc.o [4]
ADC_Cmd                 0x0800b9c7   0x16  Code  Gb  stm32f4xx_adc.o [4]
ADC_CommonInit          0x0800b99f   0x1c  Code  Gb  stm32f4xx_adc.o [4]
ADC_CommonStructInit    0x0800b9bb    0xc  Code  Gb  stm32f4xx_adc.o [4]
ADC_ContinuousModeCmd   0x0800bad5   0x16  Code  Gb  stm32f4xx_adc.o [4]
ADC_DMACmd              0x0800bb1d   0x18  Code  Gb  stm32f4xx_adc.o [4]
ADC_DMARequestAfterLastTransferCmd
                        0x0800bb35   0x18  Code  Gb  stm32f4xx_adc.o [4]
ADC_DeInit              0x0800b931   0x1a  Code  Gb  stm32f4xx_adc.o [4]
ADC_DiscModeChannelCountConfig
                        0x0800baeb   0x10  Code  Gb  stm32f4xx_adc.o [4]
ADC_DiscModeCmd         0x0800bafb   0x16  Code  Gb  stm32f4xx_adc.o [4]
ADC_EOCOnEachRegularChannelCmd
                        0x0800babf   0x16  Code  Gb  stm32f4xx_adc.o [4]
ADC_ExternalTrigInjectedConvConfig
                        0x0800bbf7    0xc  Code  Gb  stm32f4xx_adc.o [4]
ADC_ExternalTrigInjectedConvEdgeConfig
                        0x0800bc03    0xc  Code  Gb  stm32f4xx_adc.o [4]
ADC_GetConversionValue  0x0800bb11    0x6  Code  Gb  stm32f4xx_adc.o [4]
ADC_GetFlagStatus       0x0800bc83   0x10  Code  Gb  stm32f4xx_adc.o [4]
ADC_GetITStatus         0x0800bc99   0x22  Code  Gb  stm32f4xx_adc.o [4]
ADC_GetInjectedConversionValue
                        0x0800bc4f   0x1a  Code  Gb  stm32f4xx_adc.o [4]
ADC_GetMultiModeConversionValue
                        0x0800bb17    0x6  Code  Gb  stm32f4xx_adc.o [4]
ADC_GetSoftwareStartConvStatus
                        0x0800bab5    0xa  Code  Gb  stm32f4xx_adc.o [4]
ADC_GetSoftwareStartInjectedConvCmdStatus
                        0x0800bc19    0xa  Code  Gb  stm32f4xx_adc.o [4]
ADC_IRQHandler          0x08015769         Code  Wk  startup_stm32f4xx.o [2]
ADC_ITConfig            0x0800bc69   0x1a  Code  Gb  stm32f4xx_adc.o [4]
ADC_Init                0x0800b94b   0x40  Code  Gb  stm32f4xx_adc.o [4]
ADC_InjectedChannelConfig
                        0x0800bb7d   0x52  Code  Gb  stm32f4xx_adc.o [4]
ADC_InjectedDiscModeCmd
                        0x0800bc39   0x16  Code  Gb  stm32f4xx_adc.o [4]
ADC_InjectedSequencerLengthConfig
                        0x0800bbcf   0x10  Code  Gb  stm32f4xx_adc.o [4]
ADC_MultiModeDMARequestAfterLastTransferCmd
                        0x0800bb4d   0x18  Code  Gb  stm32f4xx_adc.o [4]
ADC_RegularChannelConfig
                        0x0800ba2b   0x80  Code  Gb  stm32f4xx_adc.o [4]
ADC_SetInjectedOffset   0x0800bbdf   0x18  Code  Gb  stm32f4xx_adc.o [4]
ADC_SoftwareStartConv   0x0800baab    0xa  Code  Gb  stm32f4xx_adc.o [4]
ADC_SoftwareStartInjectedConv
                        0x0800bc0f    0xa  Code  Gb  stm32f4xx_adc.o [4]
ADC_StructInit          0x0800b98b   0x14  Code  Gb  stm32f4xx_adc.o [4]
ADC_TempSensorVrefintCmd
                        0x0800b9fb   0x18  Code  Gb  stm32f4xx_adc.o [4]
ADC_VBATCmd             0x0800ba13   0x18  Code  Gb  stm32f4xx_adc.o [4]
AHBPrescTable           0x200006cc   0x10  Data  Gb  system_stm32f4xx.o [4]
APBAHBPrescTable        0x20000728   0x10  Data  Lc  stm32f4xx_rcc.o [4]
BUTTON_CLK              0x080084c8    0x4  Data  Gb  netstack.o [4]
BUTTON_EXTI_LINE        0x080084cc    0x2  Data  Gb  netstack.o [4]
BUTTON_IRQn             0x080084d8    0x1  Data  Gb  netstack.o [4]
BUTTON_PIN              0x080084c4    0x2  Data  Gb  netstack.o [4]
BUTTON_PIN_SOURCE       0x080084d4    0x1  Data  Gb  netstack.o [4]
BUTTON_PORT             0x2000079c    0x4  Data  Gb  netstack.o [4]
BUTTON_PORT_SOURCE      0x080084d0    0x1  Data  Gb  netstack.o [4]
BusFault_Handler        0x080149a5   0x10  Code  Gb  contiki-spirit1-main.o [2]
CAN1_RX0_IRQHandler     0x08015771         Code  Wk  startup_stm32f4xx.o [2]
CAN1_RX1_IRQHandler     0x08015775         Code  Wk  startup_stm32f4xx.o [2]
CAN1_SCE_IRQHandler     0x08015779         Code  Wk  startup_stm32f4xx.o [2]
CAN1_TX_IRQHandler      0x0801576d         Code  Wk  startup_stm32f4xx.o [2]
CAN2_RX0_IRQHandler     0x08015815         Code  Wk  startup_stm32f4xx.o [2]
CAN2_RX1_IRQHandler     0x08015819         Code  Wk  startup_stm32f4xx.o [2]
CAN2_SCE_IRQHandler     0x0801581d         Code  Wk  startup_stm32f4xx.o [2]
CAN2_TX_IRQHandler      0x08015811         Code  Wk  startup_stm32f4xx.o [2]
CRYP_IRQHandler         0x08015851         Code  Wk  startup_stm32f4xx.o [2]
CSTACK$$Base            0x20000000          --   Gb  - Linker created -
CSTACK$$Limit           0x20000400          --   Gb  - Linker created -
DBGMCU_APB1PeriphConfig
                        0x08014aa9   0x16  Code  Gb  stm32f4xx_dbgmcu.o [4]
DBGMCU_APB2PeriphConfig
                        0x08014abf   0x16  Code  Gb  stm32f4xx_dbgmcu.o [4]
DBGMCU_Config           0x08014a93   0x16  Code  Gb  stm32f4xx_dbgmcu.o [4]
DBGMCU_GetDEVID         0x08014a89    0xa  Code  Gb  stm32f4xx_dbgmcu.o [4]
DBGMCU_GetREVID         0x08014a81    0x8  Code  Gb  stm32f4xx_dbgmcu.o [4]
DCMI_IRQHandler         0x0801584d         Code  Wk  startup_stm32f4xx.o [2]
DMA1_Stream0_IRQHandler
                        0x0801574d         Code  Wk  startup_stm32f4xx.o [2]
DMA1_Stream1_IRQHandler
                        0x08015751         Code  Wk  startup_stm32f4xx.o [2]
DMA1_Stream2_IRQHandler
                        0x08015755         Code  Wk  startup_stm32f4xx.o [2]
DMA1_Stream3_IRQHandler
                        0x08015759         Code  Wk  startup_stm32f4xx.o [2]
DMA1_Stream4_IRQHandler
                        0x0801575d         Code  Wk  startup_stm32f4xx.o [2]
DMA1_Stream5_IRQHandler
                        0x08015761         Code  Wk  startup_stm32f4xx.o [2]
DMA1_Stream6_IRQHandler
                        0x08015765         Code  Wk  startup_stm32f4xx.o [2]
DMA1_Stream7_IRQHandler
                        0x080157d1         Code  Wk  startup_stm32f4xx.o [2]
DMA2_Stream0_IRQHandler
                        0x080157f5         Code  Wk  startup_stm32f4xx.o [2]
DMA2_Stream1_IRQHandler
                        0x080157f9         Code  Wk  startup_stm32f4xx.o [2]
DMA2_Stream2_IRQHandler
                        0x080157fd         Code  Wk  startup_stm32f4xx.o [2]
DMA2_Stream3_IRQHandler
                        0x08015801         Code  Wk  startup_stm32f4xx.o [2]
DMA2_Stream4_IRQHandler
                        0x08015805         Code  Wk  startup_stm32f4xx.o [2]
DMA2_Stream5_IRQHandler
                        0x08015825         Code  Wk  startup_stm32f4xx.o [2]
DMA2_Stream6_IRQHandler
                        0x08015829         Code  Wk  startup_stm32f4xx.o [2]
DMA2_Stream7_IRQHandler
                        0x0801582d         Code  Wk  startup_stm32f4xx.o [2]
DebugMon_Handler        0x080149c5   0x10  Code  Gb  contiki-spirit1-main.o [2]
Default_Handler         0x08014a05   0x3e  Code  Gb  contiki-spirit1-main.o [2]
ETH_IRQHandler          0x08015809         Code  Wk  startup_stm32f4xx.o [2]
ETH_WKUP_IRQHandler     0x0801580d         Code  Wk  startup_stm32f4xx.o [2]
EXTI0_IRQHandler        0x08015739         Code  Wk  startup_stm32f4xx.o [2]
EXTI15_10_IRQHandler    0x080037d1   0x20  Code  Gb  spirit1-arch.o [4]
EXTI1_IRQHandler        0x0801573d         Code  Wk  startup_stm32f4xx.o [2]
EXTI2_IRQHandler        0x08015741         Code  Wk  startup_stm32f4xx.o [2]
EXTI3_IRQHandler        0x08015745         Code  Wk  startup_stm32f4xx.o [2]
EXTI4_IRQHandler        0x08015749         Code  Wk  startup_stm32f4xx.o [2]
EXTI9_5_IRQHandler      0x0801577d         Code  Wk  startup_stm32f4xx.o [2]
EXTI_ClearFlag          0x08006e51    0x6  Code  Gb  stm32f4xx_exti.o [4]
EXTI_ClearITPendingBit  0x08006e6f    0x6  Code  Gb  stm32f4xx_exti.o [4]
EXTI_DeInit             0x08006da9   0x12  Code  Gb  stm32f4xx_exti.o [4]
EXTI_GenerateSWInterrupt
                        0x08006e37    0xa  Code  Gb  stm32f4xx_exti.o [4]
EXTI_GetFlagStatus      0x08006e41   0x10  Code  Gb  stm32f4xx_exti.o [4]
EXTI_GetITStatus        0x08006e57   0x18  Code  Gb  stm32f4xx_exti.o [4]
EXTI_Init               0x08006dbb   0x6c  Code  Gb  stm32f4xx_exti.o [4]
EXTI_StructInit         0x08006e27   0x10  Code  Gb  stm32f4xx_exti.o [4]
FLASH_IRQHandler        0x08015731         Code  Wk  startup_stm32f4xx.o [2]
FPU_IRQHandler          0x08015859         Code  Wk  startup_stm32f4xx.o [2]
FSMC_IRQHandler         0x080157d5         Code  Wk  startup_stm32f4xx.o [2]
GPIO_CLK                0x080084b4   0x10  Data  Gb  netstack.o [4]
GPIO_DeInit             0x08005ce5   0xf2  Code  Gb  stm32f4xx_gpio.o [4]
GPIO_Init               0x08005dfd   0x74  Code  Gb  stm32f4xx_gpio.o [4]
GPIO_PIN                0x080084ac    0x8  Data  Gb  netstack.o [4]
GPIO_PORT               0x20000738   0x10  Data  Gb  netstack.o [4]
GPIO_PinAFConfig        0x08005ef3   0x26  Code  Gb  stm32f4xx_gpio.o [4]
GPIO_PinLockConfig      0x08005e83   0x24  Code  Gb  stm32f4xx_gpio.o [4]
GPIO_ReadInputData      0x08005eb7    0x6  Code  Gb  stm32f4xx_gpio.o [4]
GPIO_ReadInputDataBit   0x08005ea7   0x10  Code  Gb  stm32f4xx_gpio.o [4]
GPIO_ReadOutputData     0x08005ecd    0x6  Code  Gb  stm32f4xx_gpio.o [4]
GPIO_ReadOutputDataBit  0x08005ebd   0x10  Code  Gb  stm32f4xx_gpio.o [4]
GPIO_ResetBits          0x08005ed7    0x4  Code  Gb  stm32f4xx_gpio.o [4]
GPIO_SetBits            0x08005ed3    0x4  Code  Gb  stm32f4xx_gpio.o [4]
GPIO_StructInit         0x08005e71   0x12  Code  Gb  stm32f4xx_gpio.o [4]
GPIO_ToggleBits         0x08005eeb    0x8  Code  Gb  stm32f4xx_gpio.o [4]
GPIO_Write              0x08005ee7    0x4  Code  Gb  stm32f4xx_gpio.o [4]
GPIO_WriteBit           0x08005edb    0xc  Code  Gb  stm32f4xx_gpio.o [4]
HASH_RNG_IRQHandler     0x08015855         Code  Wk  startup_stm32f4xx.o [2]
HardFault_Handler       0x080149d5   0x10  Code  Gb  contiki-spirit1-main.o [2]
I2C1_ER_IRQHandler      0x08015799         Code  Wk  startup_stm32f4xx.o [2]
I2C1_EV_IRQHandler      0x08015795         Code  Wk  startup_stm32f4xx.o [2]
I2C2_ER_IRQHandler      0x080157a1         Code  Wk  startup_stm32f4xx.o [2]
I2C2_EV_IRQHandler      0x0801579d         Code  Wk  startup_stm32f4xx.o [2]
I2C3_ER_IRQHandler      0x08015839         Code  Wk  startup_stm32f4xx.o [2]
I2C3_EV_IRQHandler      0x08015835         Code  Wk  startup_stm32f4xx.o [2]
I2C_ARPCmd              0x0800b7d7   0x18  Code  Gb  stm32f4xx_i2c.o [4]
I2C_AcknowledgeConfig   0x0800b701   0x18  Code  Gb  stm32f4xx_i2c.o [4]
I2C_CalculatePEC        0x0800b82b   0x18  Code  Gb  stm32f4xx_i2c.o [4]
I2C_CheckEvent          0x0800b8a5   0x1a  Code  Gb  stm32f4xx_i2c.o [4]
I2C_ClearFlag           0x0800b907    0x6  Code  Gb  stm32f4xx_i2c.o [4]
I2C_ClearITPendingBit   0x0800b929    0x6  Code  Gb  stm32f4xx_i2c.o [4]
I2C_Cmd                 0x0800b6a3   0x18  Code  Gb  stm32f4xx_i2c.o [4]
I2C_DMACmd              0x0800b849   0x18  Code  Gb  stm32f4xx_i2c.o [4]
I2C_DMALastTransferCmd  0x0800b861   0x18  Code  Gb  stm32f4xx_i2c.o [4]
I2C_DeInit              0x0800b561   0x5e  Code  Gb  stm32f4xx_i2c.o [4]
I2C_DualAddressCmd      0x0800b72b   0x18  Code  Gb  stm32f4xx_i2c.o [4]
I2C_FastModeDutyCycleConfig
                        0x0800b789   0x1a  Code  Gb  stm32f4xx_i2c.o [4]
I2C_GeneralCallCmd      0x0800b743   0x18  Code  Gb  stm32f4xx_i2c.o [4]
I2C_GenerateSTART       0x0800b6bb   0x1a  Code  Gb  stm32f4xx_i2c.o [4]
I2C_GenerateSTOP        0x0800b6d5   0x1a  Code  Gb  stm32f4xx_i2c.o [4]
I2C_GetFlagStatus       0x0800b8cd   0x3a  Code  Gb  stm32f4xx_i2c.o [4]
I2C_GetITStatus         0x0800b90d   0x1c  Code  Gb  stm32f4xx_i2c.o [4]
I2C_GetLastEvent        0x0800b8bf    0xe  Code  Gb  stm32f4xx_i2c.o [4]
I2C_GetPEC              0x0800b843    0x6  Code  Gb  stm32f4xx_i2c.o [4]
I2C_ITConfig            0x0800b891   0x14  Code  Gb  stm32f4xx_i2c.o [4]
I2C_Init                0x0800b5bf   0xb2  Code  Gb  stm32f4xx_i2c.o [4]
I2C_NACKPositionConfig  0x0800b7a3   0x1a  Code  Gb  stm32f4xx_i2c.o [4]
I2C_OwnAddress2Config   0x0800b719   0x12  Code  Gb  stm32f4xx_i2c.o [4]
I2C_PECPositionConfig   0x0800b811   0x1a  Code  Gb  stm32f4xx_i2c.o [4]
I2C_ReadRegister        0x0800b879   0x18  Code  Gb  stm32f4xx_i2c.o [4]
I2C_ReceiveData         0x0800b7f3    0x6  Code  Gb  stm32f4xx_i2c.o [4]
I2C_SMBusAlertConfig    0x0800b7bd   0x1a  Code  Gb  stm32f4xx_i2c.o [4]
I2C_Send7bitAddress     0x0800b6ef   0x12  Code  Gb  stm32f4xx_i2c.o [4]
I2C_SendData            0x0800b7ef    0x4  Code  Gb  stm32f4xx_i2c.o [4]
I2C_SoftwareResetCmd    0x0800b75b   0x16  Code  Gb  stm32f4xx_i2c.o [4]
I2C_StretchClockCmd     0x0800b771   0x18  Code  Gb  stm32f4xx_i2c.o [4]
I2C_StructInit          0x0800b685   0x1e  Code  Gb  stm32f4xx_i2c.o [4]
I2C_TransmitPEC         0x0800b7f9   0x18  Code  Gb  stm32f4xx_i2c.o [4]
I2S_Cmd                 0x080060cd   0x18  Code  Gb  stm32f4xx_spi.o [4]
I2S_FullDuplexConfig    0x0800615b   0x3e  Code  Gb  stm32f4xx_spi.o [4]
I2S_Init                0x08005faf   0xc2  Code  Gb  stm32f4xx_spi.o [4]
I2S_StructInit          0x080060a1   0x14  Code  Gb  stm32f4xx_spi.o [4]
MemManage_Handler       0x080149e5   0x10  Code  Gb  contiki-spirit1-main.o [2]
NMI_Handler             0x08015715         Code  Wk  startup_stm32f4xx.o [2]
NVIC_Init               0x08006cef   0x5c  Code  Gb  misc.o [4]
NVIC_InitStructure      0x20002914    0x4  Data  Gb  netstack.o [4]
NVIC_PriorityGroupConfig
                        0x08006ce5    0xa  Code  Gb  misc.o [4]
NVIC_SetVectorTable     0x08006d4b    0xc  Code  Gb  misc.o [4]
NVIC_SystemLPConfig     0x08006d57   0x16  Code  Gb  misc.o [4]
OTG_FS_IRQHandler       0x08015821         Code  Wk  startup_stm32f4xx.o [2]
OTG_FS_WKUP_IRQHandler  0x080157bd         Code  Wk  startup_stm32f4xx.o [2]
OTG_HS_EP1_IN_IRQHandler
                        0x08015841         Code  Wk  startup_stm32f4xx.o [2]
OTG_HS_EP1_OUT_IRQHandler
                        0x0801583d         Code  Wk  startup_stm32f4xx.o [2]
OTG_HS_IRQHandler       0x08015849         Code  Wk  startup_stm32f4xx.o [2]
OTG_HS_WKUP_IRQHandler  0x08015845         Code  Wk  startup_stm32f4xx.o [2]
PVD_IRQHandler          0x08015725         Code  Wk  startup_stm32f4xx.o [2]
PendSV_Handler          0x0801571d         Code  Wk  startup_stm32f4xx.o [2]
RCC_AHB1PeriphClockCmd  0x08005a97   0x16  Code  Gb  stm32f4xx_rcc.o [4]
RCC_AHB1PeriphClockLPModeCmd
                        0x08005b73   0x16  Code  Gb  stm32f4xx_rcc.o [4]
RCC_AHB1PeriphResetCmd  0x08005b05   0x16  Code  Gb  stm32f4xx_rcc.o [4]
RCC_AHB2PeriphClockCmd  0x08005aad   0x16  Code  Gb  stm32f4xx_rcc.o [4]
RCC_AHB2PeriphClockLPModeCmd
                        0x08005b89   0x16  Code  Gb  stm32f4xx_rcc.o [4]
RCC_AHB2PeriphResetCmd  0x08005b1b   0x16  Code  Gb  stm32f4xx_rcc.o [4]
RCC_AHB3PeriphClockCmd  0x08005ac3   0x16  Code  Gb  stm32f4xx_rcc.o [4]
RCC_AHB3PeriphClockLPModeCmd
                        0x08005b9f   0x16  Code  Gb  stm32f4xx_rcc.o [4]
RCC_AHB3PeriphResetCmd  0x08005b31   0x16  Code  Gb  stm32f4xx_rcc.o [4]
RCC_APB1PeriphClockCmd  0x08005ad9   0x16  Code  Gb  stm32f4xx_rcc.o [4]
RCC_APB1PeriphClockLPModeCmd
                        0x08005bb5   0x16  Code  Gb  stm32f4xx_rcc.o [4]
RCC_APB1PeriphResetCmd  0x08005b47   0x16  Code  Gb  stm32f4xx_rcc.o [4]
RCC_APB2PeriphClockCmd  0x08005aef   0x16  Code  Gb  stm32f4xx_rcc.o [4]
RCC_APB2PeriphClockLPModeCmd
                        0x08005bcb   0x16  Code  Gb  stm32f4xx_rcc.o [4]
RCC_APB2PeriphResetCmd  0x08005b5d   0x16  Code  Gb  stm32f4xx_rcc.o [4]
RCC_AdjustHSICalibrationValue
                        0x080058e1   0x12  Code  Gb  stm32f4xx_rcc.o [4]
RCC_BackupResetCmd      0x08005a8b    0x6  Code  Gb  stm32f4xx_rcc.o [4]
RCC_ClearFlag           0x08005c23    0xc  Code  Gb  stm32f4xx_rcc.o [4]
RCC_ClearITPendingBit   0x08005c41    0x6  Code  Gb  stm32f4xx_rcc.o [4]
RCC_ClockSecuritySystemCmd
                        0x0800595b    0x6  Code  Gb  stm32f4xx_rcc.o [4]
RCC_DeInit              0x08005875   0x2e  Code  Gb  stm32f4xx_rcc.o [4]
RCC_GetClocksFreq       0x080059c5   0x96  Code  Gb  stm32f4xx_rcc.o [4]
RCC_GetFlagStatus       0x08005bf7   0x2c  Code  Gb  stm32f4xx_rcc.o [4]
RCC_GetITStatus         0x08005c2f   0x12  Code  Gb  stm32f4xx_rcc.o [4]
RCC_GetSYSCLKSource     0x0800598f    0xa  Code  Gb  stm32f4xx_rcc.o [4]
RCC_HCLKConfig          0x08005999    0xe  Code  Gb  stm32f4xx_rcc.o [4]
RCC_HSEConfig           0x080058a3    0xc  Code  Gb  stm32f4xx_rcc.o [4]
RCC_HSICmd              0x080058f3    0x8  Code  Gb  stm32f4xx_rcc.o [4]
RCC_I2SCLKConfig        0x08005a91    0x6  Code  Gb  stm32f4xx_rcc.o [4]
RCC_IRQHandler          0x08015735         Code  Wk  startup_stm32f4xx.o [2]
RCC_ITConfig            0x08005be1   0x16  Code  Gb  stm32f4xx_rcc.o [4]
RCC_LSEConfig           0x080058fb   0x20  Code  Gb  stm32f4xx_rcc.o [4]
RCC_LSICmd              0x0800591b    0x8  Code  Gb  stm32f4xx_rcc.o [4]
RCC_MCO1Config          0x08005961   0x10  Code  Gb  stm32f4xx_rcc.o [4]
RCC_MCO2Config          0x08005971   0x10  Code  Gb  stm32f4xx_rcc.o [4]
RCC_PCLK1Config         0x080059a7    0xe  Code  Gb  stm32f4xx_rcc.o [4]
RCC_PCLK2Config         0x080059b5   0x10  Code  Gb  stm32f4xx_rcc.o [4]
RCC_PLLCmd              0x08005943    0x6  Code  Gb  stm32f4xx_rcc.o [4]
RCC_PLLConfig           0x08005923   0x20  Code  Gb  stm32f4xx_rcc.o [4]
RCC_PLLI2SCmd           0x08005955    0x6  Code  Gb  stm32f4xx_rcc.o [4]
RCC_PLLI2SConfig        0x08005949    0xc  Code  Gb  stm32f4xx_rcc.o [4]
RCC_RTCCLKCmd           0x08005a85    0x6  Code  Gb  stm32f4xx_rcc.o [4]
RCC_RTCCLKConfig        0x08005a5b   0x2a  Code  Gb  stm32f4xx_rcc.o [4]
RCC_SYSCLKConfig        0x08005981    0xe  Code  Gb  stm32f4xx_rcc.o [4]
RCC_WaitForHSEStartUp   0x080058af   0x32  Code  Gb  stm32f4xx_rcc.o [4]
RTC_Alarm_IRQHandler    0x080157b9         Code  Wk  startup_stm32f4xx.o [2]
RTC_WKUP_IRQHandler     0x0801572d         Code  Wk  startup_stm32f4xx.o [2]
Rcon                    0x0800e0f4    0xc  Data  Lc  aes.o [4]
Region$$Table$$Base     0x080155ec          --   Gb  - Linker created -
Region$$Table$$Limit    0x08015618          --   Gb  - Linker created -
Reset_Handler           0x080156d9         Code  Wk  startup_stm32f4xx.o [2]
SDIO_IRQHandler         0x080157d9         Code  Wk  startup_stm32f4xx.o [2]
SPI1_IRQHandler         0x080157a5         Code  Wk  startup_stm32f4xx.o [2]
SPI2_IRQHandler         0x080157a9         Code  Wk  startup_stm32f4xx.o [2]
SPI3_IRQHandler         0x080157e1         Code  Wk  startup_stm32f4xx.o [2]
SPI_BiDirectionalLineConfig
                        0x080060f7   0x1a  Code  Gb  stm32f4xx_spi.o [4]
SPI_CalculateCRC        0x080061a1   0x18  Code  Gb  stm32f4xx_spi.o [4]
SPI_Cmd                 0x080060b5   0x18  Code  Gb  stm32f4xx_spi.o [4]
SPI_DataSizeConfig      0x080060e5   0x12  Code  Gb  stm32f4xx_spi.o [4]
SPI_GetCRC              0x080061c3    0xc  Code  Gb  stm32f4xx_spi.o [4]
SPI_GetCRCPolynomial    0x080061cf    0x4  Code  Gb  stm32f4xx_spi.o [4]
SPI_I2S_ClearFlag       0x08006213    0x6  Code  Gb  stm32f4xx_spi.o [4]
SPI_I2S_ClearITPendingBit
                        0x08006243   0x12  Code  Gb  stm32f4xx_spi.o [4]
SPI_I2S_DMACmd          0x080061d3   0x14  Code  Gb  stm32f4xx_spi.o [4]
SPI_I2S_DeInit          0x08005f19   0x5e  Code  Gb  stm32f4xx_spi.o [4]
SPI_I2S_GetFlagStatus   0x08006205    0xe  Code  Gb  stm32f4xx_spi.o [4]
SPI_I2S_GetITStatus     0x08006219   0x2a  Code  Gb  stm32f4xx_spi.o [4]
SPI_I2S_ITConfig        0x080061e7   0x1e  Code  Gb  stm32f4xx_spi.o [4]
SPI_I2S_ReceiveData     0x08006199    0x4  Code  Gb  stm32f4xx_spi.o [4]
SPI_I2S_SendData        0x0800619d    0x4  Code  Gb  stm32f4xx_spi.o [4]
SPI_Init                0x08005f77   0x38  Code  Gb  stm32f4xx_spi.o [4]
SPI_NSSInternalSoftwareConfig
                        0x08006111   0x1a  Code  Gb  stm32f4xx_spi.o [4]
SPI_SSOutputCmd         0x0800612b   0x18  Code  Gb  stm32f4xx_spi.o [4]
SPI_StructInit          0x08006089   0x18  Code  Gb  stm32f4xx_spi.o [4]
SPI_TIModeCmd           0x08006143   0x18  Code  Gb  stm32f4xx_spi.o [4]
SPI_TransmitCRC         0x080061b9    0xa  Code  Gb  stm32f4xx_spi.o [4]
STM_EVAL_LEDInit        0x08008349   0x42  Code  Gb  netstack.o [4]
STM_EVAL_LEDOff         0x0800839d   0x12  Code  Gb  netstack.o [4]
STM_EVAL_LEDOn          0x0800838b   0x12  Code  Gb  netstack.o [4]
STM_EVAL_LEDToggle      0x080083af   0x16  Code  Gb  netstack.o [4]
STM_EVAL_PBGetState     0x0800845f   0x12  Code  Gb  netstack.o [4]
STM_EVAL_PBInit         0x080083c5   0x9a  Code  Gb  netstack.o [4]
SVC_Handler             0x08015719         Code  Wk  startup_stm32f4xx.o [2]
SYSCFG_CompensationCellCmd
                        0x0800b537    0x6  Code  Gb  stm32f4xx_syscfg.o [4]
SYSCFG_DeInit           0x0800b4ed   0x1a  Code  Gb  stm32f4xx_syscfg.o [4]
SYSCFG_ETH_MediaInterfaceConfig
                        0x0800b531    0x6  Code  Gb  stm32f4xx_syscfg.o [4]
SYSCFG_EXTILineConfig   0x0800b50d   0x24  Code  Gb  stm32f4xx_syscfg.o [4]
SYSCFG_GetCompensationCellStatus
                        0x0800b53d    0xe  Code  Gb  stm32f4xx_syscfg.o [4]
SYSCFG_MemoryRemapConfig
                        0x0800b507    0x6  Code  Gb  stm32f4xx_syscfg.o [4]
SdkEvalLedGetState      0x08008f05   0x1c  Code  Gb  SDK_EVAL_Led.o [4]
SdkEvalLedInit          0x08008e89   0x42  Code  Gb  SDK_EVAL_Led.o [4]
SdkEvalLedOff           0x08008edd   0x12  Code  Gb  SDK_EVAL_Led.o [4]
SdkEvalLedOn            0x08008ecb   0x12  Code  Gb  SDK_EVAL_Led.o [4]
SdkEvalLedToggle        0x08008eef   0x16  Code  Gb  SDK_EVAL_Led.o [4]
SdkEvalM2SGpioInit      0x08007b85   0xa8  Code  Gb  SDK_EVAL_Spirit_Gpio.o [4]
SdkEvalM2SGpioInterruptCmd
                        0x08007c2d   0x22  Code  Gb  SDK_EVAL_Spirit_Gpio.o [4]
SdkEvalPmADCInit        0x08007fc7   0x5c  Code  Gb  SDK_EVAL_PM.o [4]
SdkEvalPmDigipotRead    0x08007ee3   0xe4  Code  Gb  SDK_EVAL_PM.o [4]
SdkEvalPmDigipotWrite   0x08007db7  0x12c  Code  Gb  SDK_EVAL_PM.o [4]
SdkEvalPmGetSettledV    0x0800806d   0x32  Code  Gb  SDK_EVAL_PM.o [4]
SdkEvalPmGetV           0x08008023   0x4a  Code  Gb  SDK_EVAL_PM.o [4]
SdkEvalPmI2CInit        0x08007d1d   0x9a  Code  Gb  SDK_EVAL_PM.o [4]
SdkEvalPmRegulateVoltage
                        0x0800809f  0x10a  Code  Gb  SDK_EVAL_PM.o [4]
SdkEvalPmRegulateVoltageI
                        0x080081a9  0x102  Code  Gb  SDK_EVAL_PM.o [4]
SdkEvalPmRfSwitchInit   0x080082ab   0x2c  Code  Gb  SDK_EVAL_PM.o [4]
SdkEvalPmRfSwitchToRcal
                        0x080082df    0x8  Code  Gb  SDK_EVAL_PM.o [4]
SdkEvalPmRfSwitchToVRf  0x080082d7    0x8  Code  Gb  SDK_EVAL_PM.o [4]
SdkEvalSpiritCheckShutdown
                        0x08007cbd    0x4  Code  Gb  SDK_EVAL_Spirit_Gpio.o [4]
SdkEvalSpiritEnterShutdown
                        0x08007c87    0xa  Code  Gb  SDK_EVAL_Spirit_Gpio.o [4]
SdkEvalSpiritExitShutdown
                        0x08007c91   0x22  Code  Gb  SDK_EVAL_Spirit_Gpio.o [4]
SdkEvalSpiritGpioGetLevel
                        0x08007c4f   0x24  Code  Gb  SDK_EVAL_Spirit_Gpio.o [4]
SdkEvalSpiritGpioSetLevel
                        0x08007c73   0x14  Code  Gb  SDK_EVAL_Spirit_Gpio.o [4]
SetSysClock             0x08015231   0x9c  Code  Lc  system_stm32f4xx.o [4]
SpiritCalibrationGetRcoCalWords
                        0x08005355   0x3e  Code  Gb  SPIRIT_Calibration.o [4]
SpiritCalibrationGetVcoCalData
                        0x08005393   0x26  Code  Gb  SPIRIT_Calibration.o [4]
SpiritCalibrationGetVcoCalDataRx
                        0x08005467   0x26  Code  Gb  SPIRIT_Calibration.o [4]
SpiritCalibrationGetVcoCalDataTx
                        0x080053fd   0x26  Code  Gb  SPIRIT_Calibration.o [4]
SpiritCalibrationGetVcoSelecttion
                        0x0800558f   0x20  Code  Gb  SPIRIT_Calibration.o [4]
SpiritCalibrationGetVcoWindow
                        0x080054d1   0x7c  Code  Gb  SPIRIT_Calibration.o [4]
SpiritCalibrationRco    0x08005269   0x50  Code  Gb  SPIRIT_Calibration.o [4]
SpiritCalibrationSelectVco
                        0x08005551   0x3e  Code  Gb  SPIRIT_Calibration.o [4]
SpiritCalibrationSetRcoCalWords
                        0x08005309   0x4c  Code  Gb  SPIRIT_Calibration.o [4]
SpiritCalibrationSetVcoCalDataRx
                        0x08005423   0x44  Code  Gb  SPIRIT_Calibration.o [4]
SpiritCalibrationSetVcoCalDataTx
                        0x080053b9   0x44  Code  Gb  SPIRIT_Calibration.o [4]
SpiritCalibrationSetVcoWindow
                        0x0800548d   0x44  Code  Gb  SPIRIT_Calibration.o [4]
SpiritCalibrationVco    0x080052b9   0x50  Code  Gb  SPIRIT_Calibration.o [4]
SpiritCmdStrobeCommand  0x08008501   0x1c  Code  Gb  SPIRIT_Commands.o [4]
SpiritGeneralBatteryLevel
                        0x080029f9   0x50  Code  Gb  SPIRIT_General.o [4]
SpiritGeneralBrownOut   0x08002adb   0x50  Code  Gb  SPIRIT_General.o [4]
SpiritGeneralGetBatteryLevel
                        0x08002ab5   0x26  Code  Gb  SPIRIT_General.o [4]
SpiritGeneralGetDevicePartNumber
                        0x08002cc7   0x22  Code  Gb  SPIRIT_General.o [4]
SpiritGeneralGetDeviceVersionNumber
                        0x08002ce9   0x22  Code  Gb  SPIRIT_General.o [4]
SpiritGeneralGetExtRef  0x08002bbd   0x26  Code  Gb  SPIRIT_General.o [4]
SpiritGeneralGetPktType
                        0x08002ca3   0x24  Code  Gb  SPIRIT_General.o [4]
SpiritGeneralGetSpiritVersion
                        0x08002d11    0x6  Code  Gb  SPIRIT_General.o [4]
SpiritGeneralGetXoGm    0x08002c7d   0x26  Code  Gb  SPIRIT_General.o [4]
SpiritGeneralHighPwr    0x08002b2b   0x50  Code  Gb  SPIRIT_General.o [4]
SpiritGeneralSetBatteryLevel
                        0x08002a49   0x6c  Code  Gb  SPIRIT_General.o [4]
SpiritGeneralSetExtRef  0x08002b7b   0x42  Code  Gb  SPIRIT_General.o [4]
SpiritGeneralSetSpiritVersion
                        0x08002d0b    0x6  Code  Gb  SPIRIT_General.o [4]
SpiritGeneralSetXoGm    0x08002be5   0x98  Code  Gb  SPIRIT_General.o [4]
SpiritGpioClockOutput   0x0800799d   0x50  Code  Gb  SPIRIT_Gpio.o [4]
SpiritGpioClockOutputInit
                        0x080079ed   0x32  Code  Gb  SPIRIT_Gpio.o [4]
SpiritGpioGetExtraClockCycles
                        0x08007b55   0x2c  Code  Gb  SPIRIT_Gpio.o [4]
SpiritGpioGetLevel      0x08007969   0x34  Code  Gb  SPIRIT_Gpio.o [4]
SpiritGpioGetRCOPrescaler
                        0x08007adf   0x2c  Code  Gb  SPIRIT_Gpio.o [4]
SpiritGpioGetXOPrescaler
                        0x08007a69   0x2c  Code  Gb  SPIRIT_Gpio.o [4]
SpiritGpioInit          0x08007869   0x2e  Code  Gb  SPIRIT_Gpio.o [4]
SpiritGpioSetExtraClockCycles
                        0x08007b0b   0x4a  Code  Gb  SPIRIT_Gpio.o [4]
SpiritGpioSetLevel      0x0800790b   0x5e  Code  Gb  SPIRIT_Gpio.o [4]
SpiritGpioSetRCOPrescaler
                        0x08007a95   0x4a  Code  Gb  SPIRIT_Gpio.o [4]
SpiritGpioSetXOPrescaler
                        0x08007a1f   0x4a  Code  Gb  SPIRIT_Gpio.o [4]
SpiritGpioTemperatureSensor
                        0x08007897   0x74  Code  Gb  SPIRIT_Gpio.o [4]
SpiritIrq               0x08008d13   0x78  Code  Gb  SPIRIT_Irq.o [4]
SpiritIrqCheckFlag      0x08008e3d   0x46  Code  Gb  SPIRIT_Irq.o [4]
SpiritIrqClearStatus    0x08008e1f   0x1e  Code  Gb  SPIRIT_Irq.o [4]
SpiritIrqDeInit         0x08008cad   0x34  Code  Gb  SPIRIT_Irq.o [4]
SpiritIrqGetMask        0x08008d8b   0x4a  Code  Gb  SPIRIT_Irq.o [4]
SpiritIrqGetStatus      0x08008dd5   0x4a  Code  Gb  SPIRIT_Irq.o [4]
SpiritIrqInit           0x08008ce1   0x32  Code  Gb  SPIRIT_Irq.o [4]
SpiritLinearFifoGetAlmostEmptyThresholdRx
                        0x0800a7db   0x26  Code  Gb  SPIRIT_LinearFifo.o [4]
SpiritLinearFifoGetAlmostEmptyThresholdTx
[...]
rime_sniffer_add        0x080134b5    0x8  Code  Gb  sicslowpan.o [4]
rime_sniffer_remove     0x080134bd    0xa  Code  Gb  sicslowpan.o [4]
rimeaddr_cmp            0x0800a6b5   0x20  Code  Gb  rimeaddr.o [4]
rimeaddr_copy           0x0800a6a5   0x10  Code  Gb  rimeaddr.o [4]
rimeaddr_node_addr      0x200028ec    0x8  Data  Gb  rimeaddr.o [4]
rimeaddr_null           0x08015700    0x8  Data  Gb  rimeaddr.o [4]
rimeaddr_set_node_addr  0x0800a6d5    0x6  Code  Gb  rimeaddr.o [4]
rimestats               0x200026bc   0x48  Data  Gb  rimestats.o [4]
roundf                  0x08007801   0x38  Code  Gb  roundf.o [6]
routelist               0x2000063c    0x4  Data  Lc  uip-ds6-route.o [4]
routelist_list          0x20002938    0x4  Data  Lc  uip-ds6-route.o [4]
routememb               0x20000648    0xc  Data  Lc  uip-ds6-route.o [4]
routememb_memb_count    0x20002838   0x14  Data  Lc  uip-ds6-route.o [4]
routememb_memb_mem      0x200014e4  0x460  Data  Lc  uip-ds6-route.o [4]
rpl_add_dag             0x080126b5   0xfc  Code  Gb  rpl-dag.o [4]
rpl_add_parent          0x080121ad   0x5c  Code  Gb  rpl-dag.o [4]
rpl_add_route           0x08011a77   0x56  Code  Gb  rpl.o [4]
rpl_alloc_dag           0x080120b5   0x68  Code  Gb  rpl-dag.o [4]
rpl_alloc_instance      0x08012075   0x40  Code  Gb  rpl-dag.o [4]
rpl_find_of             0x08012569   0x1a  Code  Gb  rpl-dag.o [4]
rpl_find_parent         0x08012209   0x2c  Code  Gb  rpl-dag.o [4]
rpl_find_parent_any_dag
                        0x08012279   0x44  Code  Gb  rpl-dag.o [4]
rpl_free_dag            0x08012175   0x38  Code  Gb  rpl-dag.o [4]
rpl_free_instance       0x08012125   0x50  Code  Gb  rpl-dag.o [4]
rpl_get_any_dag         0x08012515   0x2a  Code  Gb  rpl-dag.o [4]
rpl_get_instance        0x0801253f   0x2a  Code  Gb  rpl-dag.o [4]
rpl_init                0x08011b8d   0x3c  Code  Gb  rpl.o [4]
rpl_invert_header       0x0800fe21   0x48  Code  Gb  rpl-ext-header.o [4]
rpl_ipv6_neighbor_callback
                        0x08011b4f   0x3e  Code  Gb  rpl.o [4]
rpl_join_instance       0x08012583  0x132  Code  Gb  rpl-dag.o [4]
rpl_link_neighbor_callback
                        0x08011acd   0x82  Code  Lc  rpl.o [4]
rpl_local_repair        0x0801280b   0x36  Code  Gb  rpl-dag.o [4]
rpl_move_parent         0x080124b9   0x5c  Code  Gb  rpl-dag.o [4]
rpl_nullify_parent      0x08012479   0x40  Code  Gb  rpl-dag.o [4]
rpl_of_etx              0x20000684   0x1c  Data  Gb  rpl-of-etx.o [4]
rpl_process_dio         0x080128f9  0x1a0  Code  Gb  rpl-dag.o [4]
rpl_process_parent_event
                        0x080128b1   0x48  Code  Gb  rpl-dag.o [4]
rpl_purge_routes        0x080119d9   0x3a  Code  Gb  rpl.o [4]
rpl_recalculate_ranks   0x08012841   0x5c  Code  Gb  rpl-dag.o [4]
rpl_remove_header       0x0800fdd1   0x50  Code  Gb  rpl-ext-header.o [4]
rpl_remove_parent       0x08012459   0x20  Code  Gb  rpl-dag.o [4]
rpl_remove_routes       0x08011a13   0x24  Code  Gb  rpl.o [4]
rpl_remove_routes_by_nexthop
                        0x08011a37   0x40  Code  Gb  rpl.o [4]
rpl_repair_root         0x08011f1d   0x32  Code  Gb  rpl-dag.o [4]
rpl_reset_dio_timer     0x08012bbd   0x1c  Code  Gb  rpl-timers.o [4]
rpl_reset_periodic_timer
                        0x08012b93   0x2a  Code  Gb  rpl-timers.o [4]
rpl_schedule_dao        0x08012c1d   0x38  Code  Gb  rpl-timers.o [4]
rpl_select_dag          0x080122bd  0x15c  Code  Gb  rpl-dag.o [4]
rpl_select_parent       0x08012419   0x40  Code  Gb  rpl-dag.o [4]
rpl_set_default_instance
                        0x0801211d    0x8  Code  Gb  rpl-dag.o [4]
rpl_set_default_route   0x0801202d   0x48  Code  Gb  rpl-dag.o [4]
rpl_set_prefix          0x08011feb   0x42  Code  Gb  rpl-dag.o [4]
rpl_set_root            0x08011e53   0xca  Code  Gb  rpl-dag.o [4]
rpl_update_header_empty
                        0x0800fcaf   0x9e  Code  Gb  rpl-ext-header.o [4]
rpl_update_header_final
                        0x0800fd4d   0x84  Code  Gb  rpl-ext-header.o [4]
rpl_verify_header       0x0800fbb1   0x86  Code  Gb  rpl-ext-header.o [4]
rsbox                   0x0800dff4  0x100  Data  Lc  aes.o [4]
rtimer_arch_init        0x0800373b   0x84  Code  Gb  rtimer-arch.o [4]
rtimer_arch_now         0x080037bf    0x8  Code  Gb  rtimer-arch.o [4]
rtimer_arch_schedule    0x080037cd    0x2  Code  Gb  rtimer-arch.o [4]
rtimer_clock            0x2000292c    0x4  Data  Gb  rtimer-arch.o [4]
rtimer_init             0x08014ae5    0x4  Code  Gb  rtimer.o [4]
rtimer_run_next         0x08014b15   0x28  Code  Gb  rtimer.o [4]
rtimer_set              0x08014ae9   0x2c  Code  Gb  rtimer.o [4]
s                       0x200025d0   0x44  Data  Lc  tcpip.o [4]
s_cCommunicationState   0x20000701    0x1  Data  Lc  SPIRIT_Management.o [4]
s_lXtalFrequency        0x20002930    0x4  Data  Lc  SPIRIT_Radio.o [4]
s_nDesiredFrequency     0x20000704    0x4  Data  Lc  SPIRIT_Management.o [4]
s_vectcBHalfFactor      0x080046a8    0x4  Data  Lc  SPIRIT_Management.o [4]
s_vectcBHalfFactor      0x08000fd4    0x4  Data  Lc  SPIRIT_Radio.o [4]
s_vectcBandRegValue     0x080046ac    0x4  Data  Lc  SPIRIT_Management.o [4]
s_vectcBandRegValue     0x08000f60    0x4  Data  Lc  SPIRIT_Radio.o [4]
s_vectcM2SGpioExtiIrqn  0x08007d18    0x4  Data  Lc  SDK_EVAL_Spirit_Gpio.o [4]
s_vectcM2SGpioExtiPinSource
                        0x08007d0c    0x4  Data  Lc  SDK_EVAL_Spirit_Gpio.o [4]
s_vectcM2SGpioExtiPortSource
                        0x08007d08    0x4  Data  Lc  SDK_EVAL_Spirit_Gpio.o [4]
s_vectlGpioClk          0x08008f30   0x14  Data  Lc  SDK_EVAL_Led.o [4]
s_vectlM2SExtiLine      0x08007cf8   0x10  Data  Lc  SDK_EVAL_Spirit_Gpio.o [4]
s_vectlM2SGpioClk       0x08007ccc   0x14  Data  Lc  SDK_EVAL_Spirit_Gpio.o [4]
s_vectnBandwidth26M     0x080017b0   0xb4  Data  Lc  SPIRIT_Radio.o [4]
s_vectnGpioPin          0x08008f24    0xc  Data  Lc  SDK_EVAL_Led.o [4]
s_vectnM2SGpioPin       0x08007cc0    0xc  Data  Lc  SDK_EVAL_Spirit_Gpio.o [4]
s_vectnVCOFreq          0x08000a04   0x20  Data  Lc  SPIRIT_Radio.o [4]
s_vectxDigipotAddress   0x08008344    0x2  Data  Lc  SDK_EVAL_PM.o [4]
s_vectxM2SGpioExtiTrigger
                        0x08007d14    0x4  Data  Lc  SDK_EVAL_Spirit_Gpio.o [4]
s_vectxM2SGpioOType     0x08007cf0    0x8  Data  Lc  SDK_EVAL_Spirit_Gpio.o [4]
s_vectxM2SGpioPuPd      0x08007ce8    0x8  Data  Lc  SDK_EVAL_Spirit_Gpio.o [4]
s_vectxM2SGpioSpeed     0x08007ce0    0x8  Data  Lc  SDK_EVAL_Spirit_Gpio.o [4]
s_vectxM2sGpioExtiMode  0x08007d10    0x4  Data  Lc  SDK_EVAL_Spirit_Gpio.o [4]
s_xRfBoardIdentification
                        0x200006f4    0xc  Data  Lc  SPIRIT_Management.o [4]
s_xSpiritVersion        0x20002961    0x1  Data  Lc  SPIRIT_General.o [4]
s_xTIM3Ch4CompareModeRaised
                        0x20000700    0x1  Data  Lc  SPIRIT_Management.o [4]
sbox                    0x0800def4  0x100  Data  Lc  aes.o [4]
seconds                 0x200028cc    0x4  Data  Lc  clock.o [4]
send_list               0x08014ecd   0x20  Code  Lc  nullrdc.o [4]
send_packet             0x0801465b  0x138  Code  Lc  csma.o [4]
send_packet             0x08014dad  0x120  Code  Lc  nullrdc.o [4]
send_packet             0x08013df5   0x20  Code  Lc  sicslowpan.o [4]
set16                   0x08010c89    0xa  Code  Lc  rpl-icmp6.o [4]
set32                   0x08010c67   0x16  Code  Lc  rpl-icmp6.o [4]
set_attr                0x080132bb   0x1c  Code  Lc  neighbor-attr.o [4]
set_ip_from_prefix      0x08011f4f   0x30  Code  Lc  rpl-dag.o [4]
set_packet_attrs        0x080134c7   0x4e  Code  Lc  sicslowpan.o [4]
set_rime_addr           0x0801495b   0x2a  Code  Lc  contiki-spirit1-main.o [2]
set_rpl_opt             0x0800fc37   0x78  Code  Lc  rpl-ext-header.o [4]
should_send_dao         0x08011db5   0x30  Code  Lc  rpl-dag.o [4]
show_leds               0x08014b41    0xc  Code  Lc  leds.o [4]
sicslowpan_aligned_buf  0x20001f1c  0x118  Data  Lc  sicslowpan.o [4]
sicslowpan_driver       0x08015624    0xc  Data  Gb  sicslowpan.o [4]
sicslowpan_init         0x08014255   0x2e  Code  Gb  sicslowpan.o [4]
sicslowpan_len          0x20002784    0x2  Data  Lc  sicslowpan.o [4]
spirit1_arch_refresh_status
                        0x080037f1   0x7e  Code  Gb  spirit1-arch.o [4]
spirit1_interrupt_callback
                        0x0800763f   0xd2  Code  Gb  spirit1.o [4]
spirit1_printstatus     0x08006e85   0x56  Code  Gb  spirit1.o [4]
spirit1_strobe          0x08006edb    0x4  Code  Lc  spirit1.o [4]
spirit_on               0x20000500    0x4  Data  Lc  spirit1.o [4]
spirit_radio_channel_clear
                        0x080072d3   0xd2  Code  Lc  spirit1.o [4]
spirit_radio_driver     0x08015548   0x2c  Data  Gb  spirit1.o [4]
spirit_radio_init       0x08006f93  0x14c  Code  Lc  spirit1.o [4]
spirit_radio_off        0x080073b9   0x90  Code  Lc  spirit1.o [4]
spirit_radio_on         0x08007449   0xa2  Code  Lc  spirit1.o [4]
spirit_radio_pending_packet
                        0x080073ab    0xe  Code  Lc  spirit1.o [4]
spirit_radio_prepare    0x080070df   0x96  Code  Lc  spirit1.o [4]
spirit_radio_process    0x20000518   0x10  Data  Gb  spirit1.o [4]
spirit_radio_read       0x080072a5   0x2e  Code  Lc  spirit1.o [4]
spirit_radio_receiving_packet
                        0x080073a5    0x6  Code  Lc  spirit1.o [4]
spirit_radio_send       0x0800728d   0x18  Code  Lc  spirit1.o [4]
spirit_radio_transmit   0x08007175  0x118  Code  Lc  spirit1.o [4]
spirit_rxbuf            0x2000049c   0x64  Data  Lc  spirit1.o [4]
spirit_txbuf            0x20000499    0x1  Data  Lc  spirit1.o [4]
spiritdk_timer_expired  0x20002962    0x1  Data  Gb  spirit1-arch.o [4]
srand                   0x08012fdd   0x20  Code  Gb  srand.o [5]
start_periodic_tcp_timer
                        0x08010179   0x20  Code  Lc  tcpip.o [4]
stimer_elapsed          0x080119c9    0xe  Code  Gb  stimer.o [4]
stimer_expired          0x0801199d   0x1c  Code  Gb  stimer.o [4]
stimer_remaining        0x080119b9   0x10  Code  Gb  stimer.o [4]
stimer_reset            0x08011987    0xa  Code  Gb  stimer.o [4]
stimer_restart          0x08011991    0xc  Code  Gb  stimer.o [4]
stimer_set              0x08011979    0xe  Code  Gb  stimer.o [4]
strchr                  0x0800d391         Code  Gb  strchr.o [7]
strlen                  0x0800d3a9         Code  Gb  strlen.o [7]
subscriber_callback     0x20000660    0x4  Data  Lc  neighbor-info.o [4]
tcp_attach              0x08010269   0x10  Code  Gb  tcpip.o [4]
tcp_connect             0x080101d3   0x24  Code  Gb  tcpip.o [4]
tcp_listen              0x08010233   0x36  Code  Gb  tcpip.o [4]
tcp_unlisten            0x080101f7   0x3c  Code  Gb  tcpip.o [4]
tcpip_event             0x200025c8    0x1  Data  Gb  tcpip.o [4]
tcpip_input             0x08010401   0x18  Code  Gb  tcpip.o [4]
tcpip_ipv6_output       0x08010419  0x120  Code  Gb  tcpip.o [4]
tcpip_output            0x08010161   0x10  Code  Gb  tcpip.o [4]
tcpip_poll_tcp          0x08010543    0xa  Code  Gb  tcpip.o [4]
tcpip_poll_udp          0x08010539    0xa  Code  Gb  tcpip.o [4]
tcpip_process           0x20000748   0x10  Data  Gb  tcpip.o [4]
tcpip_set_outputfunc    0x08010171    0x8  Code  Gb  tcpip.o [4]
tcpip_uipcall           0x0801054d   0x66  Code  Gb  tcpip.o [4]
ticks                   0x200028d0    0x4  Data  Lc  clock.o [4]
timeout                 0x200005c0    0x2  Data  Lc  neighbor-attr.o [4]
timeout_check           0x0801341f   0x56  Code  Lc  neighbor-attr.o [4]
timer_expired           0x08012e07   0x18  Code  Gb  timer.o [4]
timer_remaining         0x08012e1f   0x10  Code  Gb  timer.o [4]
timer_reset             0x08012df1    0xa  Code  Gb  timer.o [4]
timer_restart           0x08012dfb    0xc  Code  Gb  timer.o [4]
timer_set               0x08012de3    0xe  Code  Gb  timer.o [4]
timerlist               0x200028c4    0x4  Data  Lc  etimer.o [4]
tmp16                   0x20002758    0x2  Data  Lc  uip6.o [4]
tmp_ipaddr              0x20002880   0x10  Data  Lc  uip-icmp6.o [4]
transmit_packet_list    0x080144e7   0x24  Code  Lc  csma.o [4]
ttl_values              0x080142e0    0x4  Data  Lc  sicslowpan.o [4]
udp_attach              0x08010279    0xe  Code  Gb  tcpip.o [4]
udp_broadcast_new       0x080102a7   0x36  Code  Gb  tcpip.o [4]
udp_new                 0x08010287   0x20  Code  Gb  tcpip.o [4]
uip_acc32               0x20002748    0x4  Data  Gb  uip6.o [4]
uip_add32               0x0800e105   0x5a  Code  Gb  uip6.o [4]
uip_add_rcv_nxt         0x0800e4b1   0x28  Code  Lc  uip6.o [4]
uip_aligned_buf         0x20001bc4  0x118  Data  Gb  uip6.o [4]
uip_appdata             0x20002770    0x4  Data  Gb  uip6.o [4]
uip_chksum              0x0800e199   0x14  Code  Gb  uip6.o [4]
uip_conn                0x20002778    0x4  Data  Gb  uip6.o [4]
uip_connect             0x0800e267  0x118  Code  Gb  uip6.o [4]
uip_conns               0x20001cdc   0xc0  Data  Gb  uip6.o [4]
uip_ds6_aaddr_add       0x0800fa01   0x38  Code  Gb  uip-ds6.o [4]
uip_ds6_aaddr_lookup    0x0800fa43   0x22  Code  Gb  uip-ds6.o [4]
uip_ds6_aaddr_rm        0x0800fa39    0xa  Code  Gb  uip-ds6.o [4]
uip_ds6_addr_add        0x0800f817   0x8a  Code  Gb  uip-ds6.o [4]
uip_ds6_addr_lookup     0x0800f8df   0x26  Code  Gb  uip-ds6.o [4]
uip_ds6_addr_rm         0x0800f8a1   0x3e  Code  Gb  uip-ds6.o [4]
uip_ds6_addr_size       0x200007b4    0x1  Data  Gb  uip-ds6.o [4]
uip_ds6_compute_reachable_time
                        0x0800fb5d   0x22  Code  Gb  uip-ds6.o [4]
uip_ds6_defrt_add       0x0801163b   0x58  Code  Gb  uip-ds6-route.o [4]
uip_ds6_defrt_choose    0x080116fd   0x38  Code  Gb  uip-ds6-route.o [4]
uip_ds6_defrt_lookup    0x080116cd   0x30  Code  Gb  uip-ds6-route.o [4]
uip_ds6_defrt_periodic  0x08011735   0x3e  Code  Gb  uip-ds6-route.o [4]
uip_ds6_defrt_rm        0x08011693   0x3a  Code  Gb  uip-ds6-route.o [4]
uip_ds6_get_global      0x0800f94d   0x48  Code  Gb  uip-ds6.o [4]
uip_ds6_get_link_local  0x0800f905   0x48  Code  Gb  uip-ds6.o [4]
uip_ds6_if              0x20002034  0x108  Data  Gb  uip-ds6.o [4]
uip_ds6_init            0x0800f32d   0xd2  Code  Gb  uip-ds6.o [4]
uip_ds6_is_addr_onlink  0x0800f7d9   0x3e  Code  Gb  uip-ds6.o [4]
uip_ds6_list_loop       0x0800f569   0x5e  Code  Gb  uip-ds6.o [4]
uip_ds6_maddr_add       0x0800f995   0x3c  Code  Gb  uip-ds6.o [4]
uip_ds6_maddr_lookup    0x0800f9db   0x26  Code  Gb  uip-ds6.o [4]
uip_ds6_maddr_rm        0x0800f9d1    0xa  Code  Gb  uip-ds6.o [4]
uip_ds6_nbr_add         0x0800f5c7   0xea  Code  Gb  uip-ds6.o [4]
uip_ds6_nbr_cache       0x200007dc  0x618  Data  Gb  uip-ds6.o [4]
uip_ds6_nbr_ll_lookup   0x0800f6f1   0x40  Code  Gb  uip-ds6.o [4]
uip_ds6_nbr_lookup      0x0800f6bf   0x32  Code  Gb  uip-ds6.o [4]
uip_ds6_nbr_rm          0x0800f6b1    0xe  Code  Gb  uip-ds6.o [4]
uip_ds6_netif_addr_list_offset
                        0x200007b5    0x1  Data  Gb  uip-ds6.o [4]
uip_ds6_notification_add
                        0x080114a5   0x16  Code  Gb  uip-ds6-route.o [4]
uip_ds6_notification_rm
                        0x080114bb    0xa  Code  Gb  uip-ds6-route.o [4]
uip_ds6_periodic        0x0800f401  0x168  Code  Gb  uip-ds6.o [4]
uip_ds6_prefix_add      0x0800f731   0x76  Code  Gb  uip-ds6.o [4]
uip_ds6_prefix_list     0x20000df4   0x60  Data  Gb  uip-ds6.o [4]
uip_ds6_prefix_lookup   0x0800f7b1   0x28  Code  Gb  uip-ds6.o [4]
uip_ds6_prefix_rm       0x0800f7a7    0xa  Code  Gb  uip-ds6.o [4]
uip_ds6_route_add       0x0801153d   0x76  Code  Gb  uip-ds6-route.o [4]
uip_ds6_route_init      0x080114c5   0x2a  Code  Gb  uip-ds6-route.o [4]
uip_ds6_route_list_head
                        0x080114ef    0x8  Code  Gb  uip-ds6-route.o [4]
uip_ds6_route_lookup    0x080114ff   0x3e  Code  Gb  uip-ds6-route.o [4]
uip_ds6_route_num_routes
                        0x080114f7    0x8  Code  Gb  uip-ds6-route.o [4]
uip_ds6_route_rm        0x080115b3   0x3c  Code  Gb  uip-ds6-route.o [4]
uip_ds6_route_rm_by_nexthop
                        0x080115ef   0x4c  Code  Gb  uip-ds6-route.o [4]
uip_ds6_select_src      0x0800fa65   0xa6  Code  Gb  uip-ds6.o [4]
uip_ds6_set_addr_iid    0x0800fb0b   0x18  Code  Gb  uip-ds6.o [4]
uip_ds6_timer_periodic  0x200007cc   0x10  Data  Gb  uip-ds6.o [4]
uip_ds6_timer_ra        0x200028f4    0x8  Data  Gb  uip-ds6.o [4]
uip_ext_bitmap          0x2000274c    0x1  Data  Gb  uip6.o [4]
uip_ext_len             0x2000274d    0x1  Data  Gb  uip6.o [4]
uip_ext_opt_offset      0x2000274e    0x1  Data  Gb  uip6.o [4]
uip_flags               0x2000274f    0x1  Data  Gb  uip6.o [4]
uip_htonl               0x0800f2cd   0x1c  Code  Gb  uip6.o [4]
uip_htons               0x0800f2c3    0xa  Code  Gb  uip6.o [4]
uip_icmp6_echo_request_input
                        0x0800fe79   0xfc  Code  Gb  uip-icmp6.o [4]
uip_icmp6_error_output  0x0800ff75  0x160  Code  Gb  uip-icmp6.o [4]
uip_icmp6_send          0x080100d5   0x78  Code  Gb  uip-icmp6.o [4]
uip_icmp6chksum         0x0800e1f9    0x4  Code  Gb  uip6.o [4]
uip_init                0x0800e205   0x62  Code  Gb  uip6.o [4]
uip_len                 0x20002752    0x2  Data  Gb  uip6.o [4]
uip_listen              0x0800e48d   0x24  Code  Gb  uip6.o [4]
uip_listenports         0x2000275c   0x10  Data  Gb  uip6.o [4]
uip_lladdr              0x200028fc    0x8  Data  Gb  uip6.o [4]
uip_nd6_na_input        0x08010a19  0x1d4  Code  Gb  uip-nd6.o [4]
uip_nd6_ns_input        0x08010687  0x236  Code  Gb  uip-nd6.o [4]
uip_nd6_ns_output       0x080108bd  0x15c  Code  Gb  uip-nd6.o [4]
uip_next_hdr            0x2000276c    0x4  Data  Gb  uip6.o [4]
uip_process             0x0800e59d  0xd26  Code  Gb  uip6.o [4]
uip_rpl_input           0x0801139d   0x3c  Code  Gb  rpl-icmp6.o [4]
uip_sappdata            0x20002774    0x4  Data  Gb  uip6.o [4]
uip_send                0x0800f2e9   0x2e  Code  Gb  uip6.o [4]
uip_slen                0x20002754    0x2  Data  Gb  uip6.o [4]
uip_tcpchksum           0x0800e1fd    0x4  Code  Gb  uip6.o [4]
uip_udp_conn            0x2000277c    0x4  Data  Gb  uip6.o [4]
uip_udp_conns           0x20001d9c  0x180  Data  Gb  uip6.o [4]
uip_udp_new             0x0800e3cb   0x9c  Code  Gb  uip6.o [4]
uip_udpchksum           0x0800e201    0x4  Code  Gb  uip6.o [4]
uip_unlisten            0x0800e467   0x26  Code  Gb  uip6.o [4]
unc_ctxconf             0x080142d4    0x4  Data  Gb  sicslowpan.o [4]
unc_llconf              0x080142d0    0x4  Data  Gb  sicslowpan.o [4]
unc_mxconf              0x080142d8    0x4  Data  Gb  sicslowpan.o [4]
uncomp_hdr_len          0x20002782    0x1  Data  Lc  sicslowpan.o [4]
uncompress_addr         0x08013621   0x84  Code  Lc  sicslowpan.o [4]
uncompress_hdr_hc06     0x08013aa7  0x32e  Code  Lc  sicslowpan.o [4]
update_metric           0x08012e31   0x86  Code  Lc  neighbor-info.o [4]
update_metric_container
                        0x080153dd   0x36  Code  Lc  rpl-of-etx.o [4]
update_time             0x08011779   0x3c  Code  Lc  etimer.o [4]
upper_layer_chksum      0x0800e1ad   0x4c  Code  Lc  uip6.o [4]
vectpxGpioPort          0x200006b8   0x14  Data  Gb  SDK_EVAL_Led.o [4]
vectpxM2SGpioPort       0x200006e0   0x14  Data  Gb  SDK_EVAL_Spirit_Gpio.o [4]
wants_an_ack            0x20000504    0x4  Data  Lc  spirit1.o [4]
watchdog_init           0x080142e5    0x2  Code  Gb  watchdog.o [4]
watchdog_periodic       0x080142e9    0x2  Code  Gb  watchdog.o [4]
watchdog_reboot         0x080142ed    0x2  Code  Gb  watchdog.o [4]
watchdog_start          0x080142e7    0x2  Code  Gb  watchdog.o [4]
watchdog_stop           0x080142eb    0x2  Code  Gb  watchdog.o [4]
xSpiritVersionMap       0x080046b0    0xc  Data  Gb  SPIRIT_Management.o [4]


[1] = C:\cygwin\home\Administrator\thingsquare-mist-1.0.1\examples\blink
[2] = C:\cygwin\home\Administrator\thingsquare-mist-1.0.1\examples\blink\obj_mist-spirit1-F4
[3] = command line
[4] = contiki-mist-spirit1-F4.a
[5] = dl7M_tln.a
[6] = m7M_tl.a
[7] = rt7M_tl.a
[8] = shb_l.a

  87 844 bytes of readonly  code memory
     714 bytes of readonly  data memory
  10 593 bytes of readwrite data memory

Errors: none
Warnings: none
