###############################################################################
#                                                                             #
# IAR ELF Linker V6.30.6.53336/W32 for ARM              03/Aug/2013  11:57:04 #
# Copyright 2007-2012 IAR Systems AB.                                         #
#                                                                             #
#    Output file  =  C:\cygwin\home\Administrator\thingsquare-mist-1.0.1\buil #
#                    d\iar\stm32l1xx\Debug\Exe\blink.out                      #
#    Map file     =  C:\cygwin\home\Administrator\thingsquare-mist-1.0.1\buil #
#                    d\iar\stm32l1xx\Debug\List\blink.map                     #
#    Command line =  C:\cygwin\home\Administrator\thingsquare-mist-1.0.1\buil #
#                    d\iar\stm32l1xx\Debug\Obj\SDK_EVAL_Button.o              #
#                    C:\cygwin\home\Administrator\thingsquare-mist-1.0.1\buil #
#                    d\iar\stm32l1xx\Debug\Obj\SDK_EVAL_Com.o                 #
#                    C:\cygwin\home\Administrator\thingsquare-mist-1.0.1\buil #
#                    d\iar\stm32l1xx\Debug\Obj\SDK_EVAL_Led.o                 #
#                    C:\cygwin\home\Administrator\thingsquare-mist-1.0.1\buil #
#                    d\iar\stm32l1xx\Debug\Obj\SDK_EVAL_PM.o                  #
#                    C:\cygwin\home\Administrator\thingsquare-mist-1.0.1\buil #
#                    d\iar\stm32l1xx\Debug\Obj\SDK_EVAL_Spirit_Gpio.o         #
#                    C:\cygwin\home\Administrator\thingsquare-mist-1.0.1\buil #
#                    d\iar\stm32l1xx\Debug\Obj\SDK_EVAL_Spirit_Spi_Driver.o   #
#                    C:\cygwin\home\Administrator\thingsquare-mist-1.0.1\buil #
#                    d\iar\stm32l1xx\Debug\Obj\SDK_EVAL_Timers.o              #
#                    C:\cygwin\home\Administrator\thingsquare-mist-1.0.1\buil #
#                    d\iar\stm32l1xx\Debug\Obj\SDK_EVAL_VC_Desc.o             #
#                    C:\cygwin\home\Administrator\thingsquare-mist-1.0.1\buil #
#                    d\iar\stm32l1xx\Debug\Obj\SDK_EVAL_VC_Endp.o             #
#                    C:\cygwin\home\Administrator\thingsquare-mist-1.0.1\buil #
#                    d\iar\stm32l1xx\Debug\Obj\SDK_EVAL_VC_General.o          #
#                    C:\cygwin\home\Administrator\thingsquare-mist-1.0.1\buil #
#                    d\iar\stm32l1xx\Debug\Obj\SDK_EVAL_VC_Istr.o             #
#                    C:\cygwin\home\Administrator\thingsquare-mist-1.0.1\buil #
#                    d\iar\stm32l1xx\Debug\Obj\SDK_EVAL_VC_Prop.o             #
#                    C:\cygwin\home\Administrator\thingsquare-mist-1.0.1\buil #
#                    d\iar\stm32l1xx\Debug\Obj\SDK_EVAL_VC_Pwr.o              #
#                    C:\cygwin\home\Administrator\thingsquare-mist-1.0.1\buil #
#                    d\iar\stm32l1xx\Debug\Obj\SPIRIT_Aes.o                   #
#                    C:\cygwin\home\Administrator\thingsquare-mist-1.0.1\buil #
#                    d\iar\stm32l1xx\Debug\Obj\SPIRIT_Calibration.o           #
#                    C:\cygwin\home\Administrator\thingsquare-mist-1.0.1\buil #
#                    d\iar\stm32l1xx\Debug\Obj\SPIRIT_Commands.o              #
#                    C:\cygwin\home\Administrator\thingsquare-mist-1.0.1\buil #
#                    d\iar\stm32l1xx\Debug\Obj\SPIRIT_Csma.o                  #
#                    C:\cygwin\home\Administrator\thingsquare-mist-1.0.1\buil #
#                    d\iar\stm32l1xx\Debug\Obj\SPIRIT_DirectRF.o              #
#                    C:\cygwin\home\Administrator\thingsquare-mist-1.0.1\buil #
#                    d\iar\stm32l1xx\Debug\Obj\SPIRIT_General.o               #
#                    C:\cygwin\home\Administrator\thingsquare-mist-1.0.1\buil #
#                    d\iar\stm32l1xx\Debug\Obj\SPIRIT_Gpio.o                  #
#                    C:\cygwin\home\Administrator\thingsquare-mist-1.0.1\buil #
#                    d\iar\stm32l1xx\Debug\Obj\SPIRIT_Irq.o                   #
#                    C:\cygwin\home\Administrator\thingsquare-mist-1.0.1\buil #
#                    d\iar\stm32l1xx\Debug\Obj\SPIRIT_LinearFifo.o            #
#                    C:\cygwin\home\Administrator\thingsquare-mist-1.0.1\buil #
#                    d\iar\stm32l1xx\Debug\Obj\SPIRIT_Management.o            #
#                    C:\cygwin\home\Administrator\thingsquare-mist-1.0.1\buil #
#                    d\iar\stm32l1xx\Debug\Obj\SPIRIT_PktBasic.o              #
#                    C:\cygwin\home\Administrator\thingsquare-mist-1.0.1\buil #
#                    d\iar\stm32l1xx\Debug\Obj\SPIRIT_PktCommon.o             #
#                    C:\cygwin\home\Administrator\thingsquare-mist-1.0.1\buil #
#                    d\iar\stm32l1xx\Debug\Obj\SPIRIT_PktMbus.o               #
#                    C:\cygwin\home\Administrator\thingsquare-mist-1.0.1\buil #
#                    d\iar\stm32l1xx\Debug\Obj\SPIRIT_PktStack.o              #
#                    C:\cygwin\home\Administrator\thingsquare-mist-1.0.1\buil #
#                    d\iar\stm32l1xx\Debug\Obj\SPIRIT_Qi.o                    #
#                    C:\cygwin\home\Administrator\thingsquare-mist-1.0.1\buil #
#                    d\iar\stm32l1xx\Debug\Obj\SPIRIT_Radio.o                 #
#                    C:\cygwin\home\Administrator\thingsquare-mist-1.0.1\buil #
#                    d\iar\stm32l1xx\Debug\Obj\SPIRIT_Timer.o                 #
#                    C:\cygwin\home\Administrator\thingsquare-mist-1.0.1\buil #
#                    d\iar\stm32l1xx\Debug\Obj\SPIRIT_Types.o                 #
#                    C:\cygwin\home\Administrator\thingsquare-mist-1.0.1\buil #
#                    d\iar\stm32l1xx\Debug\Obj\aes-ccm.o                      #
#                    C:\cygwin\home\Administrator\thingsquare-mist-1.0.1\buil #
#                    d\iar\stm32l1xx\Debug\Obj\aes.o                          #
#                    C:\cygwin\home\Administrator\thingsquare-mist-1.0.1\buil #
#                    d\iar\stm32l1xx\Debug\Obj\arg.o                          #
#                    C:\cygwin\home\Administrator\thingsquare-mist-1.0.1\buil #
#                    d\iar\stm32l1xx\Debug\Obj\assert.o                       #
#                    C:\cygwin\home\Administrator\thingsquare-mist-1.0.1\buil #
#                    d\iar\stm32l1xx\Debug\Obj\autostart.o                    #
#                    C:\cygwin\home\Administrator\thingsquare-mist-1.0.1\buil #
#                    d\iar\stm32l1xx\Debug\Obj\broadcast.o                    #
#                    C:\cygwin\home\Administrator\thingsquare-mist-1.0.1\buil #
#                    d\iar\stm32l1xx\Debug\Obj\channel.o                      #
#                    C:\cygwin\home\Administrator\thingsquare-mist-1.0.1\buil #
#                    d\iar\stm32l1xx\Debug\Obj\checkpoint.o                   #
#                    C:\cygwin\home\Administrator\thingsquare-mist-1.0.1\buil #
#                    d\iar\stm32l1xx\Debug\Obj\clock.o                        #
#                    C:\cygwin\home\Administrator\thingsquare-mist-1.0.1\buil #
#                    d\iar\stm32l1xx\Debug\Obj\compower.o                     #
#                    C:\cygwin\home\Administrator\thingsquare-mist-1.0.1\buil #
#                    d\iar\stm32l1xx\Debug\Obj\contiki-spirit1-main.o         #
#                    C:\cygwin\home\Administrator\thingsquare-mist-1.0.1\buil #
#                    d\iar\stm32l1xx\Debug\Obj\contikimac.o                   #
#                    C:\cygwin\home\Administrator\thingsquare-mist-1.0.1\buil #
#                    d\iar\stm32l1xx\Debug\Obj\crc16.o                        #
#                    C:\cygwin\home\Administrator\thingsquare-mist-1.0.1\buil #
#                    d\iar\stm32l1xx\Debug\Obj\csma.o                         #
#                    C:\cygwin\home\Administrator\thingsquare-mist-1.0.1\buil #
#                    d\iar\stm32l1xx\Debug\Obj\ctimer.o                       #
#                    C:\cygwin\home\Administrator\thingsquare-mist-1.0.1\buil #
#                    d\iar\stm32l1xx\Debug\Obj\cxmac.o                        #
#                    C:\cygwin\home\Administrator\thingsquare-mist-1.0.1\buil #
#                    d\iar\stm32l1xx\Debug\Obj\dhcpc.o                        #
#                    C:\cygwin\home\Administrator\thingsquare-mist-1.0.1\buil #
#                    d\iar\stm32l1xx\Debug\Obj\drowsie-multichannel.o         #
#                    C:\cygwin\home\Administrator\thingsquare-mist-1.0.1\buil #
#                    d\iar\stm32l1xx\Debug\Obj\drowsie.o                      #
#                    C:\cygwin\home\Administrator\thingsquare-mist-1.0.1\buil #
#                    d\iar\stm32l1xx\Debug\Obj\elfloader.o                    #
#                    C:\cygwin\home\Administrator\thingsquare-mist-1.0.1\buil #
#                    d\iar\stm32l1xx\Debug\Obj\energest.o                     #
#                    C:\cygwin\home\Administrator\thingsquare-mist-1.0.1\buil #
#                    d\iar\stm32l1xx\Debug\Obj\etimer.o                       #
#                    C:\cygwin\home\Administrator\thingsquare-mist-1.0.1\buil #
#                    d\iar\stm32l1xx\Debug\Obj\frame802154.o                  #
#                    C:\cygwin\home\Administrator\thingsquare-mist-1.0.1\buil #
#                    d\iar\stm32l1xx\Debug\Obj\framer-802154.o                #
#                    C:\cygwin\home\Administrator\thingsquare-mist-1.0.1\buil #
#                    d\iar\stm32l1xx\Debug\Obj\framer-nullmac.o               #
#                    C:\cygwin\home\Administrator\thingsquare-mist-1.0.1\buil #
#                    d\iar\stm32l1xx\Debug\Obj\hc.o                           #
#                    C:\cygwin\home\Administrator\thingsquare-mist-1.0.1\buil #
#                    d\iar\stm32l1xx\Debug\Obj\http-strings.o                 #
#                    C:\cygwin\home\Administrator\thingsquare-mist-1.0.1\buil #
#                    d\iar\stm32l1xx\Debug\Obj\httpd-cgi.o                    #
#                    C:\cygwin\home\Administrator\thingsquare-mist-1.0.1\buil #
#                    d\iar\stm32l1xx\Debug\Obj\httpd-fs.o                     #
#                    C:\cygwin\home\Administrator\thingsquare-mist-1.0.1\buil #
#                    d\iar\stm32l1xx\Debug\Obj\httpd.o                        #
#                    C:\cygwin\home\Administrator\thingsquare-mist-1.0.1\buil #
#                    d\iar\stm32l1xx\Debug\Obj\ifft.o                         #
#                    C:\cygwin\home\Administrator\thingsquare-mist-1.0.1\buil #
#                    d\iar\stm32l1xx\Debug\Obj\ip64-addr.o                    #
#                    C:\cygwin\home\Administrator\thingsquare-mist-1.0.1\buil #
#                    d\iar\stm32l1xx\Debug\Obj\ip64-addrmap.o                 #
#                    C:\cygwin\home\Administrator\thingsquare-mist-1.0.1\buil #
#                    d\iar\stm32l1xx\Debug\Obj\ip64-arp.o                     #
#                    C:\cygwin\home\Administrator\thingsquare-mist-1.0.1\buil #
#                    d\iar\stm32l1xx\Debug\Obj\ip64-eth-interface.o           #
#                    C:\cygwin\home\Administrator\thingsquare-mist-1.0.1\buil #
#                    d\iar\stm32l1xx\Debug\Obj\ip64-eth.o                     #
#                    C:\cygwin\home\Administrator\thingsquare-mist-1.0.1\buil #
#                    d\iar\stm32l1xx\Debug\Obj\ip64-ipv4-dhcp.o               #
#                    C:\cygwin\home\Administrator\thingsquare-mist-1.0.1\buil #
#                    d\iar\stm32l1xx\Debug\Obj\ip64-null-driver.o             #
#                    C:\cygwin\home\Administrator\thingsquare-mist-1.0.1\buil #
#                    d\iar\stm32l1xx\Debug\Obj\ip64-slip-interface.o          #
#                    C:\cygwin\home\Administrator\thingsquare-mist-1.0.1\buil #
#                    d\iar\stm32l1xx\Debug\Obj\ip64-special-ports.o           #
#                    C:\cygwin\home\Administrator\thingsquare-mist-1.0.1\buil #
#                    d\iar\stm32l1xx\Debug\Obj\ip64-tap-driver.o              #
#                    C:\cygwin\home\Administrator\thingsquare-mist-1.0.1\buil #
#                    d\iar\stm32l1xx\Debug\Obj\ip64-webserver.o               #
#                    C:\cygwin\home\Administrator\thingsquare-mist-1.0.1\buil #
#                    d\iar\stm32l1xx\Debug\Obj\ip64.o                         #
#                    C:\cygwin\home\Administrator\thingsquare-mist-1.0.1\buil #
#                    d\iar\stm32l1xx\Debug\Obj\leds-arch.o                    #
#                    C:\cygwin\home\Administrator\thingsquare-mist-1.0.1\buil #
#                    d\iar\stm32l1xx\Debug\Obj\leds.o                         #
#                    C:\cygwin\home\Administrator\thingsquare-mist-1.0.1\buil #
#                    d\iar\stm32l1xx\Debug\Obj\list.o                         #
#                    C:\cygwin\home\Administrator\thingsquare-mist-1.0.1\buil #
#                    d\iar\stm32l1xx\Debug\Obj\lpp.o                          #
#                    C:\cygwin\home\Administrator\thingsquare-mist-1.0.1\buil #
#                    d\iar\stm32l1xx\Debug\Obj\mac.o                          #
#                    C:\cygwin\home\Administrator\thingsquare-mist-1.0.1\buil #
#                    d\iar\stm32l1xx\Debug\Obj\mdns.o                         #
#                    C:\cygwin\home\Administrator\thingsquare-mist-1.0.1\buil #
#                    d\iar\stm32l1xx\Debug\Obj\memb.o                         #
#                    C:\cygwin\home\Administrator\thingsquare-mist-1.0.1\buil #
#                    d\iar\stm32l1xx\Debug\Obj\misc.o                         #
#                    C:\cygwin\home\Administrator\thingsquare-mist-1.0.1\buil #
#                    d\iar\stm32l1xx\Debug\Obj\mmem.o                         #
#                    C:\cygwin\home\Administrator\thingsquare-mist-1.0.1\buil #
#                    d\iar\stm32l1xx\Debug\Obj\mt.o                           #
#                    C:\cygwin\home\Administrator\thingsquare-mist-1.0.1\buil #
#                    d\iar\stm32l1xx\Debug\Obj\neighbor-attr.o                #
#                    C:\cygwin\home\Administrator\thingsquare-mist-1.0.1\buil #
#                    d\iar\stm32l1xx\Debug\Obj\neighbor-info.o                #
#                    C:\cygwin\home\Administrator\thingsquare-mist-1.0.1\buil #
#                    d\iar\stm32l1xx\Debug\Obj\netstack-aes.o                 #
#                    C:\cygwin\home\Administrator\thingsquare-mist-1.0.1\buil #
#                    d\iar\stm32l1xx\Debug\Obj\netstack.o                     #
#                    C:\cygwin\home\Administrator\thingsquare-mist-1.0.1\buil #
#                    d\iar\stm32l1xx\Debug\Obj\node-id.o                      #
#                    C:\cygwin\home\Administrator\thingsquare-mist-1.0.1\buil #
#                    d\iar\stm32l1xx\Debug\Obj\nullmac.o                      #
#                    C:\cygwin\home\Administrator\thingsquare-mist-1.0.1\buil #
#                    d\iar\stm32l1xx\Debug\Obj\nullrdc-noframer.o             #
#                    C:\cygwin\home\Administrator\thingsquare-mist-1.0.1\buil #
#                    d\iar\stm32l1xx\Debug\Obj\nullrdc.o                      #
#                    C:\cygwin\home\Administrator\thingsquare-mist-1.0.1\buil #
#                    d\iar\stm32l1xx\Debug\Obj\otgd_fs_cal.o                  #
#                    C:\cygwin\home\Administrator\thingsquare-mist-1.0.1\buil #
#                    d\iar\stm32l1xx\Debug\Obj\otgd_fs_dev.o                  #
#                    C:\cygwin\home\Administrator\thingsquare-mist-1.0.1\buil #
#                    d\iar\stm32l1xx\Debug\Obj\otgd_fs_int.o                  #
#                    C:\cygwin\home\Administrator\thingsquare-mist-1.0.1\buil #
#                    d\iar\stm32l1xx\Debug\Obj\otgd_fs_pcd.o                  #
#                    C:\cygwin\home\Administrator\thingsquare-mist-1.0.1\buil #
#                    d\iar\stm32l1xx\Debug\Obj\packetbuf.o                    #
#                    C:\cygwin\home\Administrator\thingsquare-mist-1.0.1\buil #
#                    d\iar\stm32l1xx\Debug\Obj\packetqueue.o                  #
#                    C:\cygwin\home\Administrator\thingsquare-mist-1.0.1\buil #
#                    d\iar\stm32l1xx\Debug\Obj\phase.o                        #
#                    C:\cygwin\home\Administrator\thingsquare-mist-1.0.1\buil #
#                    d\iar\stm32l1xx\Debug\Obj\print-stats.o                  #
#                    C:\cygwin\home\Administrator\thingsquare-mist-1.0.1\buil #
#                    d\iar\stm32l1xx\Debug\Obj\process.o                      #
#                    C:\cygwin\home\Administrator\thingsquare-mist-1.0.1\buil #
#                    d\iar\stm32l1xx\Debug\Obj\procinit.o                     #
#                    C:\cygwin\home\Administrator\thingsquare-mist-1.0.1\buil #
#                    d\iar\stm32l1xx\Debug\Obj\profile.o                      #
#                    C:\cygwin\home\Administrator\thingsquare-mist-1.0.1\buil #
#                    d\iar\stm32l1xx\Debug\Obj\psock.o                        #
#                    C:\cygwin\home\Administrator\thingsquare-mist-1.0.1\buil #
#                    d\iar\stm32l1xx\Debug\Obj\queuebuf.o                     #
#                    C:\cygwin\home\Administrator\thingsquare-mist-1.0.1\buil #
#                    d\iar\stm32l1xx\Debug\Obj\random.o                       #
#                    C:\cygwin\home\Administrator\thingsquare-mist-1.0.1\buil #
#                    d\iar\stm32l1xx\Debug\Obj\resolv.o                       #
#                    C:\cygwin\home\Administrator\thingsquare-mist-1.0.1\buil #
#                    d\iar\stm32l1xx\Debug\Obj\rimeaddr.o                     #
#                    C:\cygwin\home\Administrator\thingsquare-mist-1.0.1\buil #
#                    d\iar\stm32l1xx\Debug\Obj\rimestats.o                    #
#                    C:\cygwin\home\Administrator\thingsquare-mist-1.0.1\buil #
#                    d\iar\stm32l1xx\Debug\Obj\ringbuf.o                      #
#                    C:\cygwin\home\Administrator\thingsquare-mist-1.0.1\buil #
#                    d\iar\stm32l1xx\Debug\Obj\route-discovery.o              #
#                    C:\cygwin\home\Administrator\thingsquare-mist-1.0.1\buil #
#                    d\iar\stm32l1xx\Debug\Obj\route.o                        #
#                    C:\cygwin\home\Administrator\thingsquare-mist-1.0.1\buil #
#                    d\iar\stm32l1xx\Debug\Obj\router-node.o                  #
#                    C:\cygwin\home\Administrator\thingsquare-mist-1.0.1\buil #
#                    d\iar\stm32l1xx\Debug\Obj\rpl-dag.o                      #
#                    C:\cygwin\home\Administrator\thingsquare-mist-1.0.1\buil #
#                    d\iar\stm32l1xx\Debug\Obj\rpl-ext-header.o               #
#                    C:\cygwin\home\Administrator\thingsquare-mist-1.0.1\buil #
#                    d\iar\stm32l1xx\Debug\Obj\rpl-icmp6.o                    #
#                    C:\cygwin\home\Administrator\thingsquare-mist-1.0.1\buil #
#                    d\iar\stm32l1xx\Debug\Obj\rpl-of-etx.o                   #
#                    C:\cygwin\home\Administrator\thingsquare-mist-1.0.1\buil #
#                    d\iar\stm32l1xx\Debug\Obj\rpl-of0.o                      #
#                    C:\cygwin\home\Administrator\thingsquare-mist-1.0.1\buil #
#                    d\iar\stm32l1xx\Debug\Obj\rpl-timers.o                   #
#                    C:\cygwin\home\Administrator\thingsquare-mist-1.0.1\buil #
#                    d\iar\stm32l1xx\Debug\Obj\rpl.o                          #
#                    C:\cygwin\home\Administrator\thingsquare-mist-1.0.1\buil #
#                    d\iar\stm32l1xx\Debug\Obj\rtimer-arch.o                  #
#                    C:\cygwin\home\Administrator\thingsquare-mist-1.0.1\buil #
#                    d\iar\stm32l1xx\Debug\Obj\rtimer.o                       #
#                    C:\cygwin\home\Administrator\thingsquare-mist-1.0.1\buil #
#                    d\iar\stm32l1xx\Debug\Obj\sicslowmac.o                   #
#                    C:\cygwin\home\Administrator\thingsquare-mist-1.0.1\buil #
#                    d\iar\stm32l1xx\Debug\Obj\sicslowpan.o                   #
#                    C:\cygwin\home\Administrator\thingsquare-mist-1.0.1\buil #
#                    d\iar\stm32l1xx\Debug\Obj\simple-rpl.o                   #
#                    C:\cygwin\home\Administrator\thingsquare-mist-1.0.1\buil #
#                    d\iar\stm32l1xx\Debug\Obj\simple-udp-ping.o              #
#                    C:\cygwin\home\Administrator\thingsquare-mist-1.0.1\buil #
#                    d\iar\stm32l1xx\Debug\Obj\simple-udp.o                   #
#                    C:\cygwin\home\Administrator\thingsquare-mist-1.0.1\buil #
#                    d\iar\stm32l1xx\Debug\Obj\slipdev.o                      #
#                    C:\cygwin\home\Administrator\thingsquare-mist-1.0.1\buil #
#                    d\iar\stm32l1xx\Debug\Obj\spirit1-arch.o                 #
#                    C:\cygwin\home\Administrator\thingsquare-mist-1.0.1\buil #
#                    d\iar\stm32l1xx\Debug\Obj\spirit1.o                      #
#                    C:\cygwin\home\Administrator\thingsquare-mist-1.0.1\buil #
#                    d\iar\stm32l1xx\Debug\Obj\startup_stm32l1xx_md.o         #
#                    C:\cygwin\home\Administrator\thingsquare-mist-1.0.1\buil #
#                    d\iar\stm32l1xx\Debug\Obj\stimer.o                       #
#                    C:\cygwin\home\Administrator\thingsquare-mist-1.0.1\buil #
#                    d\iar\stm32l1xx\Debug\Obj\stm32l1xx_adc.o                #
#                    C:\cygwin\home\Administrator\thingsquare-mist-1.0.1\buil #
#                    d\iar\stm32l1xx\Debug\Obj\stm32l1xx_dbgmcu.o             #
#                    C:\cygwin\home\Administrator\thingsquare-mist-1.0.1\buil #
#                    d\iar\stm32l1xx\Debug\Obj\stm32l1xx_exti.o               #
#                    C:\cygwin\home\Administrator\thingsquare-mist-1.0.1\buil #
#                    d\iar\stm32l1xx\Debug\Obj\stm32l1xx_gpio.o               #
#                    C:\cygwin\home\Administrator\thingsquare-mist-1.0.1\buil #
#                    d\iar\stm32l1xx\Debug\Obj\stm32l1xx_i2c.o                #
#                    C:\cygwin\home\Administrator\thingsquare-mist-1.0.1\buil #
#                    d\iar\stm32l1xx\Debug\Obj\stm32l1xx_it.o                 #
#                    C:\cygwin\home\Administrator\thingsquare-mist-1.0.1\buil #
#                    d\iar\stm32l1xx\Debug\Obj\stm32l1xx_rcc.o                #
#                    C:\cygwin\home\Administrator\thingsquare-mist-1.0.1\buil #
#                    d\iar\stm32l1xx\Debug\Obj\stm32l1xx_spi.o                #
#                    C:\cygwin\home\Administrator\thingsquare-mist-1.0.1\buil #
#                    d\iar\stm32l1xx\Debug\Obj\stm32l1xx_syscfg.o             #
#                    C:\cygwin\home\Administrator\thingsquare-mist-1.0.1\buil #
#                    d\iar\stm32l1xx\Debug\Obj\stm32l1xx_systick.o            #
#                    C:\cygwin\home\Administrator\thingsquare-mist-1.0.1\buil #
#                    d\iar\stm32l1xx\Debug\Obj\stm32l1xx_tim.o                #
#                    C:\cygwin\home\Administrator\thingsquare-mist-1.0.1\buil #
#                    d\iar\stm32l1xx\Debug\Obj\symbols.o                      #
#                    C:\cygwin\home\Administrator\thingsquare-mist-1.0.1\buil #
#                    d\iar\stm32l1xx\Debug\Obj\system_stm32l1xx.o             #
#                    C:\cygwin\home\Administrator\thingsquare-mist-1.0.1\buil #
#                    d\iar\stm32l1xx\Debug\Obj\tcp-socket.o                   #
#                    C:\cygwin\home\Administrator\thingsquare-mist-1.0.1\buil #
#                    d\iar\stm32l1xx\Debug\Obj\tcpdump.o                      #
#                    C:\cygwin\home\Administrator\thingsquare-mist-1.0.1\buil #
#                    d\iar\stm32l1xx\Debug\Obj\tcpip.o                        #
#                    C:\cygwin\home\Administrator\thingsquare-mist-1.0.1\buil #
#                    d\iar\stm32l1xx\Debug\Obj\timer.o                        #
#                    C:\cygwin\home\Administrator\thingsquare-mist-1.0.1\buil #
#                    d\iar\stm32l1xx\Debug\Obj\timetable-aggregate.o          #
#                    C:\cygwin\home\Administrator\thingsquare-mist-1.0.1\buil #
#                    d\iar\stm32l1xx\Debug\Obj\timetable.o                    #
#                    C:\cygwin\home\Administrator\thingsquare-mist-1.0.1\buil #
#                    d\iar\stm32l1xx\Debug\Obj\trickle.o                      #
#                    C:\cygwin\home\Administrator\thingsquare-mist-1.0.1\buil #
#                    d\iar\stm32l1xx\Debug\Obj\uaodv-rt.o                     #
#                    C:\cygwin\home\Administrator\thingsquare-mist-1.0.1\buil #
#                    d\iar\stm32l1xx\Debug\Obj\uaodv.o                        #
#                    C:\cygwin\home\Administrator\thingsquare-mist-1.0.1\buil #
#                    d\iar\stm32l1xx\Debug\Obj\udp-socket.o                   #
#                    C:\cygwin\home\Administrator\thingsquare-mist-1.0.1\buil #
#                    d\iar\stm32l1xx\Debug\Obj\uip-debug.o                    #
#                    C:\cygwin\home\Administrator\thingsquare-mist-1.0.1\buil #
#                    d\iar\stm32l1xx\Debug\Obj\uip-ds6-route.o                #
#                    C:\cygwin\home\Administrator\thingsquare-mist-1.0.1\buil #
#                    d\iar\stm32l1xx\Debug\Obj\uip-ds6.o                      #
#                    C:\cygwin\home\Administrator\thingsquare-mist-1.0.1\buil #
#                    d\iar\stm32l1xx\Debug\Obj\uip-fw-drv.o                   #
#                    C:\cygwin\home\Administrator\thingsquare-mist-1.0.1\buil #
#                    d\iar\stm32l1xx\Debug\Obj\uip-fw.o                       #
#                    C:\cygwin\home\Administrator\thingsquare-mist-1.0.1\buil #
#                    d\iar\stm32l1xx\Debug\Obj\uip-icmp6.o                    #
#                    C:\cygwin\home\Administrator\thingsquare-mist-1.0.1\buil #
#                    d\iar\stm32l1xx\Debug\Obj\uip-nd6.o                      #
#                    C:\cygwin\home\Administrator\thingsquare-mist-1.0.1\buil #
#                    d\iar\stm32l1xx\Debug\Obj\uip-neighbor.o                 #
#                    C:\cygwin\home\Administrator\thingsquare-mist-1.0.1\buil #
#                    d\iar\stm32l1xx\Debug\Obj\uip-over-mesh.o                #
#                    C:\cygwin\home\Administrator\thingsquare-mist-1.0.1\buil #
#                    d\iar\stm32l1xx\Debug\Obj\uip-packetqueue.o              #
#                    C:\cygwin\home\Administrator\thingsquare-mist-1.0.1\buil #
#                    d\iar\stm32l1xx\Debug\Obj\uip-split.o                    #
#                    C:\cygwin\home\Administrator\thingsquare-mist-1.0.1\buil #
#                    d\iar\stm32l1xx\Debug\Obj\uip-udp-packet.o               #
#                    C:\cygwin\home\Administrator\thingsquare-mist-1.0.1\buil #
#                    d\iar\stm32l1xx\Debug\Obj\uip.o                          #
#                    C:\cygwin\home\Administrator\thingsquare-mist-1.0.1\buil #
#                    d\iar\stm32l1xx\Debug\Obj\uip6.o                         #
#                    C:\cygwin\home\Administrator\thingsquare-mist-1.0.1\buil #
#                    d\iar\stm32l1xx\Debug\Obj\uip_arp.o                      #
#                    C:\cygwin\home\Administrator\thingsquare-mist-1.0.1\buil #
#                    d\iar\stm32l1xx\Debug\Obj\uiplib.o                       #
#                    C:\cygwin\home\Administrator\thingsquare-mist-1.0.1\buil #
#                    d\iar\stm32l1xx\Debug\Obj\unicast.o                      #
#                    C:\cygwin\home\Administrator\thingsquare-mist-1.0.1\buil #
#                    d\iar\stm32l1xx\Debug\Obj\usb_core.o                     #
#                    C:\cygwin\home\Administrator\thingsquare-mist-1.0.1\buil #
#                    d\iar\stm32l1xx\Debug\Obj\usb_init.o                     #
#                    C:\cygwin\home\Administrator\thingsquare-mist-1.0.1\buil #
#                    d\iar\stm32l1xx\Debug\Obj\usb_int.o                      #
#                    C:\cygwin\home\Administrator\thingsquare-mist-1.0.1\buil #
#                    d\iar\stm32l1xx\Debug\Obj\usb_mem.o                      #
#                    C:\cygwin\home\Administrator\thingsquare-mist-1.0.1\buil #
#                    d\iar\stm32l1xx\Debug\Obj\usb_regs.o                     #
#                    C:\cygwin\home\Administrator\thingsquare-mist-1.0.1\buil #
#                    d\iar\stm32l1xx\Debug\Obj\usb_sil.o                      #
#                    C:\cygwin\home\Administrator\thingsquare-mist-1.0.1\buil #
#                    d\iar\stm32l1xx\Debug\Obj\watchdog.o                     #
#                    C:\cygwin\home\Administrator\thingsquare-mist-1.0.1\buil #
#                    d\iar\stm32l1xx\Debug\Obj\websocket-http-client.o        #
#                    C:\cygwin\home\Administrator\thingsquare-mist-1.0.1\buil #
#                    d\iar\stm32l1xx\Debug\Obj\websocket.o                    #
#                    C:\cygwin\home\Administrator\thingsquare-mist-1.0.1\buil #
#                    d\iar\stm32l1xx\Debug\Obj\xmac.o -o                      #
#                    C:\cygwin\home\Administrator\thingsquare-mist-1.0.1\buil #
#                    d\iar\stm32l1xx\Debug\Exe\blink.out --redirect           #
#                    _Printf=_PrintfSmall --redirect _Scanf=_ScanfSmall       #
#                    --map C:\cygwin\home\Administrator\thingsquare-mist-1.0. #
#                    1\build\iar\stm32l1xx\Debug\List\blink.map --config      #
#                    "C:\Programmi\IAR Systems\Embedded Workbench             #
#                    6.0\arm\config\linker\ST\stm32l152xB.icf"                #
#                    --cpu=Cortex-M3 --semihosting --redirect                 #
#                    _Printf=_PrintfLarge --redirect _Scanf=_ScanfLarge       #
#                    --log_file contiki-mist-spirit1.log --vfe --semihosting  #
#                    --entry __iar_program_start --vfe                        #
#                                                                             #
#                                                                             #
###############################################################################

*******************************************************************************
*** MESSAGES
***

Warning[Li017]: there is already a redirect for "_Printf"
Warning[Li017]: there is already a redirect for "_Scanf"


*******************************************************************************
*** RUNTIME MODEL ATTRIBUTES
***

CppFlavor       = *
__SystemLibrary = DLib


*******************************************************************************
*** PLACEMENT SUMMARY
***

"A1":  place at 0x08000000 { ro section .intvec };
"P1":  place in [from 0x08000000 to 0x0801ffff] { ro };
"P2":  place in [from 0x20000000 to 0x20003fff] { rw, block CSTACK, block HEAP };

  Section             Kind        Address     Size  Object
  -------             ----        -------     ----  ------
"A1":                                         0xf4
  .intvec             ro code  0x08000000     0xf4  startup_stm32l1xx_md.o [1]
                             - 0x080000f4     0xf4

"P1":                                      0x1269c
  .text               ro code  0x080000f4   0x1b68  uip6.o [1]
  .text               ro code  0x08001c5c    0xa80  uip-ds6.o [1]
  .text               ro code  0x080026dc     0x16  uiplib.o [1]
  .text               ro code  0x080026f2     0x22  zero_init3.o [5]
  .text               ro code  0x08002714    0x4cc  rpl-ext-header.o [1]
  .text               ro code  0x08002be0    0x404  uip-icmp6.o [1]
  .text               ro code  0x08002fe4    0x4e8  tcpip.o [1]
  .text               ro code  0x080034cc    0x8e4  uip-nd6.o [1]
  .text               ro code  0x08003db0    0xb58  rpl-icmp6.o [1]
  .text               ro code  0x08004908     0x62  memcmp.o [5]
  .rodata             const    0x0800496a      0x2  SDK_EVAL_PM.o [1]
  .text               ro code  0x0800496c     0x76  ABImemcpy.o [5]
  .rodata             const    0x080049e2      0x2  framer-802154.o [1]
  .text               ro code  0x080049e4    0x340  uip-ds6-route.o [1]
  .text               ro code  0x08004d24     0x16  websocket.o [1]
  .rodata             const    0x08004d3a      0x2  framer-802154.o [1]
  .text               ro code  0x08004d3c    0x238  etimer.o [1]
  .text               ro code  0x08004f74     0x32  stimer.o [1]
  .text               ro code  0x08004fa6     0x16  xmac.o [1]
  .text               ro code  0x08004fbc    0x268  rpl.o [1]
  .text               ro code  0x08005224     0x78  clock.o [1]
  .text               ro code  0x0800529c     0x18  random.o [1]
  .text               ro code  0x080052b4     0x78  ABImemmove.o [5]
  .text               ro code  0x0800532c    0xf80  rpl-dag.o [1]
  .text               ro code  0x080062ac    0x358  process.o [1]
  .text               ro code  0x08006604    0x210  rpl-timers.o [1]
  .text               ro code  0x08006814    0x2ac  packetbuf.o [1]
  .text               ro code  0x08006ac0     0xce  list.o [1]
  .text               ro code  0x08006b8e     0xaa  memb.o [1]
  .text               ro code  0x08006c38     0x66  ABImemset.o [5]
  .text               ro code  0x08006c9e     0x44  timer.o [1]
  .rodata             const    0x08006ce2      0x2  sicslowpan.o [1]
  .text               ro code  0x08006ce4    0x150  neighbor-info.o [1]
  .text               ro code  0x08006e34      0x4  energest.o [1]
  .text               ro code  0x08006e38     0xac  misc.o [1]
  .text               ro code  0x08006ee4     0x64  stm32l1xx_systick.o [1]
  .text               ro code  0x08006f48     0x20  srand.o [3]
  .text               ro code  0x08006f68     0xc4  rand.o [3]
  .text               ro code  0x0800702c    0x17c  ctimer.o [1]
  .text               ro code  0x080071a8     0x54  rimeaddr.o [1]
  .text               ro code  0x080071fc    0x1b4  neighbor-attr.o [1]
  .text               ro code  0x080073b0      0x2  xtls.o [3]
  .rodata             const    0x080073b2      0x2  sicslowpan.o [1]
  .text               ro code  0x080073b4   0x1604  sicslowpan.o [1]
  .text               ro code  0x080089b8      0x8  watchdog.o [1]
  .text               ro code  0x080089c0    0x148  queuebuf.o [1]
  .text               ro code  0x08008b08     0x24  printf.o [3]
  .text               ro code  0x08008b2c    0x4a4  xprintfsmall.o [3]
  .text               ro code  0x08008fd0     0x16  strchr.o [5]
  .text               ro code  0x08008fe8     0x36  strlen.o [5]
  .text               ro code  0x08009020     0x58  memchr.o [5]
  .text               ro code  0x08009078   0x11fc  SPIRIT_Radio.o [1]
  .text               ro code  0x0800a274     0x14  SPIRIT_General.o [1]
  .text               ro code  0x0800a288    0x5c0  SDK_EVAL_Spirit_Spi_Driver.o [1]
  .text               ro code  0x0800a848     0x32  I32ToFlt.o [4]
  .text               ro code  0x0800a87c     0xd8  FltMul.o [4]
  .text               ro code  0x0800a954     0x4e  FltToDbl.o [4]
  .text               ro code  0x0800a9a4    0x246  DblDiv.o [4]
  .text               ro code  0x0800abec     0x58  DblToI32.o [4]
  .text               ro code  0x0800ac44     0xb4  rtimer-arch.o [1]
  .text               ro code  0x0800acf8     0xac  spirit1-arch.o [1]
  .text               ro code  0x0800ada4     0xfc  FltDiv.o [4]
  .text               ro code  0x0800aea0     0x44  FltToS32.o [4]
  .text               ro code  0x0800aee4     0x40  lroundf.o [4]
  .text               ro code  0x0800af24     0x84  FltAdd.o [4]
  .text               ro code  0x0800afa8     0x24  FltToU32.o [4]
  .text               ro code  0x0800afcc    0x410  SPIRIT_Management.o [1]
  .text               ro code  0x0800b3dc     0x30  I32ToDbl.o [4]
  .text               ro code  0x0800b40c    0x1a2  DblMul.o [4]
  .text               ro code  0x0800b5b0     0xe8  DblAdd.o [4]
  .text               ro code  0x0800b698     0x90  DblToFlt.o [4]
  .text               ro code  0x0800b728    0x160  SPIRIT_Calibration.o [1]
  .text               ro code  0x0800b888     0xe6  FltSub.o [4]
  .text               ro code  0x0800b970     0x24  FltCmpGe.o [4]
  .text               ro code  0x0800b994    0x180  DblSub.o [4]
  .text               ro code  0x0800bb14     0x2e  DblCmpGe.o [4]
  .text               ro code  0x0800bb44    0x1dc  stm32l1xx_rcc.o [1]
  .text               ro code  0x0800bd20    0x106  stm32l1xx_gpio.o [1]
  .text               ro code  0x0800be28     0xb6  stm32l1xx_spi.o [1]
  .text               ro code  0x0800bee0    0x120  stm32l1xx_tim.o [1]
  .text               ro code  0x0800c000     0xcc  stm32l1xx_exti.o [1]
  .text               ro code  0x0800c0cc    0x9fc  spirit1.o [1]
  .text               ro code  0x0800cac8     0x38  roundf.o [4]
  .text               ro code  0x0800cb00     0x24  FltCmpLe.o [4]
  .text               ro code  0x0800cb24      0xc  errno.o [3]
  .text               ro code  0x0800cb30     0x24  SPIRIT_Types.o [1]
  .text               ro code  0x0800cb54     0x24  SPIRIT_Commands.o [1]
  .text               ro code  0x0800cb78    0x140  SPIRIT_Irq.o [1]
  .text               ro code  0x0800ccb8    0x104  SDK_EVAL_Spirit_Gpio.o [1]
  .text               ro code  0x0800cdbc     0x8c  SDK_EVAL_Led.o [1]
  .text               ro code  0x0800ce48    0x1f8  SPIRIT_PktBasic.o [1]
  .text               ro code  0x0800d040     0xf8  SPIRIT_Qi.o [1]
  .text               ro code  0x0800d138     0x90  SPIRIT_Timer.o [1]
  .text               ro code  0x0800d1c8     0x34  SPIRIT_Gpio.o [1]
  .text               ro code  0x0800d1fc    0x354  frame802154.o [1]
  .text               ro code  0x0800d550     0x2c  SPIRIT_LinearFifo.o [1]
  .text               ro code  0x0800d57c     0xb4  SPIRIT_PktCommon.o [1]
  .text               ro code  0x0800d630     0x50  xfdint.o [4]
  .text               ro code  0x0800d680     0x7c  stm32l1xx_syscfg.o [1]
  .text               ro code  0x0800d6fc    0xcae  usb_core.o [1]
  .text               ro code  0x0800e3ac    0x2be  usb_regs.o [1]
  .text               ro code  0x0800e66a     0x6e  usb_mem.o [1]
  .text               ro code  0x0800e6d8    0x7f8  aes.o [1]
  .text               ro code  0x0800eed0    0x522  aes-ccm.o [1]
  .text               ro code  0x0800f3f4    0x498  SDK_EVAL_PM.o [1]
  .text               ro code  0x0800f88c    0x22a  stm32l1xx_i2c.o [1]
  .text               ro code  0x0800fab8    0x228  stm32l1xx_adc.o [1]
  .text               ro code  0x0800fce0    0x3b4  contiki-spirit1-main.o [1]
  .text               ro code  0x08010094     0x24  stm32l1xx_dbgmcu.o [1]
  .text               ro code  0x080100b8    0x280  SDK_EVAL_VC_General.o [1]
  .text               ro code  0x08010338      0x8  rtimer.o [1]
  .text               ro code  0x08010340     0x1c  leds.o [1]
  .text               ro code  0x0801035c     0x54  node-id.o [1]
  .text               ro code  0x080103b0     0x30  netstack.o [1]
  .text               ro code  0x080103e0    0x1ec  netstack-aes.o [1]
  .text               ro code  0x080105cc     0x20  autostart.o [1]
  .text               ro code  0x080105ec     0x28  putchar.o [3]
  .text               ro code  0x08010614     0x40  usb_init.o [1]
  .text               ro code  0x08010654     0x40  leds-arch.o [1]
  .text               ro code  0x08010694    0x37c  csma.o [1]
  .text               ro code  0x08010a10     0x28  mac.o [1]
  .text               ro code  0x08010a38    0x284  nullrdc.o [1]
  .text               ro code  0x08010cbc    0x268  SDK_EVAL_VC_Prop.o [1]
  .text               ro code  0x08010f24     0x48  SDK_EVAL_VC_Pwr.o [1]
  .text               ro code  0x08010f6c     0x54  usb_sil.o [1]
  .text               ro code  0x08010fc0    0x250  usb_int.o [1]
  .text               ro code  0x08011210    0x200  framer-802154.o [1]
  .text               ro code  0x08011410    0x174  system_stm32l1xx.o [1]
  .text               ro code  0x08011584    0x170  rpl-of-etx.o [1]
  .text               ro code  0x080116f4    0x12c  simple-rpl.o [1]
  .rodata             const    0x08011820    0x100  aes.o [1]
  .text               ro code  0x08011920     0xe8  SDK_EVAL_VC_Endp.o [1]
  .rodata             const    0x08011a08     0xb4  SPIRIT_Radio.o [1]
  .text               ro code  0x08011abc     0xb0  ip64.o [1]
  .text               ro code  0x08011b6c     0x12  ip64-addr.o [1]
  .text               ro code  0x08011b80     0x68  uip-debug.o [1]
  .text               ro code  0x08011be8     0xa0  packbits_init3.o [5]
  .text               ro code  0x08011c88     0x74  SDK_EVAL_VC_Istr.o [1]
  .rodata             const    0x08011cfc     0x70  SDK_EVAL_VC_Desc.o [1]
  .rodata             const    0x08011d6c     0x54  simple-rpl.o [1]
  .rodata             const    0x08011dc0     0x44  SDK_EVAL_VC_Desc.o [1]
  .text               ro code  0x08011e04     0x3c  router-node.o [1]
  .rodata             const    0x08011e40     0x38  simple-rpl.o [1]
  .rodata             const    0x08011e78     0x30  netstack-aes.o [1]
  .text               ro code  0x08011ea8     0x2e  stm32l1xx_it.o [1]
  .rodata             const    0x08011ed8     0x2c  contiki-spirit1-main.o [1]
  .rodata             const    0x08011f04     0x2c  netstack-aes.o [1]
  .rodata             const    0x08011f30     0x2c  netstack-aes.o [1]
  .rodata             const    0x08011f5c     0x2c  simple-rpl.o [1]
  .rodata             const    0x08011f88     0x2c  spirit1.o [1]
  .rodata             const    0x08011fb4     0x2c  spirit1.o [1]
  .text               ro code  0x08011fe0     0x2c  data_init3.o [5]
  .rodata             const    0x0801200c     0x28  SDK_EVAL_VC_Desc.o [1]
  .rodata             const    0x08012034     0x28  netstack-aes.o [1]
  .rodata             const    0x0801205c     0x28  netstack-aes.o [1]
  .iar.init_table     const    0x08012084     0x2c  - Linker created -
  .rodata             const    0x080120b0     0x20  SPIRIT_Radio.o [1]
  .rodata             const    0x080120d0     0x20  contiki-spirit1-main.o [1]
  .rodata             const    0x080120f0     0x20  contiki-spirit1-main.o [1]
  .rodata             const    0x08012110     0x20  nullrdc.o [1]
  .rodata             const    0x08012130     0x20  spirit1.o [1]
  .rodata             const    0x08012150     0x1c  contiki-spirit1-main.o [1]
  .rodata             const    0x0801216c     0x1c  csma.o [1]
  .rodata             const    0x08012188     0x1c  spirit1.o [1]
  .rodata             const    0x080121a4     0x18  spirit1.o [1]
  .text               ro code  0x080121bc     0x16  cmain.o [5]
  .text               ro code  0x080121d2      0x4  low_level_init.o [3]
  .text               ro code  0x080121d6      0x4  exit.o [3]
  .text               ro code  0x080121dc      0xa  cexit.o [5]
  .text               ro code  0x080121e8     0x14  exit.o [6]
  .text               ro code  0x080121fc     0x16  xprout.o [3]
  .rodata             const    0x08012214     0x14  SDK_EVAL_Led.o [1]
  .rodata             const    0x08012228     0x14  SDK_EVAL_Spirit_Gpio.o [1]
  .rodata             const    0x0801223c     0x14  SDK_EVAL_VC_Desc.o [1]
  .rodata             const    0x08012250     0x14  contiki-spirit1-main.o [1]
  .rodata             const    0x08012264     0x14  contiki-spirit1-main.o [1]
  .rodata             const    0x08012278     0x14  sicslowpan.o [1]
  .rodata             const    0x0801228c     0x14  spirit1.o [1]
  .rodata             const    0x080122a0     0x10  SDK_EVAL_Spirit_Gpio.o [1]
  .rodata             const    0x080122b0     0x10  contiki-spirit1-main.o [1]
  .rodata             const    0x080122c0     0x10  ctimer.o [1]
  .rodata             const    0x080122d0     0x10  spirit1.o [1]
  .rodata             const    0x080122e0     0x10  tcpip.o [1]
  .text               ro code  0x080122f0     0x10  startup_stm32l1xx_md.o [1]
  .rodata             const    0x08012300      0xc  SDK_EVAL_Led.o [1]
  .rodata             const    0x0801230c      0xc  SDK_EVAL_Spirit_Gpio.o [1]
  .rodata             const    0x08012318      0xc  aes.o [1]
  .rodata             const    0x08012324      0xc  contiki-spirit1-main.o [1]
  .rodata             const    0x08012330      0xc  contiki-spirit1-main.o [1]
  .rodata             const    0x0801233c      0xc  contiki-spirit1-main.o [1]
  .rodata             const    0x08012348      0xc  contiki-spirit1-main.o [1]
  .rodata             const    0x08012354      0xc  contiki-spirit1-main.o [1]
  .rodata             const    0x08012360      0xc  contiki-spirit1-main.o [1]
  .rodata             const    0x0801236c      0xc  contiki-spirit1-main.o [1]
  .rodata             const    0x08012378      0xc  etimer.o [1]
  .rodata             const    0x08012384      0xc  router-node.o [1]
  .rodata             const    0x08012390      0xc  sicslowpan.o [1]
  .rodata             const    0x0801239c      0xc  sicslowpan.o [1]
  .rodata             const    0x080123a8      0xc  sicslowpan.o [1]
  .rodata             const    0x080123b4      0xc  spirit1.o [1]
  .text               ro code  0x080123c0      0xc  cstartup_M.o [5]
  .rodata             const    0x080123cc      0x8  SDK_EVAL_Spirit_Gpio.o [1]
  .rodata             const    0x080123d4      0x8  SDK_EVAL_Spirit_Gpio.o [1]
  .rodata             const    0x080123dc      0x8  SDK_EVAL_Spirit_Gpio.o [1]
  .rodata             const    0x080123e4      0x8  contiki-spirit1-main.o [1]
  .rodata             const    0x080123ec      0x8  csma.o [1]
  .rodata             const    0x080123f4      0x8  framer-802154.o [1]
  .rodata             const    0x080123fc      0x8  ip64-null-driver.o [1]
  .rodata             const    0x08012404      0x8  nullrdc.o [1]
  .rodata             const    0x0801240c      0x8  rimeaddr.o [1]
  .rodata             const    0x08012414      0x8  router-node.o [1]
  .rodata             const    0x0801241c      0x8  spirit1.o [1]
  .rodata             const    0x08012424      0x8  spirit1.o [1]
  .rodata             const    0x0801242c      0x8  spirit1.o [1]
  .text               ro code  0x08012434      0x8  ip64-null-driver.o [1]
  .rodata             const    0x0801243c      0x4  SDK_EVAL_Spirit_Gpio.o [1]
  .rodata             const    0x08012440      0x4  SDK_EVAL_Spirit_Gpio.o [1]
  .rodata             const    0x08012444      0x4  SDK_EVAL_Spirit_Gpio.o [1]
  .rodata             const    0x08012448      0x4  SDK_EVAL_Spirit_Gpio.o [1]
  .rodata             const    0x0801244c      0x4  SDK_EVAL_Spirit_Gpio.o [1]
  .rodata             const    0x08012450      0x4  SDK_EVAL_VC_Desc.o [1]
  .rodata             const    0x08012454      0x4  SPIRIT_Management.o [1]
  .rodata             const    0x08012458      0x4  SPIRIT_Management.o [1]
  .rodata             const    0x0801245c      0x4  SPIRIT_Radio.o [1]
  .rodata             const    0x08012460      0x4  SPIRIT_Radio.o [1]
  .rodata             const    0x08012464      0x4  rpl-dag.o [1]
  .rodata             const    0x08012468      0x4  sicslowpan.o [1]
  .rodata             const    0x0801246c      0x4  sicslowpan.o [1]
  .rodata             const    0x08012470      0x4  sicslowpan.o [1]
  .rodata             const    0x08012474      0x4  sicslowpan.o [1]
  .rodata             const    0x08012478      0x4  spirit1.o [1]
  .rodata             const    0x0801247c      0x4  spirit1.o [1]
  .text               ro code  0x08012480      0x4  startup_stm32l1xx_md.o [1]
  .text               ro code  0x08012484      0x4  startup_stm32l1xx_md.o [1]
  .text               ro code  0x08012488      0x4  startup_stm32l1xx_md.o [1]
  .text               ro code  0x0801248c      0x4  startup_stm32l1xx_md.o [1]
  .text               ro code  0x08012490      0x4  startup_stm32l1xx_md.o [1]
  .text               ro code  0x08012494      0x4  startup_stm32l1xx_md.o [1]
  .text               ro code  0x08012498      0x4  startup_stm32l1xx_md.o [1]
  .text               ro code  0x0801249c      0x4  startup_stm32l1xx_md.o [1]
  .text               ro code  0x080124a0      0x4  startup_stm32l1xx_md.o [1]
  .text               ro code  0x080124a4      0x4  startup_stm32l1xx_md.o [1]
  .text               ro code  0x080124a8      0x4  startup_stm32l1xx_md.o [1]
  .text               ro code  0x080124ac      0x4  startup_stm32l1xx_md.o [1]
  .text               ro code  0x080124b0      0x4  startup_stm32l1xx_md.o [1]
  .text               ro code  0x080124b4      0x4  startup_stm32l1xx_md.o [1]
  .text               ro code  0x080124b8      0x4  startup_stm32l1xx_md.o [1]
  .text               ro code  0x080124bc      0x4  startup_stm32l1xx_md.o [1]
  .text               ro code  0x080124c0      0x4  startup_stm32l1xx_md.o [1]
  .text               ro code  0x080124c4      0x4  startup_stm32l1xx_md.o [1]
  .text               ro code  0x080124c8      0x4  startup_stm32l1xx_md.o [1]
  .text               ro code  0x080124cc      0x4  startup_stm32l1xx_md.o [1]
  .text               ro code  0x080124d0      0x4  startup_stm32l1xx_md.o [1]
  .text               ro code  0x080124d4      0x4  startup_stm32l1xx_md.o [1]
  .text               ro code  0x080124d8      0x4  startup_stm32l1xx_md.o [1]
  .text               ro code  0x080124dc      0x4  startup_stm32l1xx_md.o [1]
  .text               ro code  0x080124e0      0x4  startup_stm32l1xx_md.o [1]
  .text               ro code  0x080124e4      0x4  startup_stm32l1xx_md.o [1]
  .text               ro code  0x080124e8      0x4  startup_stm32l1xx_md.o [1]
  .text               ro code  0x080124ec      0x4  startup_stm32l1xx_md.o [1]
  .text               ro code  0x080124f0      0x4  startup_stm32l1xx_md.o [1]
  .text               ro code  0x080124f4      0x4  startup_stm32l1xx_md.o [1]
  .text               ro code  0x080124f8      0x4  startup_stm32l1xx_md.o [1]
  .text               ro code  0x080124fc      0x4  startup_stm32l1xx_md.o [1]
  .text               ro code  0x08012500      0x4  startup_stm32l1xx_md.o [1]
  .text               ro code  0x08012504      0x4  startup_stm32l1xx_md.o [1]
  .text               ro code  0x08012508      0x4  startup_stm32l1xx_md.o [1]
  .text               ro code  0x0801250c      0x4  startup_stm32l1xx_md.o [1]
  .text               ro code  0x08012510      0x4  startup_stm32l1xx_md.o [1]
  .text               ro code  0x08012514      0x4  startup_stm32l1xx_md.o [1]
  .text               ro code  0x08012518      0x4  startup_stm32l1xx_md.o [1]
  .text               ro code  0x0801251c      0x4  startup_stm32l1xx_md.o [1]
  .text               ro code  0x08012520      0x4  startup_stm32l1xx_md.o [1]
  .text               ro code  0x08012524      0x4  startup_stm32l1xx_md.o [1]
  .text               ro code  0x08012528      0x4  startup_stm32l1xx_md.o [1]
  .text               ro code  0x0801252c      0x4  startup_stm32l1xx_md.o [1]
  .text               ro code  0x08012530      0x4  startup_stm32l1xx_md.o [1]
  .text               ro code  0x08012534      0x4  startup_stm32l1xx_md.o [1]
  .text               ro code  0x08012538      0x4  startup_stm32l1xx_md.o [1]
  .text               ro code  0x0801253c      0x4  startup_stm32l1xx_md.o [1]
  .text               ro code  0x08012540      0x4  startup_stm32l1xx_md.o [1]
  .text               ro code  0x08012544      0x4  startup_stm32l1xx_md.o [1]
  .text               ro code  0x08012548      0x4  startup_stm32l1xx_md.o [1]
  .text               ro code  0x0801254c      0x4  startup_stm32l1xx_md.o [1]
  .text               ro code  0x08012550      0x4  startup_stm32l1xx_md.o [1]
  .text               ro code  0x08012554      0x4  startup_stm32l1xx_md.o [1]
  .rodata             const    0x08012558      0x0  bwt_init3c.o [5]
  Initializer bytes   ro data  0x08012558    0x236  <for P2 s0>
                             - 0x0801278e  0x1269a

"P2", part 1 of 3:                           0x2f8
  P2 s0                        0x20000000    0x2f6  <Init block>
    __DLIB_PERTHREAD  inited   0x20000000     0x8c  rand.o [3]
    .data             inited   0x2000008c     0x30  SDK_EVAL_VC_Prop.o [1]
    .data             inited   0x200000bc     0x24  SDK_EVAL_VC_Prop.o [1]
    .data             inited   0x200000e0     0x20  SDK_EVAL_VC_Prop.o [1]
    .data             inited   0x20000100     0x1c  SDK_EVAL_VC_Desc.o [1]
    .data             inited   0x2000011c     0x1c  SDK_EVAL_VC_Istr.o [1]
    .data             inited   0x20000138     0x1c  SDK_EVAL_VC_Istr.o [1]
    .data             inited   0x20000154     0x1c  rpl-of-etx.o [1]
    .data             inited   0x20000170     0x14  SDK_EVAL_Led.o [1]
    .data             inited   0x20000184     0x14  SDK_EVAL_Spirit_Gpio.o [1]
    .data             inited   0x20000198     0x10  ctimer.o [1]
    .data             inited   0x200001a8     0x10  etimer.o [1]
    .data             inited   0x200001b8     0x10  neighbor-info.o [1]
    .data             inited   0x200001c8     0x10  neighbor-info.o [1]
    .data             inited   0x200001d8     0x10  router-node.o [1]
    .data             inited   0x200001e8     0x10  spirit1.o [1]
    .data             inited   0x200001f8     0x10  stm32l1xx_rcc.o [1]
    .data             inited   0x20000208     0x10  tcpip.o [1]
    .data             inited   0x20000218      0xc  SPIRIT_Management.o [1]
    .data             inited   0x20000224      0xc  csma.o [1]
    .data             inited   0x20000230      0xc  csma.o [1]
    .data             inited   0x2000023c      0xc  csma.o [1]
    .data             inited   0x20000248      0xc  neighbor-attr.o [1]
    .data             inited   0x20000254      0xc  queuebuf.o [1]
    .data             inited   0x20000260      0xc  queuebuf.o [1]
    .data             inited   0x2000026c      0xc  queuebuf.o [1]
    .data             inited   0x20000278      0xc  rpl-dag.o [1]
    .data             inited   0x20000284      0xc  stm32l1xx_rcc.o [1]
    .data             inited   0x20000290      0xc  uip-ds6-route.o [1]
    .data             inited   0x2000029c      0xc  uip-ds6-route.o [1]
    .data             inited   0x200002a8      0x8  SDK_EVAL_VC_Prop.o [1]
    .data             inited   0x200002b0      0x8  SDK_EVAL_VC_Prop.o [1]
    .data             inited   0x200002b8      0x8  SDK_EVAL_VC_Prop.o [1]
    .data             inited   0x200002c0      0x4  SDK_EVAL_VC_Prop.o [1]
    .data             inited   0x200002c4      0x4  csma.o [1]
    .data             inited   0x200002c8      0x4  ctimer.o [1]
    .data             inited   0x200002cc      0x4  neighbor-attr.o [1]
    .data             inited   0x200002d0      0x4  neighbor-attr.o [1]
    .data             inited   0x200002d4      0x4  packetbuf.o [1]
    .data             inited   0x200002d8      0x4  spirit1.o [1]
    .data             inited   0x200002dc      0x4  uip-ds6-route.o [1]
    .data             inited   0x200002e0      0x4  uip-ds6-route.o [1]
    .data             inited   0x200002e4      0x4  uip-ds6-route.o [1]
    .data             inited   0x200002e8      0x2  SDK_EVAL_PM.o [1]
    .data             inited   0x200002ea      0x2  SDK_EVAL_PM.o [1]
    .data             inited   0x200002ec      0x2  SDK_EVAL_PM.o [1]
    .data             inited   0x200002ee      0x2  SDK_EVAL_PM.o [1]
    .data             inited   0x200002f0      0x2  SDK_EVAL_PM.o [1]
    .data             inited   0x200002f2      0x2  SDK_EVAL_PM.o [1]
    .data             inited   0x200002f4      0x1  netstack-aes.o [1]
    .data             inited   0x200002f5      0x1  rpl-icmp6.o [1]
                             - 0x200002f6    0x2f6

"P2", part 2 of 3:                          0x2b80
  .bss                zero     0x200002f8    0x690  queuebuf.o [1]
  .bss                zero     0x20000988    0x618  uip-ds6.o [1]
  .bss                zero     0x20000fa0    0x460  uip-ds6-route.o [1]
  .bss                zero     0x20001400    0x400  SDK_EVAL_VC_General.o [1]
  .bss                zero     0x20001800    0x400  SDK_EVAL_VC_General.o [1]
  .bss                zero     0x20001c00    0x280  rpl-dag.o [1]
  .bss                zero     0x20001e80    0x180  uip6.o [1]
  .bss                zero     0x20002000    0x118  sicslowpan.o [1]
  .bss                zero     0x20002118    0x118  uip6.o [1]
  .bss                zero     0x20002230    0x108  uip-ds6.o [1]
  .bss                zero     0x20002338     0xf4  rpl-dag.o [1]
  .bss                zero     0x2000242c     0xc0  neighbor-attr.o [1]
  .bss                zero     0x200024ec     0xc0  uip6.o [1]
  .bss                zero     0x200025ac     0xb4  packetbuf.o [1]
  .bss                zero     0x20002660     0x84  netstack-aes.o [1]
  .bss                zero     0x200026e4     0x78  queuebuf.o [1]
  .bss                zero     0x2000275c     0x70  csma.o [1]
  .bss                zero     0x200027cc     0x64  spirit1.o [1]
  .bss                zero     0x20002830     0x60  csma.o [1]
  .bss                zero     0x20002890     0x60  csma.o [1]
  .bss                zero     0x200028f0     0x60  process.o [1]
  .bss                zero     0x20002950     0x60  uip-ds6.o [1]
  .bss                zero     0x200029b0     0x48  nullrdc.o [1]
  .bss                zero     0x200029f8     0x48  rimestats.o [1]
  .bss                zero     0x20002a40     0x44  tcpip.o [1]
  .bss                zero     0x20002a84     0x40  SDK_EVAL_VC_Endp.o [1]
  .bss                zero     0x20002ac4     0x40  uip-ds6-route.o [1]
  .bss                zero     0x20002b04     0x30  neighbor-info.o [1]
  .bss                zero     0x20002b34     0x30  packetbuf.o [1]
  .bss                zero     0x20002b64     0x20  packetbuf.o [1]
  .bss                zero     0x20002b84     0x20  queuebuf.o [1]
  .bss                zero     0x20002ba4     0x20  rpl-timers.o [1]
  .bss                zero     0x20002bc4     0x20  simple-rpl.o [1]
  .bss                zero     0x20002be4     0x1c  usb_init.o [1]
  .bss                zero     0x20002c00     0x14  sicslowpan.o [1]
  .bss                zero     0x20002c14     0x14  uip-ds6-route.o [1]
  .bss                zero     0x20002c28     0x10  aes-ccm.o [1]
  .bss                zero     0x20002c38     0x10  ip64.o [1]
  .bss                zero     0x20002c48     0x10  netstack-aes.o [1]
  .bss                zero     0x20002c58     0x10  rpl-dag.o [1]
  .bss                zero     0x20002c68     0x10  tcpip.o [1]
  .bss                zero     0x20002c78     0x10  uip-ds6.o [1]
  .bss                zero     0x20002c88     0x10  uip-ds6.o [1]
  .bss                zero     0x20002c98     0x10  uip-icmp6.o [1]
  .bss                zero     0x20002ca8     0x10  uip6.o [1]
  .bss                zero     0x20002cb8      0xc  neighbor-attr.o [1]
  .bss                zero     0x20002cc4      0xc  neighbor-info.o [1]
  .bss                zero     0x20002cd0      0xc  node-id.o [1]
  .bss                zero     0x20002cdc      0x8  csma.o [1]
  .bss                zero     0x20002ce4      0x8  csma.o [1]
  .bss                zero     0x20002cec      0x8  node-id.o [1]
  .bss                zero     0x20002cf4      0x8  queuebuf.o [1]
  .bss                zero     0x20002cfc      0x8  queuebuf.o [1]
  .bss                zero     0x20002d04      0x8  rimeaddr.o [1]
  .bss                zero     0x20002d0c      0x8  sicslowpan.o [1]
  .bss                zero     0x20002d14      0x8  sicslowpan.o [1]
  .bss                zero     0x20002d1c      0x8  uip6.o [1]
  .bss                zero     0x20002d24      0x4  SDK_EVAL_VC_Endp.o [1]
  .bss                zero     0x20002d28      0x4  SDK_EVAL_VC_General.o [1]
  .bss                zero     0x20002d2c      0x4  SDK_EVAL_VC_General.o [1]
  .bss                zero     0x20002d30      0x4  SDK_EVAL_VC_General.o [1]
  .bss                zero     0x20002d34      0x4  SDK_EVAL_VC_Pwr.o [1]
  .bss                zero     0x20002d38      0x4  SPIRIT_Management.o [1]
  .bss                zero     0x20002d3c      0x4  SPIRIT_Radio.o [1]
  .bss                zero     0x20002d40      0x4  SPIRIT_Types.o [1]
  .bss                zero     0x20002d44      0x4  clock.o [1]
  .bss                zero     0x20002d48      0x4  clock.o [1]
  .bss                zero     0x20002d4c      0x4  csma.o [1]
  .bss                zero     0x20002d50      0x4  ctimer.o [1]
  .bss                zero     0x20002d54      0x4  etimer.o [1]
  .bss                zero     0x20002d58      0x4  etimer.o [1]
  .bss                zero     0x20002d5c      0x4  ip64.o [1]
  .bss                zero     0x20002d60      0x4  neighbor-attr.o [1]
  .bss                zero     0x20002d64      0x4  neighbor-attr.o [1]
  .bss                zero     0x20002d68      0x4  neighbor-info.o [1]
  .bss                zero     0x20002d6c      0x4  packetbuf.o [1]
  .bss                zero     0x20002d70      0x4  process.o [1]
  .bss                zero     0x20002d74      0x4  process.o [1]
  .bss                zero     0x20002d78      0x4  process.o [1]
  .bss                zero     0x20002d7c      0x4  process.o [1]
  .bss                zero     0x20002d80      0x4  process.o [1]
  .bss                zero     0x20002d84      0x4  rpl-dag.o [1]
  .bss                zero     0x20002d88      0x4  rtimer-arch.o [1]
  .bss                zero     0x20002d8c      0x4  sicslowpan.o [1]
  .bss                zero     0x20002d90      0x4  sicslowpan.o [1]
  .bss                zero     0x20002d94      0x4  sicslowpan.o [1]
  .bss                zero     0x20002d98      0x4  sicslowpan.o [1]
  .bss                zero     0x20002d9c      0x4  sicslowpan.o [1]
  .bss                zero     0x20002da0      0x4  spirit1.o [1]
  .bss                zero     0x20002da4      0x4  spirit1.o [1]
  .bss                zero     0x20002da8      0x4  spirit1.o [1]
  .bss                zero     0x20002dac      0x4  spirit1.o [1]
  .bss                zero     0x20002db0      0x4  spirit1.o [1]
  .bss                zero     0x20002db4      0x4  tcpip.o [1]
  .bss                zero     0x20002db8      0x4  uip-ds6-route.o [1]
  .bss                zero     0x20002dbc      0x4  uip-ds6-route.o [1]
  .bss                zero     0x20002dc0      0x4  uip-ds6-route.o [1]
  .bss                zero     0x20002dc4      0x4  uip-ds6.o [1]
  .bss                zero     0x20002dc8      0x4  uip-ds6.o [1]
  .bss                zero     0x20002dcc      0x4  uip-ds6.o [1]
  .bss                zero     0x20002dd0      0x4  uip-ds6.o [1]
  .bss                zero     0x20002dd4      0x4  uip-ds6.o [1]
  .bss                zero     0x20002dd8      0x4  uip-nd6.o [1]
  .bss                zero     0x20002ddc      0x4  uip-nd6.o [1]
  .bss                zero     0x20002de0      0x4  uip-nd6.o [1]
  .bss                zero     0x20002de4      0x4  uip-nd6.o [1]
  .bss                zero     0x20002de8      0x4  uip6.o [1]
  .bss                zero     0x20002dec      0x4  uip6.o [1]
  .bss                zero     0x20002df0      0x4  uip6.o [1]
  .bss                zero     0x20002df4      0x4  uip6.o [1]
  .bss                zero     0x20002df8      0x4  uip6.o [1]
  .bss                zero     0x20002dfc      0x4  uip6.o [1]
  .bss                zero     0x20002e00      0x4  uip6.o [1]
  .bss                zero     0x20002e04      0x4  usb_core.o [1]
  .bss                zero     0x20002e08      0x4  usb_init.o [1]
  .bss                zero     0x20002e0c      0x4  usb_init.o [1]
  .bss                zero     0x20002e10      0x4  usb_init.o [1]
  __DLIB_PERTHREAD    zero     0x20002e14      0x4  errno.o [3]
  .bss                zero     0x20002e18      0x2  SDK_EVAL_VC_General.o [1]
  .bss                zero     0x20002e1a      0x2  SDK_EVAL_VC_General.o [1]
  .bss                zero     0x20002e1c      0x2  SDK_EVAL_VC_Istr.o [1]
  .bss                zero     0x20002e1e      0x2  csma.o [1]
  .bss                zero     0x20002e20      0x2  csma.o [1]
  .bss                zero     0x20002e22      0x2  node-id.o [1]
  .bss                zero     0x20002e24      0x2  packetbuf.o [1]
  .bss                zero     0x20002e26      0x2  packetbuf.o [1]
  .bss                zero     0x20002e28      0x2  queuebuf.o [1]
  .bss                zero     0x20002e2a      0x2  rpl-timers.o [1]
  .bss                zero     0x20002e2c      0x2  sicslowpan.o [1]
  .bss                zero     0x20002e2e      0x2  sicslowpan.o [1]
  .bss                zero     0x20002e30      0x2  sicslowpan.o [1]
  .bss                zero     0x20002e32      0x2  sicslowpan.o [1]
  .bss                zero     0x20002e34      0x2  uip-ds6-route.o [1]
  .bss                zero     0x20002e36      0x2  uip6.o [1]
  .bss                zero     0x20002e38      0x2  uip6.o [1]
  .bss                zero     0x20002e3a      0x2  uip6.o [1]
  .bss                zero     0x20002e3c      0x2  uip6.o [1]
  .bss                zero     0x20002e3e      0x2  usb_init.o [1]
  .bss                zero     0x20002e40      0x2  usb_int.o [1]
  .bss                zero     0x20002e42      0x2  usb_int.o [1]
  .bss                zero     0x20002e44      0x1  SDK_EVAL_VC_General.o [1]
  .bss                zero     0x20002e45      0x1  SDK_EVAL_VC_Istr.o [1]
  .bss                zero     0x20002e46      0x1  SDK_EVAL_VC_Prop.o [1]
  .bss                zero     0x20002e47      0x1  SPIRIT_General.o [1]
  .bss                zero     0x20002e48      0x1  SPIRIT_Management.o [1]
  .bss                zero     0x20002e49      0x1  SPIRIT_Management.o [1]
  .bss                zero     0x20002e4a      0x1  contiki-spirit1-main.o [1]
  .bss                zero     0x20002e4b      0x1  ctimer.o [1]
  .bss                zero     0x20002e4c      0x1  framer-802154.o [1]
  .bss                zero     0x20002e4d      0x1  framer-802154.o [1]
  .bss                zero     0x20002e4e      0x1  ip64.o [1]
  .bss                zero     0x20002e4f      0x1  ip64.o [1]
  .bss                zero     0x20002e50      0x1  leds.o [1]
  .bss                zero     0x20002e51      0x1  leds.o [1]
  .bss                zero     0x20002e52      0x1  netstack-aes.o [1]
  .bss                zero     0x20002e53      0x1  packetbuf.o [1]
  .bss                zero     0x20002e54      0x1  process.o [1]
  .bss                zero     0x20002e55      0x1  process.o [1]
  .bss                zero     0x20002e56      0x1  process.o [1]
  .bss                zero     0x20002e57      0x1  process.o [1]
  .bss                zero     0x20002e58      0x1  process.o [1]
  .bss                zero     0x20002e59      0x1  process.o [1]
  .bss                zero     0x20002e5a      0x1  process.o [1]
  .bss                zero     0x20002e5b      0x1  rpl-timers.o [1]
  .bss                zero     0x20002e5c      0x1  sicslowpan.o [1]
  .bss                zero     0x20002e5d      0x1  sicslowpan.o [1]
  .bss                zero     0x20002e5e      0x1  sicslowpan.o [1]
  .bss                zero     0x20002e5f      0x1  simple-rpl.o [1]
  .bss                zero     0x20002e60      0x1  spirit1.o [1]
  .bss                zero     0x20002e61      0x1  spirit1.o [1]
  .bss                zero     0x20002e62      0x1  tcpip.o [1]
  .bss                zero     0x20002e63      0x1  tcpip.o [1]
  .bss                zero     0x20002e64      0x1  tcpip.o [1]
  .bss                zero     0x20002e65      0x1  tcpip.o [1]
  .bss                zero     0x20002e66      0x1  uip-ds6.o [1]
  .bss                zero     0x20002e67      0x1  uip-ds6.o [1]
  .bss                zero     0x20002e68      0x1  uip-nd6.o [1]
  .bss                zero     0x20002e69      0x1  uip6.o [1]
  .bss                zero     0x20002e6a      0x1  uip6.o [1]
  .bss                zero     0x20002e6b      0x1  uip6.o [1]
  .bss                zero     0x20002e6c      0x1  uip6.o [1]
  .bss                zero     0x20002e6d      0x1  uip6.o [1]
  .bss                zero     0x20002e6e      0x1  uip6.o [1]
  .bss                zero     0x20002e6f      0x1  usb_core.o [1]
  .bss                zero     0x20002e70      0x1  usb_init.o [1]
                             - 0x20002e71   0x2b79

"P2", part 3 of 3:                           0x800
  CSTACK                       0x20002e78    0x800  <Block>
    CSTACK            uninit   0x20002e78    0x800  <Block tail>
                             - 0x20003678    0x800


*******************************************************************************
*** INIT TABLE
***

          Address     Size
          -------     ----
Zero (__iar_zero_init3)
    1 destination range, total size 0x2b79:
          0x200002f8  0x2b79

Copy/packbits (__iar_packbits_init3)
    1 source range, total size 0x236 (74% of destination):
          0x08012558   0x236
    1 destination range, total size 0x2f6:
          0x20000000   0x2f6



*******************************************************************************
*** MODULE SUMMARY
***

    Module                        ro code  ro data  rw data
    ------                        -------  -------  -------
C:\cygwin\home\Administrator\thingsquare-mist-1.0.1\build\iar\stm32l1xx\Debug\Obj: [1]
    SDK_EVAL_Led.o                    140       47       20
    SDK_EVAL_PM.o                   1 176       11       12
    SDK_EVAL_Spirit_Gpio.o            260      107       20
    SDK_EVAL_Spirit_Spi_Driver.o    1 472
    SDK_EVAL_VC_Desc.o                         265       28
    SDK_EVAL_VC_Endp.o                232                68
    SDK_EVAL_VC_General.o             640             2 065
    SDK_EVAL_VC_Istr.o                116       41       59
    SDK_EVAL_VC_Prop.o                616      108      145
    SDK_EVAL_VC_Pwr.o                  72                 4
    SPIRIT_Calibration.o              352
    SPIRIT_Commands.o                  36
    SPIRIT_General.o                   20                 1
    SPIRIT_Gpio.o                      52
    SPIRIT_Irq.o                      320
    SPIRIT_LinearFifo.o                44
    SPIRIT_Management.o             1 040       17       18
    SPIRIT_PktBasic.o                 504
    SPIRIT_PktCommon.o                180
    SPIRIT_Qi.o                       248
    SPIRIT_Radio.o                  4 604      220        4
    SPIRIT_Timer.o                    144
    SPIRIT_Types.o                     36                 4
    aes-ccm.o                       1 314                16
    aes.o                           2 040      268
    autostart.o                        32
    clock.o                           120                 8
    contiki-spirit1-main.o            948      284        1
    csma.o                            892       66      368
    ctimer.o                          380       31       25
    energest.o                          4
    etimer.o                          568       24       24
    frame802154.o                     852
    framer-802154.o                   512       12        2
    ip64-addr.o                        18
    ip64-null-driver.o                  8        8
    ip64.o                            176                22
    leds-arch.o                        64
    leds.o                             28                 2
    list.o                            206
    mac.o                              40
    memb.o                            170
    misc.o                            172
    neighbor-attr.o                   436       15      232
    neighbor-info.o                   336       24       96
    netstack-aes.o                    492      217      150
    netstack.o                         48
    node-id.o                          84                22
    nullrdc.o                         644       40       72
    packetbuf.o                       684        3      273
    process.o                         856               123
    queuebuf.o                        328       26    1 886
    random.o                           24
    rimeaddr.o                         84        8        8
    rimestats.o                                          72
    router-node.o                      60       32       16
    rpl-dag.o                       3 968       13      916
    rpl-ext-header.o                1 228
    rpl-icmp6.o                     2 904        1        1
    rpl-of-etx.o                      368       21       28
    rpl-timers.o                      528                35
    rpl.o                             616
    rtimer-arch.o                     180                 4
    rtimer.o                            8
    sicslowpan.o                    5 636       76      347
    simple-rpl.o                      300      184       33
    spirit1-arch.o                    172
    spirit1.o                       2 556      267      142
    startup_stm32l1xx_md.o            476
    stimer.o                           50
    stm32l1xx_adc.o                   552
    stm32l1xx_dbgmcu.o                 36
    stm32l1xx_exti.o                  204
    stm32l1xx_gpio.o                  262
    stm32l1xx_i2c.o                   554
    stm32l1xx_it.o                     46
    stm32l1xx_rcc.o                   476       21       28
    stm32l1xx_spi.o                   182
    stm32l1xx_syscfg.o                124
    stm32l1xx_systick.o               100
    stm32l1xx_tim.o                   288
    system_stm32l1xx.o                372
    tcpip.o                         1 256       28      108
    timer.o                            68
    uip-debug.o                       104
    uip-ds6-route.o                   832       27    1 254
    uip-ds6.o                       2 688             1 974
    uip-icmp6.o                     1 028                16
    uip-nd6.o                       2 276                17
    uip6.o                          7 016               922
    uiplib.o                           22
    usb_core.o                      3 246                 5
    usb_init.o                         64                43
    usb_int.o                         592                 4
    usb_mem.o                         110
    usb_regs.o                        702
    usb_sil.o                          84
    watchdog.o                          8
    websocket.o                        22
    xmac.o                             22
    -------------------------------------------------------
    Total:                         67 250    2 512   11 743

command line: [2]
    -------------------------------------------------------
    Total:

dl7M_tln.a: [3]
    errno.o                            12                 4
    exit.o                              4
    low_level_init.o                    4
    printf.o                           36
    putchar.o                          40
    rand.o                            196      104      140
    srand.o                            32
    xprintfsmall.o                  1 188
    xprout.o                           22
    xtls.o                              2
    -------------------------------------------------------
    Total:                          1 536      104      144

m7M_tl.a: [4]
    DblAdd.o                          232
    DblCmpGe.o                         46
    DblDiv.o                          582
    DblMul.o                          418
    DblSub.o                          384
    DblToFlt.o                        144
    DblToI32.o                         88
    FltAdd.o                          132
    FltCmpGe.o                         36
    FltCmpLe.o                         36
    FltDiv.o                          252
    FltMul.o                          216
    FltSub.o                          230
    FltToDbl.o                         78
    FltToS32.o                         68
    FltToU32.o                         36
    I32ToDbl.o                         48
    I32ToFlt.o                         50
    lroundf.o                          64
    roundf.o                           56
    xfdint.o                           80
    -------------------------------------------------------
    Total:                          3 276

rt7M_tl.a: [5]
    ABImemcpy.o                       118
    ABImemmove.o                      120
    ABImemset.o                       102
    bwt_init3c.o
    cexit.o                            10
    cmain.o                            22
    cstartup_M.o                       12
    data_init3.o                       44
    memchr.o                           88
    memcmp.o                           98
    packbits_init3.o                  160
    strchr.o                           22
    strlen.o                           54
    zero_init3.o                       34
    -------------------------------------------------------
    Total:                            884

shb_l.a: [6]
    exit.o                             20
    -------------------------------------------------------
    Total:                             20

    Gaps                               32        4
    Linker created                              44    2 048
-----------------------------------------------------------
    Grand Total:                   72 998    2 664   13 935


*******************************************************************************
*** ENTRY LIST
***

Entry                      Address    Size  Type      Object
-----                      -------    ----  ----      ------
?main                   0x080121bd          Code  Gb  cmain.o [5]
ADC1_IRQHandler         0x080124ed          Code  Wk  startup_stm32l1xx_md.o [1]
ADC_Cmd                 0x0800fb09    0x1a  Code  Gb  stm32l1xx_adc.o [1]
ADC_GetConversionValue  0x0800fcc1     0x6  Code  Gb  stm32l1xx_adc.o [1]
ADC_GetFlagStatus       0x0800fcc7    0x1a  Code  Gb  stm32l1xx_adc.o [1]
ADC_Init                0x0800fab9    0x50  Code  Gb  stm32l1xx_adc.o [1]
ADC_RegularChannelConfig
                        0x0800fb2d   0x18a  Code  Gb  stm32l1xx_adc.o [1]
ADC_SoftwareStartConv   0x0800fcb7     0xa  Code  Gb  stm32l1xx_adc.o [1]
APBAHBPrescTable        0x200001f8    0x10  Data  Lc  stm32l1xx_rcc.o [1]
BusFault_Handler        0x0800ffd1    0x10  Code  Gb  contiki-spirit1-main.o [1]
ByteSwap                0x0800e655    0x16  Code  Gb  usb_regs.o [1]
COMP_IRQHandler         0x080124fd          Code  Wk  startup_stm32l1xx_md.o [1]
CSTACK$$Base            0x20002e78           --   Gb  - Linker created -
CSTACK$$Limit           0x20003678           --   Gb  - Linker created -
CTR_LP                  0x08010fc1   0x22e  Code  Gb  usb_int.o [1]
ClearDTOG_RX            0x0800e4d9    0x32  Code  Gb  usb_regs.o [1]
ClearDTOG_TX            0x0800e50b    0x32  Code  Gb  usb_regs.o [1]
Clear_Status_Out        0x0800e4b3    0x26  Code  Gb  usb_regs.o [1]
Config_Descriptor       0x200002b8     0x8  Data  Gb  SDK_EVAL_VC_Prop.o [1]
DAC_IRQHandler          0x080124f9          Code  Wk  startup_stm32l1xx_md.o [1]
DBGMCU_Config           0x08010095    0x1e  Code  Gb  stm32l1xx_dbgmcu.o [1]
DMA1_Channel1_IRQHandler
                        0x080124d1          Code  Wk  startup_stm32l1xx_md.o [1]
DMA1_Channel2_IRQHandler
                        0x080124d5          Code  Wk  startup_stm32l1xx_md.o [1]
[...]
                        0x0800c7cb   0x162  Code  Lc  spirit1.o [1]
process_thread_tcpip_process
                        0x080033e7    0x8a  Code  Lc  tcpip.o [1]
processed_ip_in_len     0x20002e2e     0x2  Data  Lc  sicslowpan.o [1]
putchar                 0x080105ed    0x28  Code  Gb  putchar.o [3]
queuebuf_free           0x08008a61    0x38  Code  Gb  queuebuf.o [1]
queuebuf_init           0x080089c5    0x16  Code  Gb  queuebuf.o [1]
queuebuf_load_to_ram    0x080089c1     0x4  Code  Lc  queuebuf.o [1]
queuebuf_new_from_packetbuf
                        0x080089db    0x6c  Code  Gb  queuebuf.o [1]
queuebuf_to_packetbuf   0x08008a99    0x62  Code  Gb  queuebuf.o [1]
queuebuf_update_attr_from_packetbuf
                        0x08008a47    0x1a  Code  Gb  queuebuf.o [1]
rand                    0x08006f69    0xc4  Code  Gb  rand.o [3]
random_init             0x0800529d     0xe  Code  Gb  random.o [1]
random_rand             0x080052ab     0xa  Code  Gb  random.o [1]
reass_tag               0x20002e32     0x2  Data  Lc  sicslowpan.o [1]
reass_timer             0x20002d14     0x8  Data  Lc  sicslowpan.o [1]
received_seqnos         0x200029b0    0x48  Data  Lc  nullrdc.o [1]
receiving_packet        0x20002e60     0x1  Data  Lc  spirit1.o [1]
refbufmem               0x20000260     0xc  Data  Lc  queuebuf.o [1]
refbufmem_memb_count    0x20002e28     0x2  Data  Lc  queuebuf.o [1]
refbufmem_memb_mem      0x200026e4    0x78  Data  Lc  queuebuf.o [1]
remove_ext_hdr          0x08000325    0x82  Code  Gb  uip6.o [1]
remove_parents          0x08005367    0x2c  Code  Lc  rpl-dag.o [1]
remove_worst_parent     0x080053bf    0x4a  Code  Lc  rpl-dag.o [1]
reset                   0x080115bb     0x2  Code  Lc  rpl-of-etx.o [1]
rime_hdr_len            0x20002e5c     0x1  Data  Lc  sicslowpan.o [1]
rime_payload_len        0x20002e5d     0x1  Data  Lc  sicslowpan.o [1]
rime_ptr                0x20002d8c     0x4  Data  Lc  sicslowpan.o [1]
rimeaddr_cmp            0x080071c1    0x28  Code  Gb  rimeaddr.o [1]
rimeaddr_copy           0x080071a9    0x18  Code  Gb  rimeaddr.o [1]
rimeaddr_node_addr      0x20002d04     0x8  Data  Gb  rimeaddr.o [1]
rimeaddr_null           0x0801240c     0x8  Data  Gb  rimeaddr.o [1]
rimeaddr_set_node_addr  0x080071e9     0xe  Code  Gb  rimeaddr.o [1]
rimestats               0x200029f8    0x48  Data  Gb  rimestats.o [1]
roundf                  0x0800cac9    0x38  Code  Gb  roundf.o [4]
routelist               0x200002dc     0x4  Data  Lc  uip-ds6-route.o [1]
routelist_list          0x20002db8     0x4  Data  Lc  uip-ds6-route.o [1]
routememb               0x20000290     0xc  Data  Lc  uip-ds6-route.o [1]
routememb_memb_count    0x20002c14    0x14  Data  Lc  uip-ds6-route.o [1]
routememb_memb_mem      0x20000fa0   0x460  Data  Lc  uip-ds6-route.o [1]
router_node_process     0x200001d8    0x10  Data  Gb  router-node.o [1]
rpl_add_dag             0x08005e13   0x116  Code  Gb  rpl-dag.o [1]
rpl_add_parent          0x08005867    0x60  Code  Gb  rpl-dag.o [1]
rpl_add_route           0x08005077    0x60  Code  Gb  rpl.o [1]
rpl_alloc_dag           0x08005755    0x86  Code  Gb  rpl-dag.o [1]
rpl_alloc_instance      0x08005711    0x44  Code  Gb  rpl-dag.o [1]
rpl_find_of             0x08005cc1    0x2c  Code  Gb  rpl-dag.o [1]
rpl_find_parent         0x080058c7    0x2e  Code  Gb  rpl-dag.o [1]
rpl_find_parent_any_dag
                        0x08005943    0x4e  Code  Gb  rpl-dag.o [1]
rpl_free_dag            0x08005833    0x34  Code  Gb  rpl-dag.o [1]
rpl_free_instance       0x080057db    0x58  Code  Gb  rpl-dag.o [1]
rpl_get_any_dag         0x08005c3b    0x42  Code  Gb  rpl-dag.o [1]
rpl_get_instance        0x08005c7d    0x44  Code  Gb  rpl-dag.o [1]
rpl_init                0x080051c5    0x52  Code  Gb  rpl.o [1]
rpl_invert_header       0x08002b15    0xb6  Code  Gb  rpl-ext-header.o [1]
rpl_ipv6_neighbor_callback
                        0x08005183    0x42  Code  Gb  rpl.o [1]
rpl_join_instance       0x08005ced   0x126  Code  Gb  rpl-dag.o [1]
rpl_link_neighbor_callback
                        0x080050d7    0xac  Code  Lc  rpl.o [1]
rpl_local_repair        0x08005fb1    0x40  Code  Gb  rpl-dag.o [1]
rpl_move_parent         0x08005bdb    0x60  Code  Gb  rpl-dag.o [1]
rpl_nullify_parent      0x08005b99    0x42  Code  Gb  rpl-dag.o [1]
rpl_of_etx              0x20000154    0x1c  Data  Gb  rpl-of-etx.o [1]
rpl_process_dio         0x080060c7   0x1e6  Code  Gb  rpl-dag.o [1]
rpl_process_parent_event
                        0x08006071    0x56  Code  Gb  rpl-dag.o [1]
rpl_purge_routes        0x08004fbd    0x4c  Code  Gb  rpl.o [1]
rpl_recalculate_ranks   0x08005ff1    0x68  Code  Gb  rpl-dag.o [1]
rpl_remove_parent       0x08005b77    0x22  Code  Gb  rpl-dag.o [1]
rpl_remove_routes       0x08005009    0x2e  Code  Gb  rpl.o [1]
rpl_remove_routes_by_nexthop
                        0x08005037    0x40  Code  Gb  rpl.o [1]
rpl_reset_dio_timer     0x0800674f    0x26  Code  Gb  rpl-timers.o [1]
rpl_reset_periodic_timer
                        0x08006729    0x26  Code  Gb  rpl-timers.o [1]
rpl_schedule_dao        0x080067bb    0x40  Code  Gb  rpl-timers.o [1]
rpl_select_dag          0x08005991   0x1a4  Code  Gb  rpl-dag.o [1]
rpl_select_parent       0x08005b35    0x42  Code  Gb  rpl-dag.o [1]
rpl_set_default_route   0x080056bb    0x56  Code  Gb  rpl-dag.o [1]
rpl_set_prefix          0x08005679    0x42  Code  Gb  rpl-dag.o [1]
rpl_set_root            0x080054d1   0x108  Code  Gb  rpl-dag.o [1]
rpl_update_header_empty
                        0x0800293d   0x102  Code  Gb  rpl-ext-header.o [1]
rpl_update_header_final
                        0x08002a3f    0xd6  Code  Gb  rpl-ext-header.o [1]
rpl_verify_header       0x08002715    0xfe  Code  Gb  rpl-ext-header.o [1]
rtimer_arch_init        0x0800ac5d    0x8e  Code  Gb  rtimer-arch.o [1]
rtimer_arch_now         0x0800aceb     0x8  Code  Gb  rtimer-arch.o [1]
rtimer_clock            0x20002d88     0x4  Data  Gb  rtimer-arch.o [1]
rtimer_init             0x08010339     0x8  Code  Gb  rtimer.o [1]
rxHead                  0x20002e18     0x2  Data  Gb  SDK_EVAL_VC_General.o [1]
rxQ                     0x20001800   0x400  Data  Gb  SDK_EVAL_VC_General.o [1]
rxUsed                  0x20002e1a     0x2  Data  Gb  SDK_EVAL_VC_General.o [1]
s                       0x20002a40    0x44  Data  Lc  tcpip.o [1]
s_cCommunicationState   0x20002e49     0x1  Data  Lc  SPIRIT_Management.o [1]
s_lVCTxBufferInIndex    0x20002d28     0x4  Data  Gb  SDK_EVAL_VC_General.o [1]
s_lVCTxBufferOutIndex   0x20002d2c     0x4  Data  Gb  SDK_EVAL_VC_General.o [1]
s_lVCTxDataLength       0x20002d30     0x4  Data  Gb  SDK_EVAL_VC_General.o [1]
s_lXtalFrequency        0x20002d3c     0x4  Data  Lc  SPIRIT_Radio.o [1]
s_nDesiredFrequency     0x20002d38     0x4  Data  Lc  SPIRIT_Management.o [1]
s_vectcBHalfFactor      0x08012454     0x4  Data  Lc  SPIRIT_Management.o [1]
s_vectcBHalfFactor      0x0801245c     0x4  Data  Lc  SPIRIT_Radio.o [1]
s_vectcBandRegValue     0x08012458     0x4  Data  Lc  SPIRIT_Management.o [1]
s_vectcBandRegValue     0x08012460     0x4  Data  Lc  SPIRIT_Radio.o [1]
s_vectcM2SGpioExtiIrqn  0x0801244c     0x4  Data  Lc  SDK_EVAL_Spirit_Gpio.o [1]
s_vectcM2SGpioExtiPinSource
                        0x08012440     0x4  Data  Lc  SDK_EVAL_Spirit_Gpio.o [1]
s_vectcM2SGpioExtiPortSource
                        0x0801243c     0x4  Data  Lc  SDK_EVAL_Spirit_Gpio.o [1]
s_vectcVCTxBuffer       0x20001400   0x400  Data  Gb  SDK_EVAL_VC_General.o [1]
s_vectlGpioClk          0x08012214    0x14  Data  Lc  SDK_EVAL_Led.o [1]
s_vectlM2SExtiLine      0x080122a0    0x10  Data  Lc  SDK_EVAL_Spirit_Gpio.o [1]
s_vectlM2SGpioClk       0x08012228    0x14  Data  Lc  SDK_EVAL_Spirit_Gpio.o [1]
s_vectnBandwidth26M     0x08011a08    0xb4  Data  Lc  SPIRIT_Radio.o [1]
s_vectnGpioPin          0x08012300     0xc  Data  Lc  SDK_EVAL_Led.o [1]
s_vectnM2SGpioPin       0x0801230c     0xc  Data  Lc  SDK_EVAL_Spirit_Gpio.o [1]
s_vectnVCOFreq          0x080120b0    0x20  Data  Lc  SPIRIT_Radio.o [1]
s_vectxDigipotAddress   0x0800496a     0x2  Data  Lc  SDK_EVAL_PM.o [1]
s_vectxM2SGpioExtiTrigger
                        0x08012448     0x4  Data  Lc  SDK_EVAL_Spirit_Gpio.o [1]
s_vectxM2SGpioOType     0x080123dc     0x8  Data  Lc  SDK_EVAL_Spirit_Gpio.o [1]
s_vectxM2SGpioPuPd      0x080123d4     0x8  Data  Lc  SDK_EVAL_Spirit_Gpio.o [1]
s_vectxM2SGpioSpeed     0x080123cc     0x8  Data  Lc  SDK_EVAL_Spirit_Gpio.o [1]
s_vectxM2sGpioExtiMode  0x08012444     0x4  Data  Lc  SDK_EVAL_Spirit_Gpio.o [1]
s_xRfBoardIdentification
                        0x20000218     0xc  Data  Lc  SPIRIT_Management.o [1]
s_xSpiritVersion        0x20002e47     0x1  Data  Lc  SPIRIT_General.o [1]
s_xTIM3Ch4CompareModeRaised
                        0x20002e48     0x1  Data  Lc  SPIRIT_Management.o [1]
sbox                    0x08011820   0x100  Data  Lc  aes.o [1]
seconds                 0x20002d44     0x4  Data  Lc  clock.o [1]
send_list               0x08010b8f    0x20  Code  Lc  nullrdc.o [1]
send_packet             0x08010871   0x132  Code  Lc  csma.o [1]
send_packet             0x08010a39   0x156  Code  Lc  nullrdc.o [1]
send_packet             0x0800825f    0x20  Code  Lc  sicslowpan.o [1]
set16                   0x08003e5f     0xe  Code  Lc  rpl-icmp6.o [1]
set32                   0x08003e39    0x18  Code  Lc  rpl-icmp6.o [1]
set_attr                0x08007237    0x34  Code  Lc  neighbor-attr.o [1]
set_ip_from_prefix      0x080055d9    0x2e  Code  Lc  rpl-dag.o [1]
set_packet_attrs        0x080073b5    0x8a  Code  Lc  sicslowpan.o [1]
set_rime_addr           0x0800ff65    0x44  Code  Lc  contiki-spirit1-main.o [1]
set_rpl_opt             0x08002813   0x12a  Code  Lc  rpl-ext-header.o [1]
should_send_dao         0x08005409    0x34  Code  Lc  rpl-dag.o [1]
sicslowpan_aligned_buf  0x20002000   0x118  Data  Lc  sicslowpan.o [1]
sicslowpan_driver       0x080123a8     0xc  Data  Gb  sicslowpan.o [1]
sicslowpan_init         0x080088e5    0x3a  Code  Gb  sicslowpan.o [1]
sicslowpan_len          0x20002e2c     0x2  Data  Lc  sicslowpan.o [1]
simple_rpl_init_dag     0x080117ed    0x18  Code  Gb  simple-rpl.o [1]
simple_rpl_init_dag_immediately
                        0x0801170d    0xe0  Code  Gb  simple-rpl.o [1]
spirit1_arch_refresh_status
                        0x0800ad15    0x82  Code  Gb  spirit1-arch.o [1]
spirit1_interrupt_callback
                        0x0800c92d   0x11a  Code  Gb  spirit1.o [1]
spirit1_strobe          0x0800c0cd     0xe  Code  Lc  spirit1.o [1]
spirit_on               0x200002d8     0x4  Data  Lc  spirit1.o [1]
spirit_radio_channel_clear
                        0x0800c579    0xe4  Code  Lc  spirit1.o [1]
spirit_radio_driver     0x08011fb4    0x2c  Data  Gb  spirit1.o [1]
spirit_radio_init       0x0800c19d   0x156  Code  Lc  spirit1.o [1]
spirit_radio_off        0x0800c679    0xa8  Code  Lc  spirit1.o [1]
spirit_radio_on         0x0800c721    0xaa  Code  Lc  spirit1.o [1]
spirit_radio_pending_packet
                        0x0800c665    0x14  Code  Lc  spirit1.o [1]
spirit_radio_prepare    0x0800c2f3    0xa6  Code  Lc  spirit1.o [1]
spirit_radio_process    0x200001e8    0x10  Data  Gb  spirit1.o [1]
spirit_radio_read       0x0800c52d    0x4c  Code  Lc  spirit1.o [1]
spirit_radio_receiving_packet
                        0x0800c65d     0x8  Code  Lc  spirit1.o [1]
spirit_radio_send       0x0800c50b    0x22  Code  Lc  spirit1.o [1]
spirit_radio_transmit   0x0800c399   0x172  Code  Lc  spirit1.o [1]
spirit_rxbuf            0x200027cc    0x64  Data  Lc  spirit1.o [1]
spirit_txbuf            0x20002e61     0x1  Data  Lc  spirit1.o [1]
srand                   0x08006f49    0x20  Code  Gb  srand.o [3]
start_periodic_tcp_timer
                        0x08003011    0x18  Code  Lc  tcpip.o [1]
stimer_expired          0x08004f85    0x22  Code  Gb  stimer.o [1]
stimer_set              0x08004f75    0x10  Code  Gb  stimer.o [1]
strchr                  0x08008fd1          Code  Gb  strchr.o [5]
strlen                  0x08008fe9          Code  Gb  strlen.o [5]
subscriber_callback     0x20002d68     0x4  Data  Lc  neighbor-info.o [1]
tcpip_event             0x20002e62     0x1  Data  Gb  tcpip.o [1]
tcpip_input             0x080031e3    0x1a  Code  Gb  tcpip.o [1]
tcpip_ipv6_output       0x080031fd   0x170  Code  Gb  tcpip.o [1]
tcpip_output            0x08002fe5    0x24  Code  Gb  tcpip.o [1]
tcpip_process           0x20000208    0x10  Data  Gb  tcpip.o [1]
tcpip_set_outputfunc    0x08003009     0x8  Code  Gb  tcpip.o [1]
tcpip_uipcall           0x0800336d    0x7a  Code  Gb  tcpip.o [1]
ticks                   0x20002d48     0x4  Data  Lc  clock.o [1]
timer_expired           0x08006cc5    0x1e  Code  Gb  timer.o [1]
timer_reset             0x08006caf     0xa  Code  Gb  timer.o [1]
timer_restart           0x08006cb9     0xc  Code  Gb  timer.o [1]
timer_set               0x08006c9f    0x10  Code  Gb  timer.o [1]
timerlist               0x20002d54     0x4  Data  Lc  etimer.o [1]
tmp16                   0x20002e3c     0x2  Data  Lc  uip6.o [1]
tmp_ipaddr              0x20002c98    0x10  Data  Lc  uip-icmp6.o [1]
to_become_root          0x20002e5f     0x1  Data  Lc  simple-rpl.o [1]
transmit_packet_list    0x080106dd    0x26  Code  Lc  csma.o [1]
ttl_values              0x08012474     0x4  Data  Lc  sicslowpan.o [1]
uip_acc32               0x20002dfc     0x4  Data  Gb  uip6.o [1]
uip_add32               0x080000f5    0xac  Code  Gb  uip6.o [1]
uip_add_rcv_nxt         0x080003e1    0x46  Code  Lc  uip6.o [1]
uip_aligned_buf         0x20002118   0x118  Data  Gb  uip6.o [1]
uip_appdata             0x20002dec     0x4  Data  Gb  uip6.o [1]
uip_conn                0x20002df4     0x4  Data  Gb  uip6.o [1]
uip_conns               0x200024ec    0xc0  Data  Gb  uip6.o [1]
uip_debug_ipaddr_print  0x08011b81    0x5c  Code  Gb  uip-debug.o [1]
uip_ds6_addr_add        0x080022cd    0xe4  Code  Gb  uip-ds6.o [1]
uip_ds6_addr_lookup     0x08002433    0x2c  Code  Gb  uip-ds6.o [1]
uip_ds6_addr_rm         0x080023b1    0x82  Code  Gb  uip-ds6.o [1]
uip_ds6_addr_size       0x20002e66     0x1  Data  Gb  uip-ds6.o [1]
uip_ds6_compute_reachable_time
                        0x08002657    0x36  Code  Gb  uip-ds6.o [1]
uip_ds6_defrt_add       0x08004bc3    0x5c  Code  Gb  uip-ds6-route.o [1]
uip_ds6_defrt_choose    0x08004c91    0x3e  Code  Gb  uip-ds6-route.o [1]
uip_ds6_defrt_lookup    0x08004c5f    0x32  Code  Gb  uip-ds6-route.o [1]
uip_ds6_defrt_periodic  0x08004ccf    0x40  Code  Gb  uip-ds6-route.o [1]
uip_ds6_defrt_rm        0x08004c1f    0x40  Code  Gb  uip-ds6-route.o [1]
uip_ds6_get_link_local  0x0800245f    0x62  Code  Gb  uip-ds6.o [1]
uip_ds6_if              0x20002230   0x108  Data  Gb  uip-ds6.o [1]
uip_ds6_init            0x08001c5d   0x16c  Code  Gb  uip-ds6.o [1]
uip_ds6_is_addr_onlink  0x0800226d    0x60  Code  Gb  uip-ds6.o [1]
uip_ds6_list_loop       0x08001ffd    0x6a  Code  Gb  uip-ds6.o [1]
uip_ds6_maddr_add       0x080024c1    0x3c  Code  Gb  uip-ds6.o [1]
uip_ds6_maddr_lookup    0x08002507    0x26  Code  Gb  uip-ds6.o [1]
uip_ds6_maddr_rm        0x080024fd     0xa  Code  Gb  uip-ds6.o [1]
uip_ds6_nbr_add         0x08002067   0x134  Code  Gb  uip-ds6.o [1]
uip_ds6_nbr_cache       0x20000988   0x618  Data  Gb  uip-ds6.o [1]
uip_ds6_nbr_lookup      0x080021af    0x38  Code  Gb  uip-ds6.o [1]
uip_ds6_nbr_rm          0x0800219b    0x14  Code  Gb  uip-ds6.o [1]
uip_ds6_netif_addr_list_offset
                        0x20002e67     0x1  Data  Gb  uip-ds6.o [1]
uip_ds6_periodic        0x08001dc9   0x234  Code  Gb  uip-ds6.o [1]
uip_ds6_prefix_add      0x080021e7    0x86  Code  Gb  uip-ds6.o [1]
uip_ds6_prefix_list     0x20002950    0x60  Data  Gb  uip-ds6.o [1]
uip_ds6_route_add       0x08004abf    0x72  Code  Gb  uip-ds6-route.o [1]
uip_ds6_route_init      0x08004a3b    0x28  Code  Gb  uip-ds6-route.o [1]
uip_ds6_route_list_head
                        0x08004a63     0xc  Code  Gb  uip-ds6-route.o [1]
uip_ds6_route_lookup    0x08004a6f    0x50  Code  Gb  uip-ds6-route.o [1]
uip_ds6_route_rm        0x08004b31    0x42  Code  Gb  uip-ds6-route.o [1]
uip_ds6_route_rm_by_nexthop
                        0x08004b73    0x50  Code  Gb  uip-ds6-route.o [1]
uip_ds6_select_src      0x0800252d    0xc4  Code  Gb  uip-ds6.o [1]
uip_ds6_set_addr_iid    0x080025f1    0x1c  Code  Gb  uip-ds6.o [1]
uip_ds6_timer_periodic  0x20002c78    0x10  Data  Gb  uip-ds6.o [1]
uip_ext_bitmap          0x20002e69     0x1  Data  Gb  uip6.o [1]
uip_ext_len             0x20002e6a     0x1  Data  Gb  uip6.o [1]
uip_ext_opt_offset      0x20002e6b     0x1  Data  Gb  uip6.o [1]
uip_flags               0x20002e6c     0x1  Data  Gb  uip6.o [1]
uip_htonl               0x08001bfd    0x20  Code  Gb  uip6.o [1]
uip_htons               0x08001bf1     0xc  Code  Gb  uip6.o [1]
uip_icmp6_echo_request_input
                        0x08002be1   0x19c  Code  Gb  uip-icmp6.o [1]
uip_icmp6_error_output  0x08002d7d   0x1bc  Code  Gb  uip-icmp6.o [1]
uip_icmp6_send          0x08002f39    0x8e  Code  Gb  uip-icmp6.o [1]
uip_icmp6chksum         0x08000257     0xa  Code  Gb  uip6.o [1]
uip_init                0x08000275    0xb0  Code  Gb  uip6.o [1]
uip_len                 0x20002e36     0x2  Data  Gb  uip6.o [1]
uip_listenports         0x20002ca8    0x10  Data  Gb  uip6.o [1]
uip_lladdr              0x20002d1c     0x8  Data  Gb  uip6.o [1]
uip_nd6_na_input        0x08003ae7   0x29a  Code  Gb  uip-nd6.o [1]
uip_nd6_ns_input        0x080034f3   0x3f4  Code  Gb  uip-nd6.o [1]
uip_nd6_ns_output       0x080038e7   0x200  Code  Gb  uip-nd6.o [1]
uip_next_hdr            0x20002de8     0x4  Data  Gb  uip6.o [1]
uip_process             0x08000571  0x1678  Code  Gb  uip6.o [1]
uip_rpl_input           0x080048ab    0x3e  Code  Gb  rpl-icmp6.o [1]
uip_sappdata            0x20002df0     0x4  Data  Gb  uip6.o [1]
uip_slen                0x20002e38     0x2  Data  Gb  uip6.o [1]
uip_tcpchksum           0x08000261     0xa  Code  Gb  uip6.o [1]
uip_udp_conn            0x20002e00     0x4  Data  Gb  uip6.o [1]
uip_udp_conns           0x20001e80   0x180  Data  Gb  uip6.o [1]
uip_udpchksum           0x0800026b     0xa  Code  Gb  uip6.o [1]
uip_unlisten            0x080003a7    0x3a  Code  Gb  uip6.o [1]
unc_ctxconf             0x0801246c     0x4  Data  Gb  sicslowpan.o [1]
unc_llconf              0x08012468     0x4  Data  Gb  sicslowpan.o [1]
unc_mxconf              0x08012470     0x4  Data  Gb  sicslowpan.o [1]
uncomp_hdr_len          0x20002e5e     0x1  Data  Lc  sicslowpan.o [1]
uncompress_addr         0x08007585    0xec  Code  Lc  sicslowpan.o [1]
uncompress_hdr_hc06     0x08007d15   0x4d2  Code  Lc  sicslowpan.o [1]
update_metric           0x08006ce5    0x9c  Code  Lc  neighbor-info.o [1]
update_metric_container
                        0x080116b7    0x3e  Code  Lc  rpl-of-etx.o [1]
update_time             0x08004d3d    0x50  Code  Lc  etimer.o [1]
upper_layer_chksum      0x080001e7    0x70  Code  Lc  uip6.o [1]
vectpxGpioPort          0x20000170    0x14  Data  Gb  SDK_EVAL_Led.o [1]
vectpxM2SGpioPort       0x20000184    0x14  Data  Gb  SDK_EVAL_Spirit_Gpio.o [1]
wInterrupt_Mask         0x20002e3e     0x2  Data  Gb  usb_init.o [1]
wIstr                   0x20002e1c     0x2  Data  Gb  SDK_EVAL_VC_Istr.o [1]
wants_an_ack            0x20002da0     0x4  Data  Lc  spirit1.o [1]
watchdog_init           0x080089b9     0x2  Code  Gb  watchdog.o [1]
watchdog_periodic       0x080089bd     0x2  Code  Gb  watchdog.o [1]
watchdog_start          0x080089bb     0x2  Code  Gb  watchdog.o [1]
watchdog_stop           0x080089bf     0x2  Code  Gb  watchdog.o [1]
xLinecoding             0x200002a8     0x8  Data  Gb  SDK_EVAL_VC_Prop.o [1]


[1] = C:\cygwin\home\Administrator\thingsquare-mist-1.0.1\build\iar\stm32l1xx\Debug\Obj
[2] = command line
[3] = dl7M_tln.a
[4] = m7M_tl.a
[5] = rt7M_tl.a
[6] = shb_l.a

  72 998 bytes of readonly  code memory
   2 664 bytes of readonly  data memory
  13 935 bytes of readwrite data memory

Errors: none
Warnings: 2
